npm warn Unknown env config "http-proxy". This will stop working in the next major version of npm.

> mond-crpg-adventure@0.16.27 test:browser
> node tests/test_online_browser.mjs

node:internal/modules/run_main:107
    triggerUncaughtException(
    ^

browserType.launch: Target page, context or browser has been closed
Browser logs:

<launching> /root/.cache/ms-playwright/chromium-1161/chrome-linux/chrome --disable-field-trial-config --disable-background-networking --disable-background-timer-throttling --disable-backgrounding-occluded-windows --disable-back-forward-cache --disable-breakpad --disable-client-side-phishing-detection --disable-component-extensions-with-background-pages --disable-component-update --no-default-browser-check --disable-default-apps --disable-dev-shm-usage --disable-extensions --disable-features=AcceptCHFrame,AutoExpandDetailsElement,AvoidUnnecessaryBeforeUnloadCheckSync,CertificateTransparencyComponentUpdater,DeferRendererTasksAfterInput,DestroyProfileOnBrowserClose,DialMediaRouteProvider,ExtensionManifestV2Disabled,GlobalMediaControls,HttpsUpgrades,ImprovedCookieControls,LazyFrameLoading,LensOverlay,MediaRouter,PaintHolding,ThirdPartyStoragePartitioning,Translate --allow-pre-commit-input --disable-hang-monitor --disable-ipc-flooding-protection --disable-popup-blocking --disable-prompt-on-repost --disable-renderer-backgrounding --force-color-profile=srgb --metrics-recording-only --no-first-run --enable-automation --password-store=basic --use-mock-keychain --no-service-autorun --export-tagged-pdf --disable-search-engine-choice-screen --unsafely-disable-devtools-self-xss-warnings --headless --hide-scrollbars --mute-audio --blink-settings=primaryHoverType=2,availableHoverTypes=2,primaryPointerType=4,availablePointerTypes=4 --no-sandbox --no-sandbox --user-data-dir=/tmp/playwright_chromiumdev_profile-gRE1x6 --remote-debugging-pipe --no-startup-window
<launched> pid=134
[pid=134][err] [134:134:1011/040234.925574:FATAL:process_singleton_posix.cc(292)] Check failed: . socket() failed: Operation not permitted (1)
[pid=134][err] [1011/040234.925808:ERROR:scoped_ptrace_attach.cc(27)] ptrace: Operation not permitted (1)
[pid=134][err] [1011/040234.925899:ERROR:directory_reader_posix.cc(43)] opendir /proc/134/task: No such file or directory (2)
Call log:
[2m  - <launching> /root/.cache/ms-playwright/chromium-1161/chrome-linux/chrome --disable-field-trial-config --disable-background-networking --disable-background-timer-throttling --disable-backgrounding-occluded-windows --disable-back-forward-cache --disable-breakpad --disable-client-side-phishing-detection --disable-component-extensions-with-background-pages --disable-component-update --no-default-browser-check --disable-default-apps --disable-dev-shm-usage --disable-extensions --disable-features=AcceptCHFrame,AutoExpandDetailsElement,AvoidUnnecessaryBeforeUnloadCheckSync,CertificateTransparencyComponentUpdater,DeferRendererTasksAfterInput,DestroyProfileOnBrowserClose,DialMediaRouteProvider,ExtensionManifestV2Disabled,GlobalMediaControls,HttpsUpgrades,ImprovedCookieControls,LazyFrameLoading,LensOverlay,MediaRouter,PaintHolding,ThirdPartyStoragePartitioning,Translate --allow-pre-commit-input --disable-hang-monitor --disable-ipc-flooding-protection --disable-popup-blocking --disable-prompt-on-repost --disable-renderer-backgrounding --force-color-profile=srgb --metrics-recording-only --no-first-run --enable-automation --password-store=basic --use-mock-keychain --no-service-autorun --export-tagged-pdf --disable-search-engine-choice-screen --unsafely-disable-devtools-self-xss-warnings --headless --hide-scrollbars --mute-audio --blink-settings=primaryHoverType=2,availableHoverTypes=2,primaryPointerType=4,availablePointerTypes=4 --no-sandbox --no-sandbox --user-data-dir=/tmp/playwright_chromiumdev_profile-gRE1x6 --remote-debugging-pipe --no-startup-window[22m
[2m  - <launched> pid=134[22m
[2m  - [pid=134][err] [134:134:1011/040234.925574:FATAL:process_singleton_posix.cc(292)] Check failed: . socket() failed: Operation not permitted (1)[22m
[2m  - [pid=134][err] [1011/040234.925808:ERROR:scoped_ptrace_attach.cc(27)] ptrace: Operation not permitted (1)[22m
[2m  - [pid=134][err] [1011/040234.925899:ERROR:directory_reader_posix.cc(43)] opendir /proc/134/task: No such file or directory (2)[22m

    at /workspace/scratch/a62414469990/balance-v01627-work/tests/test_online_browser.mjs:15:30

Node.js v24.19.0
