{"boss":"BOSS_ANDRIUS","investment":"FOUR_C6","state":"WIN","rounds":3,"inputs":3,"seconds":74.12,"cpu":0.17,"hp":0.63011,"ko":[],"admission":{"BOSS_ANDRIUS":20736}}
{"boss":"BOSS_ANDRIUS","investment":"FOUR_C6","state":"WIN","rounds":3,"inputs":3,"seconds":74.12,"cpu":0.12,"hp":0.53776,"ko":[],"admission":{"BOSS_ANDRIUS":20736}}
{"boss":"BOSS_ANDRIUS","investment":"FOUR_C6","state":"WIN","rounds":3,"inputs":3,"seconds":76.34,"cpu":0.1,"hp":0.51404,"ko":[],"admission":{"BOSS_ANDRIUS":20736}}
{"boss":"BOSS_ANDRIUS","investment":"FOUR_C6","state":"WIN","rounds":3,"inputs":3,"seconds":73.01,"cpu":0.1,"hp":0.64438,"ko":[],"admission":{"BOSS_ANDRIUS":20736}}
{"boss":"BOSS_ANDRIUS","investment":"FOUR_C6","state":"WIN","rounds":3,"inputs":3,"seconds":74.12,"cpu":0.14,"hp":0.61895,"ko":[],"admission":{"BOSS_ANDRIUS":20736}}
{"boss":"BOSS_ANDRIUS","investment":"FOUR_C6","state":"WIN","rounds":4,"inputs":3,"seconds":75.23,"cpu":0.1,"hp":0.74959,"ko":[],"admission":{"BOSS_ANDRIUS":20736}}
{"boss":"BOSS_ANDRIUS","investment":"FIVE_C0","state":"WIN","rounds":6,"inputs":6,"seconds":95.66,"cpu":0.19,"hp":0.71549,"ko":[],"admission":{"BOSS_ANDRIUS":20736}}
{"boss":"BOSS_ANDRIUS","investment":"FIVE_C0","state":"WIN","rounds":6,"inputs":4,"seconds":88.55,"cpu":0.18,"hp":0.65193,"ko":["PLAYER_CUSTOM"],"admission":{"BOSS_ANDRIUS":20736}}
{"boss":"BOSS_ANDRIUS","investment":"FIVE_C0","state":"WIN","rounds":7,"inputs":6,"seconds":111.2,"cpu":0.16,"hp":0.85232,"ko":[],"admission":{"BOSS_ANDRIUS":20736}}
{"boss":"BOSS_ANDRIUS","investment":"FIVE_C0","state":"WIN","rounds":7,"inputs":6,"seconds":106.76,"cpu":0.23,"hp":0.9058,"ko":[],"admission":{"BOSS_ANDRIUS":20736}}
{"boss":"BOSS_ANDRIUS","investment":"FIVE_C0","state":"WIN","rounds":7,"inputs":6,"seconds":112.31,"cpu":0.24,"hp":0.75517,"ko":[],"admission":{"BOSS_ANDRIUS":20736}}
{"boss":"BOSS_ANDRIUS","investment":"FIVE_C0","state":"WIN","rounds":7,"inputs":7,"seconds":116.29,"cpu":0.21,"hp":0.65442,"ko":[],"admission":{"BOSS_ANDRIUS":20736}}
{"boss":"BOSS_DVALIN","investment":"FOUR_C6","state":"DEFEAT","rounds":8,"inputs":8,"seconds":151.08,"cpu":0.15,"hp":0,"ko":["MOND_DIONA","LIYUE_XIANGLING","MOND_FISCHL","PLAYER_CUSTOM"],"admission":{"BOSS_DVALIN":20736}}
{"boss":"BOSS_DVALIN","investment":"FOUR_C6","state":"DEFEAT","rounds":8,"inputs":8,"seconds":156.63,"cpu":0.13,"hp":0,"ko":["MOND_DIONA","LIYUE_XIANGLING","MOND_FISCHL","PLAYER_CUSTOM"],"admission":{"BOSS_DVALIN":20736}}
{"boss":"BOSS_DVALIN","investment":"FOUR_C6","state":"DEFEAT","rounds":8,"inputs":8,"seconds":153.3,"cpu":0.14,"hp":0,"ko":["MOND_DIONA","LIYUE_XIANGLING","MOND_FISCHL","PLAYER_CUSTOM"],"admission":{"BOSS_DVALIN":20736}}
{"boss":"BOSS_DVALIN","investment":"FOUR_C6","state":"WIN","rounds":4,"inputs":3,"seconds":67.2,"cpu":0.1,"hp":0.78721,"ko":[],"admission":{"BOSS_DVALIN":20736}}
{"boss":"BOSS_DVALIN","investment":"FOUR_C6","state":"WIN","rounds":4,"inputs":3,"seconds":67.2,"cpu":0.09,"hp":0.82766,"ko":[],"admission":{"BOSS_DVALIN":20736}}
{"boss":"BOSS_DVALIN","investment":"FOUR_C6","state":"WIN","rounds":3,"inputs":3,"seconds":64.98,"cpu":0.09,"hp":0.8345,"ko":[],"admission":{"BOSS_DVALIN":20736}}
{"boss":"BOSS_DVALIN","investment":"FIVE_C0","state":"DEFEAT","rounds":8,"inputs":8,"seconds":153.3,"cpu":0.12,"hp":0,"ko":["LIYUE_ZHONGLI","MOND_DILUC","MOND_JEAN","PLAYER_CUSTOM"],"admission":{"BOSS_DVALIN":20736}}
{"boss":"BOSS_DVALIN","investment":"FIVE_C0","state":"DEFEAT","rounds":8,"inputs":8,"seconds":153.3,"cpu":0.11,"hp":0,"ko":["LIYUE_ZHONGLI","MOND_DILUC","MOND_JEAN","PLAYER_CUSTOM"],"admission":{"BOSS_DVALIN":20736}}
{"boss":"BOSS_DVALIN","investment":"FIVE_C0","state":"DEFEAT","rounds":8,"inputs":8,"seconds":153.3,"cpu":0.12,"hp":0,"ko":["LIYUE_ZHONGLI","MOND_DILUC","MOND_JEAN","PLAYER_CUSTOM"],"admission":{"BOSS_DVALIN":20736}}
{"boss":"BOSS_DVALIN","investment":"FIVE_C0","state":"WIN","rounds":8,"inputs":8,"seconds":105.97,"cpu":0.22,"hp":0.68797,"ko":[],"admission":{"BOSS_DVALIN":20736}}
{"boss":"BOSS_DVALIN","investment":"FIVE_C0","state":"WIN","rounds":8,"inputs":7,"seconds":97.42,"cpu":0.21,"hp":0.85951,"ko":[],"admission":{"BOSS_DVALIN":20736}}
{"boss":"BOSS_DVALIN","investment":"FIVE_C0","state":"WIN","rounds":7,"inputs":7,"seconds":89.78,"cpu":0.21,"hp":0.85367,"ko":[],"admission":{"BOSS_DVALIN":20736}}
{"boss":"BOSS_TARTAGLIA","investment":"FOUR_C6","state":"WIN","rounds":8,"inputs":3,"seconds":85.81,"cpu":0.17,"hp":0.65189,"ko":["PLAYER_CUSTOM"],"admission":{"FARM_TARTAGLIA":20736}}
{"boss":"BOSS_TARTAGLIA","investment":"FOUR_C6","state":"WIN","rounds":6,"inputs":6,"seconds":92.46,"cpu":0.2,"hp":0.6911,"ko":[],"admission":{"FARM_TARTAGLIA":20736}}
{"boss":"BOSS_TARTAGLIA","investment":"FOUR_C6","state":"WIN","rounds":9,"inputs":7,"seconds":105.32,"cpu":0.25,"hp":0.58705,"ko":["MOND_DAHLIA"],"admission":{"FARM_TARTAGLIA":20736}}
{"boss":"BOSS_TARTAGLIA","investment":"FOUR_C6","state":"WIN","rounds":6,"inputs":6,"seconds":92.46,"cpu":0.19,"hp":0.61552,"ko":[],"admission":{"FARM_TARTAGLIA":20736}}
{"boss":"BOSS_TARTAGLIA","investment":"FOUR_C6","state":"WIN","rounds":9,"inputs":8,"seconds":114.13,"cpu":0.19,"hp":0.44814,"ko":["MOND_BENNETT"],"admission":{"FARM_TARTAGLIA":20736}}
{"boss":"BOSS_TARTAGLIA","investment":"FOUR_C6","state":"WIN","rounds":9,"inputs":7,"seconds":105.32,"cpu":0.22,"hp":0.58705,"ko":["MOND_DAHLIA"],"admission":{"FARM_TARTAGLIA":20736}}
{"boss":"BOSS_TARTAGLIA","investment":"FIVE_C0","state":"WIN","rounds":8,"inputs":7,"seconds":87.04,"cpu":0.23,"hp":0.88811,"ko":[],"admission":{"FARM_TARTAGLIA":20736}}
{"boss":"BOSS_TARTAGLIA","investment":"FIVE_C0","state":"WIN","rounds":9,"inputs":9,"seconds":104.14,"cpu":0.21,"hp":0.85087,"ko":[],"admission":{"FARM_TARTAGLIA":20736}}
{"boss":"BOSS_TARTAGLIA","investment":"FIVE_C0","state":"WIN","rounds":8,"inputs":7,"seconds":83.71,"cpu":0.23,"hp":0.9467,"ko":[],"admission":{"FARM_TARTAGLIA":20736}}
{"boss":"BOSS_TARTAGLIA","investment":"FIVE_C0","state":"WIN","rounds":8,"inputs":7,"seconds":87.04,"cpu":0.23,"hp":0.88811,"ko":[],"admission":{"FARM_TARTAGLIA":20736}}
{"boss":"BOSS_TARTAGLIA","investment":"FIVE_C0","state":"WIN","rounds":9,"inputs":9,"seconds":104.14,"cpu":0.25,"hp":0.85087,"ko":[],"admission":{"FARM_TARTAGLIA":20736}}
{"boss":"BOSS_TARTAGLIA","investment":"FIVE_C0","state":"WIN","rounds":8,"inputs":7,"seconds":83.71,"cpu":0.23,"hp":0.9467,"ko":[],"admission":{"FARM_TARTAGLIA":20736}}
{"boss":"BOSS_AZHDAHA","investment":"FOUR_C6","state":"WIN","rounds":9,"inputs":8,"seconds":129.35,"cpu":0.37,"hp":0.60287,"ko":[],"admission":{"FARM_AZHDAHA":20736}}
{"boss":"BOSS_AZHDAHA","investment":"FOUR_C6","state":"DEFEAT","rounds":4,"inputs":3,"seconds":117.8,"cpu":0.14,"hp":0,"ko":["MOND_DAHLIA","LIYUE_XIANGLING","MOND_BENNETT","PLAYER_CUSTOM"],"admission":{"FARM_AZHDAHA":20736}}
{"boss":"BOSS_AZHDAHA","investment":"FOUR_C6","state":"WIN","rounds":9,"inputs":9,"seconds":131.37,"cpu":0.34,"hp":0.51068,"ko":[],"admission":{"FARM_AZHDAHA":20736}}
{"boss":"BOSS_AZHDAHA","investment":"FOUR_C6","state":"WIN","rounds":12,"inputs":12,"seconds":180.2,"cpu":0.44,"hp":0.59742,"ko":[],"admission":{"FARM_AZHDAHA":20736}}
{"boss":"BOSS_AZHDAHA","investment":"FOUR_C6","state":"DEFEAT","rounds":4,"inputs":3,"seconds":117.8,"cpu":0.12,"hp":0,"ko":["MOND_DAHLIA","LIYUE_XIANGLING","MOND_BENNETT","PLAYER_CUSTOM"],"admission":{"FARM_AZHDAHA":20736}}
{"boss":"BOSS_AZHDAHA","investment":"FOUR_C6","state":"WIN","rounds":14,"inputs":13,"seconds":201.68,"cpu":0.45,"hp":0.68601,"ko":[],"admission":{"FARM_AZHDAHA":20736}}
{"boss":"BOSS_AZHDAHA","investment":"FIVE_C0","state":"WIN","rounds":5,"inputs":5,"seconds":57.99,"cpu":0.14,"hp":0.98267,"ko":[],"admission":{"FARM_AZHDAHA":20736}}
{"boss":"BOSS_AZHDAHA","investment":"FIVE_C0","state":"WIN","rounds":5,"inputs":5,"seconds":66.87,"cpu":0.16,"hp":0.93049,"ko":[],"admission":{"FARM_AZHDAHA":20736}}
{"boss":"BOSS_AZHDAHA","investment":"FIVE_C0","state":"WIN","rounds":6,"inputs":6,"seconds":68.5,"cpu":0.18,"hp":1,"ko":[],"admission":{"FARM_AZHDAHA":20736}}
{"boss":"BOSS_AZHDAHA","investment":"FIVE_C0","state":"WIN","rounds":5,"inputs":5,"seconds":57.99,"cpu":0.13,"hp":0.98267,"ko":[],"admission":{"FARM_AZHDAHA":20736}}
{"boss":"BOSS_AZHDAHA","investment":"FIVE_C0","state":"WIN","rounds":6,"inputs":5,"seconds":74.64,"cpu":0.18,"hp":0.969,"ko":[],"admission":{"FARM_AZHDAHA":20736}}
{"boss":"BOSS_AZHDAHA","investment":"FIVE_C0","state":"WIN","rounds":6,"inputs":6,"seconds":68.5,"cpu":0.17,"hp":1,"ko":[],"admission":{"FARM_AZHDAHA":20736}}
{"out":"/workspace/scratch/a62414469990/v01624-daily-work/final_product_native","fingerprint":"840ef8955b08346d086de5b39ab87d918123ab4ce2dc0c292f080827fc4bafdc","conditions":48,"wins":40,"defeats":8,"limits":0,"entryBlocked":0,"errors":[],"inputs":123,"drift":[]}
