{"tier":1,"region":"몬드","kind":"WEALTH","team":"story4","victory":true,"seconds":27.439999999999998,"mora":1800,"heroBooks":0}
{"tier":1,"region":"몬드","kind":"WEALTH","team":"healer4","victory":true,"seconds":64.19,"mora":1800,"heroBooks":0}
{"tier":1,"region":"몬드","kind":"REVELATION","team":"story4","victory":true,"seconds":32.86,"mora":0,"heroBooks":6}
{"tier":1,"region":"몬드","kind":"REVELATION","team":"healer4","victory":true,"seconds":58.64,"mora":0,"heroBooks":6}
{"tier":1,"region":"리월","kind":"WEALTH","team":"story4","victory":true,"seconds":40.43,"mora":1800,"heroBooks":0}
{"tier":1,"region":"리월","kind":"WEALTH","team":"healer4","victory":true,"seconds":67.19,"mora":1800,"heroBooks":0}
{"tier":1,"region":"리월","kind":"REVELATION","team":"story4","victory":true,"seconds":27.439999999999998,"mora":0,"heroBooks":6}
{"tier":1,"region":"리월","kind":"REVELATION","team":"healer4","victory":true,"seconds":56.88,"mora":0,"heroBooks":6}
{"tier":2,"region":"몬드","kind":"WEALTH","team":"story4","victory":true,"seconds":30.77,"mora":5000,"heroBooks":0}
{"tier":2,"region":"몬드","kind":"WEALTH","team":"healer4","victory":true,"seconds":74.83,"mora":5000,"heroBooks":0}
{"tier":2,"region":"몬드","kind":"REVELATION","team":"story4","victory":true,"seconds":52.05,"mora":0,"heroBooks":18}
{"tier":2,"region":"몬드","kind":"REVELATION","team":"healer4","victory":true,"seconds":80.05,"mora":0,"heroBooks":18}
{"tier":2,"region":"리월","kind":"WEALTH","team":"story4","victory":true,"seconds":65.82,"mora":5000,"heroBooks":0}
{"tier":2,"region":"리월","kind":"WEALTH","team":"healer4","victory":true,"seconds":100.35,"mora":5000,"heroBooks":0}
{"tier":2,"region":"리월","kind":"REVELATION","team":"story4","victory":true,"seconds":28.55,"mora":0,"heroBooks":18}
{"tier":2,"region":"리월","kind":"REVELATION","team":"healer4","victory":true,"seconds":73.72,"mora":0,"heroBooks":18}
{"tier":3,"region":"몬드","kind":"WEALTH","team":"story4","victory":true,"seconds":21.240000000000002,"mora":14000,"heroBooks":0}
{"tier":3,"region":"몬드","kind":"WEALTH","team":"healer4","victory":true,"seconds":65.43,"mora":14000,"heroBooks":0}
{"tier":3,"region":"몬드","kind":"REVELATION","team":"story4","victory":true,"seconds":32.86,"mora":0,"heroBooks":50}
{"tier":3,"region":"몬드","kind":"REVELATION","team":"healer4","victory":true,"seconds":67.06,"mora":0,"heroBooks":50}
{"tier":3,"region":"리월","kind":"WEALTH","team":"story4","victory":true,"seconds":40.43,"mora":14000,"heroBooks":0}
{"tier":3,"region":"리월","kind":"WEALTH","team":"healer4","victory":true,"seconds":93.03999999999999,"mora":14000,"heroBooks":0}
{"tier":3,"region":"리월","kind":"REVELATION","team":"story4","victory":true,"seconds":21.240000000000002,"mora":0,"heroBooks":50}
{"tier":3,"region":"리월","kind":"REVELATION","team":"healer4","victory":true,"seconds":68.63,"mora":0,"heroBooks":50}
{"tier":4,"region":"몬드","kind":"WEALTH","team":"story4","victory":true,"seconds":17.91,"mora":27000,"heroBooks":0}
{"tier":4,"region":"몬드","kind":"WEALTH","team":"healer4","victory":true,"seconds":41.67,"mora":27000,"heroBooks":0}
{"tier":4,"region":"몬드","kind":"REVELATION","team":"story4","victory":true,"seconds":30.64,"mora":0,"heroBooks":100}
{"tier":4,"region":"몬드","kind":"REVELATION","team":"healer4","victory":true,"seconds":57.53,"mora":0,"heroBooks":100}
{"tier":4,"region":"리월","kind":"WEALTH","team":"story4","victory":true,"seconds":35.989999999999995,"mora":27000,"heroBooks":0}
{"tier":4,"region":"리월","kind":"WEALTH","team":"healer4","victory":true,"seconds":63.08,"mora":27000,"heroBooks":0}
{"tier":4,"region":"리월","kind":"REVELATION","team":"story4","victory":true,"seconds":19.02,"mora":0,"heroBooks":100}
{"tier":4,"region":"리월","kind":"REVELATION","team":"healer4","victory":true,"seconds":51.33,"mora":0,"heroBooks":100}
{"tier":5,"region":"몬드","kind":"WEALTH","team":"story4","victory":true,"seconds":16.8,"mora":40000,"heroBooks":0}
{"tier":5,"region":"몬드","kind":"WEALTH","team":"healer4","victory":true,"seconds":47.22,"mora":40000,"heroBooks":0}
{"tier":5,"region":"몬드","kind":"REVELATION","team":"story4","victory":true,"seconds":28.42,"mora":0,"heroBooks":180}
{"tier":5,"region":"몬드","kind":"REVELATION","team":"healer4","victory":true,"seconds":55.77,"mora":0,"heroBooks":180}
{"tier":5,"region":"리월","kind":"WEALTH","team":"story4","victory":true,"seconds":30.77,"mora":40000,"heroBooks":0}
{"tier":5,"region":"리월","kind":"WEALTH","team":"healer4","victory":true,"seconds":60.86,"mora":40000,"heroBooks":0}
{"tier":5,"region":"리월","kind":"REVELATION","team":"story4","victory":true,"seconds":19.02,"mora":0,"heroBooks":180}
{"tier":5,"region":"리월","kind":"REVELATION","team":"healer4","victory":true,"seconds":30.9,"mora":0,"heroBooks":180}
