{"boss":"FB_CRYO_REGISVINE","team":"PREPARED_C6","level":2,"seed":717,"wins":0,"losses":1,"rounds":[8],"hp":0,"ko":[4]}
{"boss":"FB_CRYO_REGISVINE","team":"FIVE_DEFENSIVE","level":2,"seed":717,"wins":0,"losses":1,"rounds":[9],"hp":0,"ko":[4]}
{"boss":"FB_CRYO_HYPOSTASIS","team":"PREPARED_C6","level":10,"seed":717,"wins":0,"losses":1,"rounds":[14],"hp":0,"ko":[4]}
{"boss":"FB_CRYO_HYPOSTASIS","team":"FIVE_DEFENSIVE","level":10,"seed":717,"wins":1,"losses":0,"rounds":[95],"hp":0.6152,"ko":[1]}
{"boss":"FB_GEO_HYPOSTASIS","team":"PREPARED_C6","level":25,"seed":717,"wins":0,"losses":1,"rounds":[18],"hp":0,"ko":[4]}
{"boss":"FB_GEO_HYPOSTASIS","team":"FIVE_DEFENSIVE","level":25,"seed":717,"wins":1,"losses":0,"rounds":[52],"hp":0.7764,"ko":[1]}
{"boss":"FB_GEO_HYPOSTASIS","team":"PREPARED_C6","level":15,"seed":717,"wins":0,"losses":1,"rounds":[6],"hp":0,"ko":[4]}
{"boss":"FB_GEO_HYPOSTASIS","team":"FIVE_DEFENSIVE","level":15,"seed":717,"wins":0,"losses":1,"rounds":[14],"hp":0,"ko":[4]}
{"boss":"FB_PYRO_REGISVINE","team":"PREPARED_C6","level":18,"seed":717,"wins":0,"losses":1,"rounds":[8],"hp":0,"ko":[4]}
{"boss":"FB_PYRO_REGISVINE","team":"FIVE_DEFENSIVE","level":18,"seed":717,"wins":0,"losses":1,"rounds":[20],"hp":0,"ko":[4]}
{"boss":"FB_PYRO_REGISVINE","team":"PREPARED_C6","level":8,"seed":717,"wins":0,"losses":1,"rounds":[5],"hp":0,"ko":[4]}
{"boss":"FB_PYRO_REGISVINE","team":"FIVE_DEFENSIVE","level":8,"seed":717,"wins":0,"losses":1,"rounds":[6],"hp":0,"ko":[4]}
{"boss":"FB_OCEANID","team":"PREPARED_C6","level":20,"seed":717,"wins":1,"losses":0,"rounds":[5],"hp":0.4045,"ko":[0]}
{"boss":"FB_OCEANID","team":"FIVE_DEFENSIVE","level":20,"seed":717,"wins":1,"losses":0,"rounds":[6],"hp":0.8596,"ko":[0]}
{"boss":"FB_OCEANID","team":"PREPARED_C6","level":10,"seed":717,"wins":0,"losses":1,"rounds":[5],"hp":0,"ko":[4]}
{"boss":"FB_OCEANID","team":"FIVE_DEFENSIVE","level":10,"seed":717,"wins":0,"losses":1,"rounds":[11],"hp":0,"ko":[4]}
{"boss":"FB_PRIMO_GEOVISHAP","team":"PREPARED_C6","level":28,"seed":717,"wins":0,"losses":1,"rounds":[7],"hp":0,"ko":[4]}
{"boss":"FB_PRIMO_GEOVISHAP","team":"FIVE_DEFENSIVE","level":28,"seed":717,"wins":1,"losses":0,"rounds":[19],"hp":0.8561,"ko":[1]}
{"boss":"FB_PRIMO_GEOVISHAP","team":"PREPARED_C6","level":18,"seed":717,"wins":0,"losses":1,"rounds":[4],"hp":0,"ko":[4]}
{"boss":"FB_PRIMO_GEOVISHAP","team":"FIVE_DEFENSIVE","level":18,"seed":717,"wins":0,"losses":1,"rounds":[15],"hp":0,"ko":[4]}
{"boss":"FB_RUIN_SERPENT","team":"PREPARED_C6","level":36,"seed":717,"wins":1,"losses":0,"rounds":[11],"hp":0.557,"ko":[1]}
{"boss":"FB_RUIN_SERPENT","team":"FIVE_DEFENSIVE","level":36,"seed":717,"wins":1,"losses":0,"rounds":[18],"hp":0.9343,"ko":[0]}
{"boss":"FB_RUIN_SERPENT","team":"PREPARED_C6","level":26,"seed":717,"wins":0,"losses":1,"rounds":[18],"hp":0,"ko":[4]}
{"boss":"FB_RUIN_SERPENT","team":"FIVE_DEFENSIVE","level":26,"seed":717,"wins":1,"losses":0,"rounds":[40],"hp":0.725,"ko":[1]}
{"out":"docs/data/full_balance_v01621/combat/boss_underlevel_extra_after.json","conditions":24,"firstWins":8,"complete":8,"fights":24,"wins":8,"losses":16,"errors":0}
