{"group":"EG_MOND_HILI_PATROL","level":4,"events":5,"result":"SETTLED","capacityFailures":0,"numericFailures":0}
{"group":"EG_DRAGON_CRYO","level":7,"events":6,"result":"SETTLED","capacityFailures":0,"numericFailures":0}
{"group":"EG_SUMERU_FUNGI","level":10,"events":4,"result":"SETTLED","capacityFailures":0,"numericFailures":0}
{"group":"EG_FONT_UNDERWATER","level":13,"events":3,"result":"SETTLED","capacityFailures":0,"numericFailures":0}
{"group":"EG_NAT_SAURIAN_WILD","level":15,"events":4,"result":"SETTLED","capacityFailures":0,"numericFailures":0}
{"group":"EG_MOND_LOCAL_CRPG_STORMBEARER_MOUNTAINS_1","level":4,"events":5,"result":"SETTLED","capacityFailures":0,"numericFailures":0}
{"group":"EG_LEY_LIYUE_PLAINS","level":20,"events":42,"result":"SETTLED","capacityFailures":0,"numericFailures":0}
{"group":"EG_MOND_LOCAL_CRPG_CAPE_OATH_1","level":6,"events":5,"result":"SETTLED","capacityFailures":0,"numericFailures":0}
{"group":"EG_MOND_LOCAL_CRPG_LAIR_WEST_RUINS_2","level":7,"events":3,"result":"SETTLED","capacityFailures":0,"numericFailures":0}
{"group":"EG_MOND_LOCAL_MOND_WOLVENDOM_1","level":5,"events":7,"result":"SETTLED","capacityFailures":0,"numericFailures":0}
{"group":"EG_MOND_LOCAL_CRPG_DADAUPA_GORGE_1","level":5,"events":6,"result":"SETTLED","capacityFailures":0,"numericFailures":0}
{"group":"EG_CHASM_HUSK","level":12,"events":4,"result":"SETTLED","capacityFailures":0,"numericFailures":0}
{"group":"EG_INAZUMA_NOBUSHI","level":9,"events":3,"result":"SETTLED","capacityFailures":0,"numericFailures":0}
{"group":"EG_SUMERU_EREMITE","level":11,"events":3,"result":"SETTLED","capacityFailures":0,"numericFailures":0}
{"group":"EG_NOD_FATUI_PATROL","level":17,"events":5,"result":"SETTLED","capacityFailures":0,"numericFailures":0}
{"group":"EG_ENKANOMIYA_VISHAP","level":13,"events":6,"result":"SETTLED","capacityFailures":0,"numericFailures":0}
{"group":"EG_LY_R39_DEFEND","level":20,"events":6,"result":"SETTLED","capacityFailures":0,"numericFailures":0}
{"group":"EG_FB_OCEANID","level":40,"events":0,"result":"SETTLED","capacityFailures":0,"numericFailures":0}
{"group":"EG_LEY_LIYUE_JUEYUN","level":20,"events":39,"result":"SETTLED","capacityFailures":0,"numericFailures":0}
{"group":"EG_SNEZ_FATUI_ASSAULT","level":20,"events":3,"result":"SETTLED","capacityFailures":0,"numericFailures":0}
{"group":"EG_MOND_LOCAL_CRPG_DADAUPA_GORGE_3","level":5,"events":6,"result":"SETTLED","capacityFailures":0,"numericFailures":0}
{"group":"EG_FONT_MEKA_PATROL","level":13,"events":2,"result":"SETTLED","capacityFailures":0,"numericFailures":0}
{"group":"EG_TRV_FATUI_LYRE","level":4,"events":9,"result":"SETTLED","capacityFailures":0,"numericFailures":0}
{"group":"EG_SNEZ_FATUI_PATROL","level":19,"events":6,"result":"SETTLED","capacityFailures":0,"numericFailures":0}
{"group":"EG_CHASM_SERPENT","level":14,"events":5,"result":"SETTLED","capacityFailures":0,"numericFailures":0}
{"group":"EG_MOND_LOCAL_CRPG_BRIGHTCROWN_CANYON_1","level":6,"events":5,"result":"SETTLED","capacityFailures":0,"numericFailures":0}
{"group":"EG_MOND_LOCAL_CRPG_ENTOMBED_PALACE_2","level":9,"events":6,"result":"SETTLED","capacityFailures":0,"numericFailures":0}
{"group":"EG_MOND_LOCAL_MOND_FOREST_1","level":3,"events":3,"result":"SETTLED","capacityFailures":0,"numericFailures":0}
{"group":"EG_MOND_LOCAL_CRPG_SWORD_CEMETERY_3","level":6,"events":3,"result":"SETTLED","capacityFailures":0,"numericFailures":0}
{"group":"EG_TRV_TEAR_HIDDEN","level":4,"events":4,"result":"SETTLED","capacityFailures":0,"numericFailures":0}
{"group":"EG_MOND_LOCAL_CRPG_STORMBEARER_POINT_2","level":5,"events":3,"result":"SETTLED","capacityFailures":0,"numericFailures":0}
{"group":"EG_LEY_CHASM_SURFACE","level":20,"events":2,"result":"SETTLED","capacityFailures":0,"numericFailures":0}
{"group":"EG_MOND_LOCAL_CRPG_SNOW_COVERED_PATH_1","level":7,"events":7,"result":"SETTLED","capacityFailures":0,"numericFailures":0}
{"group":"EG_MOND_LOCAL_CRPG_ENTOMBED_OUTSKIRTS_4","level":8,"events":2,"result":"SETTLED","capacityFailures":0,"numericFailures":0}
{"group":"EG_MOND_LOCAL_CRPG_STARGLOW_CAVERN_3","level":9,"events":3,"result":"SETTLED","capacityFailures":0,"numericFailures":0}
{"group":"EG_MOND_LOCAL_CRPG_STORMBEARER_MOUNTAINS_3","level":4,"events":7,"result":"SETTLED","capacityFailures":0,"numericFailures":0}
{"group":"EG_MOND_LOCAL_CRPG_SWORD_CEMETERY_4","level":6,"events":5,"result":"SETTLED","capacityFailures":0,"numericFailures":0}
{"group":"EG_BOSS_DVALIN","level":20,"events":8,"result":"SETTLED","capacityFailures":0,"numericFailures":0}
{"group":"EG_BOSS_ANDRIUS","level":20,"events":17,"result":"SETTLED","capacityFailures":0,"numericFailures":0}
{"group":"EG_BOSS_AZHDAHA","level":20,"events":5,"result":"SETTLED","capacityFailures":0,"numericFailures":0}
{"group":"EG_BOSS_OSIAL","level":18,"events":0,"result":"ROUND_LIMIT","capacityFailures":0,"numericFailures":0}
{"group":"EG_BOSS_TARTAGLIA","level":14,"events":16,"result":"SETTLED","capacityFailures":0,"numericFailures":0}
{"group":"EG_ISK_L03_GOLDEN","level":8,"events":6,"result":"SETTLED","capacityFailures":0,"numericFailures":0}
{"group":"EG_ISK_L04_OSIAL","level":15,"events":0,"result":"ROUND_LIMIT","capacityFailures":0,"numericFailures":0}
{"group":"EG_LY_R39_DESTROY","level":20,"events":2,"result":"SETTLED","capacityFailures":0,"numericFailures":0}
{"group":"EG_MOND_LOCAL_CRPG_WYRMREST_VALLEY_3","level":8,"events":2,"result":"SETTLED","capacityFailures":0,"numericFailures":0}
{"group":"EG_MOND_LOCAL_CRPG_ENTOMBED_PALACE_1","level":9,"events":3,"result":"SETTLED","capacityFailures":0,"numericFailures":0}
{"group":"EG_MOND_LOCAL_CRPG_ENTOMBED_PALACE_4","level":9,"events":4,"result":"SETTLED","capacityFailures":0,"numericFailures":0}
{"group":"EG_FB_ANEMO_HYPOSTASIS","level":18,"events":0,"result":"ROUND_LIMIT","capacityFailures":0,"numericFailures":0}
{"group":"EG_FB_ELECTRO_HYPOSTASIS","level":20,"events":0,"result":"ROUND_LIMIT","capacityFailures":0,"numericFailures":0}
{"group":"EG_FB_CRYO_REGISVINE","level":22,"events":0,"result":"ROUND_LIMIT","capacityFailures":0,"numericFailures":0}
{"group":"EG_FB_CRYO_HYPOSTASIS","level":30,"events":0,"result":"ROUND_LIMIT","capacityFailures":0,"numericFailures":0}
{"group":"EG_FB_GEO_HYPOSTASIS","level":45,"events":0,"result":"ROUND_LIMIT","capacityFailures":0,"numericFailures":0}
{"group":"EG_FB_PYRO_REGISVINE","level":38,"events":0,"result":"ROUND_LIMIT","capacityFailures":0,"numericFailures":0}
{"group":"EG_FB_PRIMO_GEOVISHAP","level":48,"events":0,"result":"SETTLED","capacityFailures":0,"numericFailures":0}
{"group":"EG_FB_RUIN_SERPENT","level":56,"events":0,"result":"ROUND_LIMIT","capacityFailures":0,"numericFailures":0}
{"group":"EG_RAID_GRADER","level":10,"events":2,"result":"SETTLED","capacityFailures":0,"numericFailures":0}
{"group":"EG_RAID_FROSTLORD","level":10,"events":2,"result":"SETTLED","capacityFailures":0,"numericFailures":0}
{"group":"EG_RAID_HERALD","level":10,"events":2,"result":"SETTLED","capacityFailures":0,"numericFailures":0}
{"group":"EG_RAID_MAIDEN","level":10,"events":2,"result":"SETTLED","capacityFailures":0,"numericFailures":0}
{"group":"EG_RAID_SERPENT","level":10,"events":2,"result":"SETTLED","capacityFailures":0,"numericFailures":0}
{"group":"EG_RAID_HUNTER","level":10,"events":2,"result":"SETTLED","capacityFailures":0,"numericFailures":0}
{"out":"/workspace/scratch/a62414469990/crpg-v01618-work/genshin-crpg/docs/data/full_balance_v01621/combat/enemy_phases_after.json","selectedGroups":62,"encounters":62,"dynamicMonsterOwners":78,"uniqueCards":76,"events":312,"errors":0,"capacityFailures":0,"numericFailures":0}
