{"name":"MOND_BARBARA_C0","level":25,"seed":717,"wins":1,"losses":1,"hp":0,"ko":1,"heal":6524,"nominal":8904.640800000005,"overCap":2384.5640000000008,"quote":420}
{"name":"MOND_BARBARA_C0","level":25,"seed":925,"wins":2,"losses":1,"hp":0,"ko":2,"heal":4918,"nominal":8105.235600000003,"overCap":3191.1020000000008,"quote":420}
{"name":"MOND_BARBARA_C6","level":25,"seed":717,"wins":4,"losses":0,"hp":0.5343,"ko":1,"heal":9465,"nominal":23761.080200000015,"overCap":14291.796600000001,"quote":207}
{"name":"MOND_BARBARA_C6","level":25,"seed":925,"wins":4,"losses":0,"hp":0.7435,"ko":0,"heal":10770,"nominal":23169.159200000013,"overCap":12394.547400000003,"quote":128}
{"name":"MOND_DIONA_C0","level":25,"seed":717,"wins":4,"losses":0,"hp":0.2368,"ko":2,"heal":16956,"nominal":17132.280000000002,"overCap":179.69000000000028,"quote":328}
{"name":"MOND_DIONA_C0","level":25,"seed":925,"wins":3,"losses":1,"hp":0,"ko":2,"heal":16879,"nominal":17132.280000000002,"overCap":256.6900000000003,"quote":420}
{"name":"MOND_DIONA_C6","level":25,"seed":717,"wins":4,"losses":0,"hp":0.7245,"ko":0,"heal":16991,"nominal":18734.980000000003,"overCap":1747.0400000000004,"quote":131}
{"name":"MOND_DIONA_C6","level":25,"seed":925,"wins":4,"losses":0,"hp":0.7548,"ko":0,"heal":14618,"nominal":17021.752000000004,"overCap":2406.080000000001,"quote":120}
{"name":"MOND_NOELLE_C0","level":25,"seed":717,"wins":1,"losses":1,"hp":0,"ko":2,"heal":665,"nominal":665.7491691662425,"overCap":0,"quote":420}
{"name":"MOND_NOELLE_C0","level":25,"seed":925,"wins":1,"losses":1,"hp":0,"ko":2,"heal":95,"nominal":190.21404833321216,"overCap":95.10702416660608,"quote":420}
{"name":"MOND_NOELLE_C6","level":25,"seed":717,"wins":3,"losses":1,"hp":0,"ko":4,"heal":4406,"nominal":5979.792386665696,"overCap":1573.3610724998189,"quote":420}
{"name":"MOND_NOELLE_C6","level":25,"seed":925,"wins":3,"losses":1,"hp":0,"ko":4,"heal":4251,"nominal":5314.043217499455,"overCap":1063.7340483332123,"quote":420}
{"name":"MOND_BENNETT_C0","level":25,"seed":717,"wins":1,"losses":1,"hp":0,"ko":2,"heal":3240,"nominal":3238.488,"overCap":0,"quote":420}
{"name":"MOND_BENNETT_C0","level":25,"seed":925,"wins":1,"losses":1,"hp":0,"ko":2,"heal":2160,"nominal":2158.992,"overCap":0,"quote":420}
{"name":"MOND_BENNETT_C6","level":25,"seed":717,"wins":2,"losses":1,"hp":0,"ko":2,"heal":5341,"nominal":6582.048000000002,"overCap":1243.0400000000004,"quote":420}
{"name":"MOND_BENNETT_C6","level":25,"seed":925,"wins":2,"losses":1,"hp":0,"ko":2,"heal":6011,"nominal":7661.544000000003,"overCap":1653.0400000000004,"quote":420}
{"name":"MOND_JEAN_C0","level":25,"seed":717,"wins":2,"losses":1,"hp":0,"ko":3,"heal":7602,"nominal":10660.528517760002,"overCap":3053.2755240000006,"quote":420}
{"name":"MOND_JEAN_C0","level":25,"seed":925,"wins":2,"losses":1,"hp":0,"ko":2,"heal":8583,"nominal":11798.504370312003,"overCap":3209.730628800001,"quote":420}
{"name":"LIYUE_QIQI_C0","level":25,"seed":717,"wins":2,"losses":1,"hp":0,"ko":2,"heal":12793,"nominal":13820.494308192006,"overCap":1024.4348011520005,"quote":420}
{"name":"LIYUE_QIQI_C0","level":25,"seed":925,"wins":2,"losses":1,"hp":0,"ko":3,"heal":10048,"nominal":11245.385592672003,"overCap":1195.2500152320004,"quote":420}
{"name":"LIYUE_BAIZHU_C0","level":25,"seed":717,"wins":3,"losses":1,"hp":0,"ko":3,"heal":17833,"nominal":21744.976704000008,"overCap":3906.3510399999996,"quote":420}
{"name":"LIYUE_BAIZHU_C0","level":25,"seed":925,"wins":4,"losses":0,"hp":0.1863,"ko":2,"heal":20863,"nominal":25013.246016000016,"overCap":4143.015935999999,"quote":357}
{"name":"LIYUE_XIANYUN_C0","level":25,"seed":717,"wins":2,"losses":1,"hp":0,"ko":2,"heal":20449,"nominal":32932.898348063994,"overCap":12485.676916992,"quote":420}
{"name":"LIYUE_XIANYUN_C0","level":25,"seed":925,"wins":2,"losses":1,"hp":0,"ko":2,"heal":18100,"nominal":26805.149618015996,"overCap":8706.928186944002,"quote":420}
{"name":"four_star_attack_C0","level":25,"seed":717,"wins":1,"losses":1,"hp":0,"ko":2,"heal":0,"nominal":0,"overCap":0,"quote":420}
{"name":"four_star_attack_C0","level":25,"seed":925,"wins":2,"losses":1,"hp":0,"ko":2,"heal":0,"nominal":0,"overCap":0,"quote":420}
{"name":"four_star_support_C6","level":25,"seed":717,"wins":4,"losses":0,"hp":1,"ko":0,"heal":46983,"nominal":79937.5037859976,"overCap":32941.165610832344,"quote":20}
{"name":"four_star_support_C6","level":25,"seed":925,"wins":4,"losses":0,"hp":1,"ko":0,"heal":43211,"nominal":71659.29926999792,"overCap":28437.434314165905,"quote":20}
{"name":"MOND_BARBARA_C0","level":60,"seed":717,"wins":4,"losses":0,"hp":0.9442,"ko":0,"heal":18681,"nominal":42615.935999999994,"overCap":23932.951999999994,"quote":77}
{"name":"MOND_BARBARA_C0","level":60,"seed":925,"wins":4,"losses":0,"hp":0.8949,"ko":0,"heal":21548,"nominal":42615.935999999994,"overCap":21064.959999999995,"quote":123}
{"name":"MOND_BARBARA_C6","level":60,"seed":717,"wins":4,"losses":0,"hp":0.9759,"ko":0,"heal":9429,"nominal":61460.93535999998,"overCap":52031.93535999999,"quote":45}
{"name":"MOND_BARBARA_C6","level":60,"seed":925,"wins":4,"losses":0,"hp":0.9828,"ko":0,"heal":11391,"nominal":79884.78783999998,"overCap":68493.78783999998,"quote":38}
{"name":"MOND_DIONA_C0","level":60,"seed":717,"wins":4,"losses":0,"hp":0.9673,"ko":0,"heal":12103,"nominal":14141.072000000002,"overCap":2039.536000000001,"quote":53}
{"name":"MOND_DIONA_C0","level":60,"seed":925,"wins":4,"losses":0,"hp":0.9764,"ko":0,"heal":12015,"nominal":14141.072000000002,"overCap":2126.8040000000015,"quote":45}
{"name":"MOND_DIONA_C6","level":60,"seed":717,"wins":4,"losses":0,"hp":0.9928,"ko":0,"heal":9682,"nominal":29123.644000000008,"overCap":19441.644000000008,"quote":27}
{"name":"MOND_DIONA_C6","level":60,"seed":925,"wins":4,"losses":0,"hp":0.9669,"ko":0,"heal":8588,"nominal":27356.010000000006,"overCap":18768.010000000006,"quote":53}
{"name":"MOND_NOELLE_C0","level":60,"seed":717,"wins":4,"losses":0,"hp":0.7255,"ko":0,"heal":0,"nominal":0,"overCap":0,"quote":305}
{"name":"MOND_NOELLE_C0","level":60,"seed":925,"wins":4,"losses":0,"hp":0.7615,"ko":0,"heal":0,"nominal":0,"overCap":0,"quote":266}
{"name":"MOND_NOELLE_C6","level":60,"seed":717,"wins":4,"losses":0,"hp":0.9163,"ko":0,"heal":4321,"nominal":18517.840000000004,"overCap":14196.840000000004,"quote":108}
{"name":"MOND_NOELLE_C6","level":60,"seed":925,"wins":4,"losses":0,"hp":0.9113,"ko":0,"heal":4034,"nominal":18517.840000000004,"overCap":14483.840000000004,"quote":114}
{"name":"MOND_BENNETT_C0","level":60,"seed":717,"wins":4,"losses":0,"hp":0.8249,"ko":0,"heal":4515,"nominal":4514.202,"overCap":0,"quote":195}
{"name":"MOND_BENNETT_C0","level":60,"seed":925,"wins":4,"losses":0,"hp":0.8092,"ko":0,"heal":12040,"nominal":12037.872000000001,"overCap":0,"quote":209}
{"name":"MOND_BENNETT_C6","level":60,"seed":717,"wins":4,"losses":0,"hp":0.9371,"ko":0,"heal":4008,"nominal":18517.840000000004,"overCap":14509.840000000004,"quote":82}
{"name":"MOND_BENNETT_C6","level":60,"seed":925,"wins":4,"losses":0,"hp":0.9063,"ko":0,"heal":4008,"nominal":18517.840000000004,"overCap":14509.840000000004,"quote":113}
{"name":"MOND_JEAN_C0","level":60,"seed":717,"wins":4,"losses":0,"hp":0.9861,"ko":0,"heal":15940,"nominal":32849.510620608016,"overCap":16909.21518600001,"quote":32}
{"name":"MOND_JEAN_C0","level":60,"seed":925,"wins":4,"losses":0,"hp":0.9899,"ko":0,"heal":14234,"nominal":32849.510620608016,"overCap":18615.30198500001,"quote":32}
{"name":"LIYUE_QIQI_C0","level":60,"seed":717,"wins":4,"losses":0,"hp":0.8815,"ko":0,"heal":14584,"nominal":16707.908627520002,"overCap":2122.297664512,"quote":151}
{"name":"LIYUE_QIQI_C0","level":60,"seed":925,"wins":4,"losses":0,"hp":0.8788,"ko":0,"heal":16849,"nominal":18469.007171296,"overCap":1617.5814625280004,"quote":153}
{"name":"LIYUE_BAIZHU_C0","level":60,"seed":717,"wins":4,"losses":0,"hp":1,"ko":0,"heal":27998,"nominal":124746.33599999998,"overCap":96748.572,"quote":20}
{"name":"LIYUE_BAIZHU_C0","level":60,"seed":925,"wins":4,"losses":0,"hp":0.9769,"ko":0,"heal":24741,"nominal":103955.28,"overCap":79214.28000000001,"quote":45}
{"name":"LIYUE_XIANYUN_C0","level":60,"seed":717,"wins":4,"losses":0,"hp":1,"ko":0,"heal":20494,"nominal":67416.1397536,"overCap":46922.9574624,"quote":20}
{"name":"LIYUE_XIANYUN_C0","level":60,"seed":925,"wins":4,"losses":0,"hp":0.9837,"ko":0,"heal":19750,"nominal":67416.1397536,"overCap":47666.9574624,"quote":41}
{"name":"four_star_attack_C0","level":60,"seed":717,"wins":4,"losses":0,"hp":0.7651,"ko":0,"heal":0,"nominal":0,"overCap":0,"quote":254}
{"name":"four_star_attack_C0","level":60,"seed":925,"wins":4,"losses":0,"hp":0.7544,"ko":0,"heal":0,"nominal":0,"overCap":0,"quote":261}
{"name":"four_star_support_C6","level":60,"seed":717,"wins":4,"losses":0,"hp":1,"ko":0,"heal":29696,"nominal":126041.25262781397,"overCap":96346.35092317832,"quote":20}
{"name":"four_star_support_C6","level":60,"seed":925,"wins":4,"losses":0,"hp":1,"ko":0,"heal":29611,"nominal":133051.04514472352,"overCap":103441.24504008786,"quote":20}
{"out":"/workspace/scratch/a62414469990/crpg-v01618-work/genshin-crpg/docs/data/full_balance_v01621/combat/repeated_after.json.gz","conditions":56,"battles":202,"wins":182,"losses":20,"errors":0,"stalled":0,"completeNoKo":33,"completeAllFull":6}
