{"version": "0.16.27", "runtime_files": 120, "bytes": 28415925, "gzip_bytes": 5399973}
{"test": "tests/test_field_preparation_v01627.cjs", "ok": true, "seconds": 5.9}
{"test": "tests/test_abyss_fixes_v01626.cjs", "ok": true, "seconds": 110.2}
{"test": "tests/test_character_balance_v01625.cjs", "ok": true, "seconds": 103.0}
{"test": "tests/test_skill_rhythm_ownership_v01625.cjs", "ok": true, "seconds": 16.7}
{"test": "tests/test_basic_air_range_v01624.cjs", "ok": true, "seconds": 5.5}
{"test": "tests/test_enemy_balance_v01627.cjs", "ok": true, "seconds": 273.9}
{"test": "tests/test_daily_pressure_v01624.cjs", "ok": true, "seconds": 39.9}
{"test": "tests/test_liyue_growth_gate_v01622.cjs", "ok": true, "seconds": 22.8}
{"test": "tests/test_material_efficiency_v01622.cjs", "ok": true, "seconds": 0.6}
{"test": "tests/test_incoming_defense_v01622.cjs", "ok": true, "seconds": 6.6}
{"test": "tests/test_xianyun_balance_v01622.cjs", "ok": true, "seconds": 7.2}
{"test": "tests/test_growth_balance_v01621.cjs", "ok": true, "seconds": 26.6}
{"test": "tests/test_noelle_healing_v01621.cjs", "ok": true, "seconds": 23.0}
{"test": "tests/test_weekly_retirement_v01621.cjs", "ok": true, "seconds": 4.1}
{"test": "tests/test_food_balance_v01620.cjs", "ok": true, "seconds": 28.7}
{"test": "tests/test_boss_difficulty_scope_v01624.cjs", "ok": true, "seconds": 230.6}
{"test": "tests/test_control_grace_v01619.cjs", "ok": true, "seconds": 13.3}
{"test": "tests/test_reaction_fixes_v01619.cjs", "ok": true, "seconds": 74.6}
{"test": "tests/test_healing_v01619.cjs", "ok": true, "seconds": 23.3}
{"test": "tests/test_shield_meter_v01619.cjs", "ok": true, "seconds": 0.1}
{"test": "tests/test_shield_playback_v01619.cjs", "ok": true, "seconds": 0.1}
{"test": "tests/test_shield_balance_v01619.cjs", "ok": true, "seconds": 14.8}
{"test": "tools/test_boss_boundaries_v01619.cjs", "ok": true, "seconds": 43.4}
{"test": "tools/test_field_boss_strategy_v01622.cjs", "ok": true, "seconds": 31.8}
{"test": "tests/test_daily_boss_targeting_v01623.cjs", "ok": true, "seconds": 20.4}
{"test": "tools/test_admin_balance_runtime_v01623.cjs", "ok": true, "seconds": 14.2}
{"test": "tests/test_admin_balance_v01623.mjs", "ok": true, "seconds": 19.1}
{"test": "tests/test_admin_balance_growth_v01623.mjs", "ok": true, "seconds": 4.3}
{"test": "tools/test_other_healers_v01619.cjs", "ok": true, "seconds": 23.4}
{"test": "tests/test_field_boss_strategy_v01623.cjs", "ok": true, "seconds": 102.4}
{"test": "tests/test_monster_control_fixes_v01618.cjs", "ok": true, "seconds": 18.7}
{"test": "tests/test_element_immunity_v01618.cjs", "ok": true, "seconds": 45.9}
{"test": "tests/test_shop_supply_v01618.cjs", "ok": true, "seconds": 10.4}
{"test": "tests/test_protagonist_support_v01618.cjs", "ok": true, "seconds": 19.8}
{"test": "tools/test_field_boss_immunity_v01618.cjs", "ok": true, "seconds": 62.2}
{"test": "tests/test_food_lodging_v01617.cjs", "ok": true, "seconds": 63.3}
{"test": "tests/test_inn_recovery_pricing_v01615.cjs", "ok": true, "seconds": 22.0}
{"test": "tests/test_material_rewards_v01616.cjs", "ok": true, "seconds": 227.9}
{"test": "tests/test_material_budget_v01615.cjs", "ok": true, "seconds": 217.8}
{"test": "tests/test_ascension_balance_v01614.cjs", "ok": true, "seconds": 89.6}
{"test": "tests/test_ascension_efficiency_v01613.cjs", "ok": true, "seconds": 38.0}
{"test": "tests/test_katheryne_facility_v01613.cjs", "ok": true, "seconds": 9.3}
{"test": "tests/test_starlight_price_v01613.cjs", "ok": true, "seconds": 11.8}
{"test": "tests/test_task_wording_v01613.cjs", "ok": true, "seconds": 9.7}
{"test": "tests/test_task_branches_v01612.cjs", "ok": true, "seconds": 41.0}
{"test": "tests/test_task_branches_v01611.cjs", "ok": true, "seconds": 68.8}
{"test": "tests/test_task_catalog_v0169.cjs", "ok": true, "seconds": 0.1}
{"test": "tests/test_tasks_v0169.cjs", "ok": true, "seconds": 49.5}
{"test": "tests/test_task_board_v0169.cjs", "ok": true, "seconds": 4.9}
{"test": "tests/test_task_learning_delivery_v0169.cjs", "ok": true, "seconds": 20.2}
{"test": "tests/test_battle_inspection_v0169.cjs", "ok": true, "seconds": 15.6}
{"test": "tests/test_live_actor_playback_v0169.cjs", "ok": true, "seconds": 4.8}
{"test": "tests/test_skill_owner_v0169.cjs", "ok": true, "seconds": 44.6}
{"test": "tools/audit_task_materials_v0169.cjs", "ok": true, "seconds": 14.3}
{"test": "tests/test_task_materials_v0169.cjs", "ok": true, "seconds": 42.2}
{"test": "tests/test_combat_boundaries_v0168.cjs", "ok": true, "seconds": 28.7}
{"test": "tests/test_gear_effects_v0168.cjs", "ok": true, "seconds": 7.0}
{"test": "tests/test_control_reactions_v0168.cjs", "ok": true, "seconds": 63.9}
{"test": "tools/audit_economy_v0168.cjs", "ok": true, "seconds": 2.8}
{"test": "tests/test_food_economy_v0168.cjs", "ok": true, "seconds": 33.5}
{"test": "tests/test_task_catalog_v0168.cjs", "ok": true, "seconds": 1.9}
{"test": "tests/test_tasks_expanded_v0168.cjs", "ok": true, "seconds": 20.7}
{"test": "tests/test_tasks_edge_v0168.cjs", "ok": true, "seconds": 22.1}
{"test": "tests/test_coop_receipt_v0168.mjs", "ok": true, "seconds": 51.0}
{"test": "tests/test_playback_pause_v0168.cjs", "ok": true, "seconds": 0.1}
{"test": "tests/test_defeat_settlement_v0166.cjs", "ok": true, "seconds": 8.4}
{"test": "tests/test_balance_saves_v0166.cjs", "ok": false, "seconds": 18.2}
{"test": "tests/test_xp_pacing_v0168.cjs", "ok": true, "seconds": 108.4}
{"test": "tests/test_rewards_balance_v0161.cjs", "ok": false, "seconds": 4.0}
{"test": "tests/test_skill_fx_v0162.cjs", "ok": true, "seconds": 44.3}
{"test": "tests/test_server_coop_retry_v0161.mjs", "ok": true, "seconds": 12.4}
{"test": "tests/test_osial_pattern_v0161.cjs", "ok": true, "seconds": 10.4}
{"test": "tests/test_growth_pacing_v0161.cjs", "ok": true, "seconds": 42.1}
{"test": "tests/test_life_v010.cjs", "ok": true, "seconds": 22.7}
{"test": "tests/test_life_v0162.cjs", "ok": true, "seconds": 45.9}
{"test": "tests/test_v01524.cjs", "ok": true, "seconds": 0.1}
{"test": "tests/test_combat_stalemate_v01523.cjs", "ok": true, "seconds": 7.1}
{"test": "tests/test_tutorial_v01523.cjs", "ok": true, "seconds": 31.9}
{"test": "tests/test_tutorial_online_v01523.mjs", "ok": true, "seconds": 14.6}
{"test": "tests/test_growth_v01522.cjs", "ok": true, "seconds": 54.4}
{"test": "tests/test_growth_online_v01522.mjs", "ok": true, "seconds": 17.5}
{"test": "tests/test_growth_balance_v01522.cjs", "ok": true, "seconds": 16.8}
{"test": "tests/test_durable_account.mjs", "ok": true, "seconds": 5.2}
{"test": "tests/test_durable_migration.mjs", "ok": true, "seconds": 3.2}
{"test": "tests/test_online_server.mjs", "ok": true, "seconds": 13.3}
{"test": "tests/test_authoritative_flow.mjs", "ok": true, "seconds": 6.1}
{"test": "tests/test_reading_checkpoint.mjs", "ok": true, "seconds": 20.7}
{"test": "tests/test_v01525.cjs", "ok": true, "seconds": 220.4}
{"test": "tests/test_update_recovery.cjs", "ok": true, "seconds": 0.1}
{"test": "tests/test_engine_identity.py", "ok": true, "seconds": 0.0}
{"test": "tests/test_combat_catalog_online.mjs", "ok": true, "seconds": 4.4}
{"test": "tests/test_action_feedback.cjs", "ok": true, "seconds": 0.1}
{"test": "tests/test_online_bootstrap_v01343.cjs", "ok": true, "seconds": 0.1}
{"test": "tests/test_online_title_v01344.cjs", "ok": true, "seconds": 4.2}
{"test": "tests/test_local_dev_config.cjs", "ok": true, "seconds": 0.1}
{"test": "tests/test_combat_v0142.cjs", "ok": true, "seconds": 4.5}
{"test": "tests/test_v0142_combat_summons.cjs", "ok": true, "seconds": 3.7}
{"test": "tests/test_local_revision_v0141.cjs", "ok": true, "seconds": 14.0}
{"test": "tests/test_story_edition_v0141.cjs", "ok": true, "seconds": 1.9}
{"test": "tests/test_balance_v0141.cjs", "ok": false, "seconds": 22.9}
{"test": "tests/test_local_revision_online_v0141.mjs", "ok": true, "seconds": 8.2}
{"test": "tests/test_opening.cjs", "ok": true, "seconds": 19.8}
{"test": "tests/test_mond_content_v01344.cjs", "ok": true, "seconds": 8.8}
{"test": "tests/test_action_recovery.mjs", "ok": true, "seconds": 180.7}
{"test": "tests/test_save_v01344.cjs", "ok": false, "seconds": 0.5}
{"test": "tests/test_save_revision.cjs", "ok": true, "seconds": 32.8}
{"test": "tests/test_work_validation.cjs", "ok": true, "seconds": 19.6}
{"test": "tests/test_life_ui_v010.cjs", "ok": true, "seconds": 12.3}
{"test": "tests/test_playback_v08.cjs", "ok": true, "seconds": 1.5}
{"test": "tests/test_presentation.cjs", "ok": true, "seconds": 0.2}
{"test": "tests/test_access_gear_v01343.cjs", "ok": true, "seconds": 14.0}
{"test": "tests/test_gear_ui_v01343.cjs", "ok": true, "seconds": 1.7}
{"test": "tests/test_quality_fixes_v01335.cjs", "ok": true, "seconds": 6.3}
{"test": "tests/test_quality_fixes_v01336.cjs", "ok": true, "seconds": 12.2}
{"test": "tests/test_quality_fixes_v01337.cjs", "ok": true, "seconds": 0.6}
{"test": "tests/test_quality_fixes_v01338.cjs", "ok": true, "seconds": 4.7}
{"test": "tests/test_liyue_rework_mechanics.cjs", "ok": false, "seconds": 40.9}
{"test": "tests/test_mond_full_v01344.cjs", "ok": true, "seconds": 276.0}
{"test": "tools/test_field_bosses.cjs", "ok": true, "seconds": 39.3}
{"test": "tools/test_exclusive_weapons.cjs", "ok": true, "seconds": 6.1}
