{"condition":1,"total":225,"team":"story4","level":25,"stage":25,"element":"GEO","wins":3,"losses":0,"seconds":169.75,"materials":18,"rate":6.3622974963181145,"rests":1,"stop":"LIMIT"}
{"condition":2,"total":225,"team":"story4","level":25,"stage":25,"element":"DENDRO","wins":3,"losses":0,"seconds":91.47,"materials":18,"rate":11.807149885208265,"rests":0,"stop":"LIMIT"}
{"condition":3,"total":225,"team":"story4","level":25,"stage":30,"element":"NEUTRAL","wins":3,"losses":0,"seconds":57.06,"materials":24,"rate":25.236593059936908,"rests":0,"stop":"LIMIT"}
{"condition":4,"total":225,"team":"story4","level":25,"stage":30,"element":"PYRO","wins":3,"losses":0,"seconds":115.62,"materials":24,"rate":12.454592631032693,"rests":0,"stop":"LIMIT"}
{"condition":5,"total":225,"team":"story4","level":25,"stage":30,"element":"HYDRO","wins":3,"losses":0,"seconds":87.03,"materials":24,"rate":16.546018614270942,"rests":0,"stop":"LIMIT"}
{"condition":6,"total":225,"team":"story4","level":25,"stage":30,"element":"ANEMO","wins":3,"losses":0,"seconds":63.720000000000006,"materials":24,"rate":22.598870056497173,"rests":0,"stop":"LIMIT"}
{"condition":7,"total":225,"team":"story4","level":25,"stage":30,"element":"ELECTRO","wins":3,"losses":0,"seconds":85.64999999999999,"materials":24,"rate":16.812609457092822,"rests":0,"stop":"LIMIT"}
{"condition":8,"total":225,"team":"story4","level":25,"stage":30,"element":"CRYO","wins":3,"losses":0,"seconds":102.30000000000001,"materials":24,"rate":14.076246334310849,"rests":0,"stop":"LIMIT"}
{"condition":9,"total":225,"team":"story4","level":25,"stage":30,"element":"GEO","wins":3,"losses":0,"seconds":49.290000000000006,"materials":24,"rate":29.21485088253195,"rests":0,"stop":"LIMIT"}
{"condition":10,"total":225,"team":"story4","level":25,"stage":30,"element":"DENDRO","wins":3,"losses":0,"seconds":88.78999999999999,"materials":24,"rate":16.218042572361753,"rests":0,"stop":"LIMIT"}
{"condition":11,"total":225,"team":"story4","level":55,"stage":55,"element":"NEUTRAL","wins":3,"losses":0,"seconds":63.26,"materials":1800,"rate":1707.2399620613342,"rests":0,"stop":"LIMIT"}
{"condition":12,"total":225,"team":"story4","level":55,"stage":55,"element":"PYRO","wins":3,"losses":0,"seconds":227.42,"materials":1800,"rate":474.8922698091637,"rests":1,"stop":"LIMIT"}
{"condition":13,"total":225,"team":"story4","level":55,"stage":55,"element":"HYDRO","wins":3,"losses":0,"seconds":148.92000000000002,"materials":1800,"rate":725.22159548751,"rests":0,"stop":"LIMIT"}
{"condition":14,"total":225,"team":"story4","level":55,"stage":55,"element":"ANEMO","wins":3,"losses":0,"seconds":53.730000000000004,"materials":1800,"rate":2010.0502512562812,"rests":0,"stop":"LIMIT"}
{"condition":15,"total":225,"team":"story4","level":55,"stage":55,"element":"ELECTRO","wins":3,"losses":0,"seconds":184.71,"materials":1800,"rate":584.7003410751989,"rests":1,"stop":"LIMIT"}
{"condition":16,"total":225,"team":"story4","level":55,"stage":55,"element":"CRYO","wins":3,"losses":0,"seconds":164.57999999999998,"materials":1800,"rate":656.2158220925994,"rests":0,"stop":"LIMIT"}
{"condition":17,"total":225,"team":"story4","level":55,"stage":55,"element":"GEO","wins":3,"losses":0,"seconds":82.32,"materials":1800,"rate":1311.9533527696794,"rests":0,"stop":"LIMIT"}
{"condition":18,"total":225,"team":"story4","level":55,"stage":55,"element":"DENDRO","wins":3,"losses":0,"seconds":95.45,"materials":1800,"rate":1131.4824515453117,"rests":0,"stop":"LIMIT"}
{"condition":19,"total":225,"team":"story4","level":55,"stage":60,"element":"NEUTRAL","wins":3,"losses":0,"seconds":82.19,"materials":4500,"rate":3285.0711765421584,"rests":0,"stop":"LIMIT"}
{"condition":20,"total":225,"team":"story4","level":55,"stage":60,"element":"PYRO","wins":3,"losses":0,"seconds":274.35,"materials":4500,"rate":984.1443411700382,"rests":1,"stop":"LIMIT"}
{"condition":21,"total":225,"team":"story4","level":55,"stage":60,"element":"HYDRO","wins":3,"losses":0,"seconds":187.89,"materials":4500,"rate":1437.0110170844644,"rests":0,"stop":"LIMIT"}
{"condition":22,"total":225,"team":"story4","level":55,"stage":60,"element":"ANEMO","wins":3,"losses":0,"seconds":47.07000000000001,"materials":4500,"rate":5736.137667304014,"rests":0,"stop":"LIMIT"}
{"condition":23,"total":225,"team":"story4","level":55,"stage":60,"element":"ELECTRO","wins":3,"losses":0,"seconds":194.7,"materials":4500,"rate":1386.748844375963,"rests":1,"stop":"LIMIT"}
{"condition":24,"total":225,"team":"story4","level":55,"stage":60,"element":"CRYO","wins":3,"losses":0,"seconds":233.61,"materials":4500,"rate":1155.7724412482341,"rests":1,"stop":"LIMIT"}
{"condition":25,"total":225,"team":"story4","level":55,"stage":60,"element":"GEO","wins":3,"losses":0,"seconds":102.29999999999998,"materials":4500,"rate":2639.296187683285,"rests":0,"stop":"LIMIT"}
{"condition":26,"total":225,"team":"story4","level":55,"stage":60,"element":"DENDRO","wins":3,"losses":0,"seconds":121.17,"materials":4500,"rate":2228.2743253280514,"rests":0,"stop":"LIMIT"}
{"condition":27,"total":225,"team":"heal4","level":25,"stage":25,"element":"NEUTRAL","wins":3,"losses":0,"seconds":279.25,"materials":18,"rate":3.8675022381378694,"rests":1,"stop":"LIMIT"}
{"condition":28,"total":225,"team":"heal4","level":25,"stage":25,"element":"PYRO","wins":0,"losses":1,"seconds":163.04000000000002,"materials":0,"rate":0,"rests":0,"stop":"DEFEAT"}
{"condition":29,"total":225,"team":"heal4","level":25,"stage":25,"element":"HYDRO","wins":3,"losses":0,"seconds":460.87,"materials":18,"rate":2.343394015666023,"rests":2,"stop":"LIMIT"}
{"condition":30,"total":225,"team":"heal4","level":25,"stage":25,"element":"ANEMO","wins":3,"losses":0,"seconds":434.22,"materials":18,"rate":2.4872184606881302,"rests":2,"stop":"LIMIT"}
{"condition":31,"total":225,"team":"heal4","level":25,"stage":25,"element":"ELECTRO","wins":3,"losses":0,"seconds":374.11,"materials":18,"rate":2.8868514608002993,"rests":2,"stop":"LIMIT"}
{"condition":32,"total":225,"team":"heal4","level":25,"stage":25,"element":"CRYO","wins":3,"losses":0,"seconds":478.81999999999994,"materials":18,"rate":2.2555448811662004,"rests":2,"stop":"LIMIT"}
{"condition":33,"total":225,"team":"heal4","level":25,"stage":25,"element":"GEO","wins":3,"losses":0,"seconds":331.63,"materials":18,"rate":3.2566414377468864,"rests":1,"stop":"LIMIT"}
{"condition":34,"total":225,"team":"heal4","level":25,"stage":25,"element":"DENDRO","wins":3,"losses":0,"seconds":177.18,"materials":18,"rate":6.095496105655266,"rests":0,"stop":"LIMIT"}
{"condition":35,"total":225,"team":"heal4","level":25,"stage":30,"element":"NEUTRAL","wins":3,"losses":0,"seconds":140.43,"materials":24,"rate":10.254219183935056,"rests":0,"stop":"LIMIT"}
{"condition":36,"total":225,"team":"heal4","level":25,"stage":30,"element":"PYRO","wins":3,"losses":0,"seconds":173.19,"materials":24,"rate":8.314567815693747,"rests":0,"stop":"LIMIT"}
{"condition":37,"total":225,"team":"heal4","level":25,"stage":30,"element":"HYDRO","wins":3,"losses":0,"seconds":141.54,"materials":24,"rate":10.173802458668929,"rests":0,"stop":"LIMIT"}
{"condition":38,"total":225,"team":"heal4","level":25,"stage":30,"element":"ANEMO","wins":3,"losses":0,"seconds":119.34,"materials":24,"rate":12.066365007541478,"rests":0,"stop":"LIMIT"}
{"condition":39,"total":225,"team":"heal4","level":25,"stage":30,"element":"ELECTRO","wins":3,"losses":0,"seconds":197.60999999999999,"materials":24,"rate":7.287080613329286,"rests":0,"stop":"LIMIT"}
{"condition":40,"total":225,"team":"heal4","level":25,"stage":30,"element":"CRYO","wins":3,"losses":0,"seconds":160.85999999999999,"materials":24,"rate":8.951883625512869,"rests":0,"stop":"LIMIT"}
{"condition":41,"total":225,"team":"heal4","level":25,"stage":30,"element":"GEO","wins":3,"losses":0,"seconds":132.66,"materials":24,"rate":10.854816824966079,"rests":0,"stop":"LIMIT"}
{"condition":42,"total":225,"team":"heal4","level":25,"stage":30,"element":"DENDRO","wins":3,"losses":0,"seconds":152.64000000000001,"materials":24,"rate":9.433962264150942,"rests":0,"stop":"LIMIT"}
{"condition":43,"total":225,"team":"heal4","level":55,"stage":55,"element":"NEUTRAL","wins":3,"losses":0,"seconds":110.46000000000001,"materials":1800,"rate":977.729494839761,"rests":0,"stop":"LIMIT"}
{"condition":44,"total":225,"team":"heal4","level":55,"stage":55,"element":"PYRO","wins":3,"losses":0,"seconds":492.06999999999994,"materials":1800,"rate":219.48096815493733,"rests":2,"stop":"LIMIT"}
{"condition":45,"total":225,"team":"heal4","level":55,"stage":55,"element":"HYDRO","wins":3,"losses":0,"seconds":326.01,"materials":1800,"rate":331.2781816508696,"rests":1,"stop":"LIMIT"}
{"condition":46,"total":225,"team":"heal4","level":55,"stage":55,"element":"ANEMO","wins":3,"losses":0,"seconds":169.39,"materials":1800,"rate":637.5819115650276,"rests":1,"stop":"LIMIT"}
{"condition":47,"total":225,"team":"heal4","level":55,"stage":55,"element":"ELECTRO","wins":3,"losses":0,"seconds":283.84,"materials":1800,"rate":380.4960541149944,"rests":1,"stop":"LIMIT"}
{"condition":48,"total":225,"team":"heal4","level":55,"stage":55,"element":"CRYO","wins":3,"losses":0,"seconds":399.73999999999995,"materials":1800,"rate":270.17561414919703,"rests":1,"stop":"LIMIT"}
{"condition":49,"total":225,"team":"heal4","level":55,"stage":55,"element":"GEO","wins":3,"losses":0,"seconds":142.64999999999998,"materials":1800,"rate":757.0977917981073,"rests":0,"stop":"LIMIT"}
{"condition":50,"total":225,"team":"heal4","level":55,"stage":55,"element":"DENDRO","wins":3,"losses":0,"seconds":164.85,"materials":1800,"rate":655.1410373066424,"rests":0,"stop":"LIMIT"}
{"condition":51,"total":225,"team":"heal4","level":55,"stage":60,"element":"NEUTRAL","wins":3,"losses":0,"seconds":116.01,"materials":4500,"rate":2327.3855702094647,"rests":0,"stop":"LIMIT"}
{"condition":52,"total":225,"team":"heal4","level":55,"stage":60,"element":"PYRO","wins":0,"losses":1,"seconds":204.18,"materials":0,"rate":0,"rests":0,"stop":"DEFEAT"}
{"condition":53,"total":225,"team":"heal4","level":55,"stage":60,"element":"HYDRO","wins":3,"losses":0,"seconds":469.66999999999996,"materials":4500,"rate":574.8717184406073,"rests":2,"stop":"LIMIT"}
{"condition":54,"total":225,"team":"heal4","level":55,"stage":60,"element":"ANEMO","wins":3,"losses":0,"seconds":124.89,"materials":4500,"rate":2161.902474177276,"rests":0,"stop":"LIMIT"}
{"condition":55,"total":225,"team":"heal4","level":55,"stage":60,"element":"ELECTRO","wins":3,"losses":0,"seconds":373.51,"materials":4500,"rate":722.8722122567,"rests":2,"stop":"LIMIT"}
{"condition":56,"total":225,"team":"heal4","level":55,"stage":60,"element":"CRYO","wins":3,"losses":0,"seconds":468.06,"materials":4500,"rate":576.8491219074477,"rests":2,"stop":"LIMIT"}
{"condition":57,"total":225,"team":"heal4","level":55,"stage":60,"element":"GEO","wins":3,"losses":0,"seconds":241.66,"materials":4500,"rate":1117.2722006124307,"rests":1,"stop":"LIMIT"}
{"condition":58,"total":225,"team":"heal4","level":55,"stage":60,"element":"DENDRO","wins":3,"losses":0,"seconds":194.94,"materials":4500,"rate":1385.0415512465374,"rests":0,"stop":"LIMIT"}
{"condition":59,"total":225,"team":"five0","level":25,"stage":25,"element":"NEUTRAL","wins":3,"losses":0,"seconds":134.61,"materials":18,"rate":8.023178069979942,"rests":0,"stop":"LIMIT"}
{"condition":60,"total":225,"team":"five0","level":25,"stage":25,"element":"PYRO","wins":3,"losses":0,"seconds":313.44,"materials":18,"rate":3.445635528330781,"rests":1,"stop":"LIMIT"}
{"condition":61,"total":225,"team":"five0","level":25,"stage":25,"element":"HYDRO","wins":3,"losses":0,"seconds":160.33,"materials":18,"rate":6.736106779766731,"rests":0,"stop":"LIMIT"}
{"condition":62,"total":225,"team":"five0","level":25,"stage":25,"element":"ANEMO","wins":3,"losses":0,"seconds":216.6,"materials":18,"rate":4.986149584487535,"rests":1,"stop":"LIMIT"}
{"condition":63,"total":225,"team":"five0","level":25,"stage":25,"element":"ELECTRO","wins":3,"losses":0,"seconds":127.5,"materials":18,"rate":8.470588235294118,"rests":0,"stop":"LIMIT"}
{"condition":64,"total":225,"team":"five0","level":25,"stage":25,"element":"CRYO","wins":3,"losses":0,"seconds":134.61,"materials":18,"rate":8.023178069979942,"rests":0,"stop":"LIMIT"}
{"condition":65,"total":225,"team":"five0","level":25,"stage":25,"element":"GEO","wins":3,"losses":0,"seconds":136.05,"materials":18,"rate":7.938257993384784,"rests":0,"stop":"LIMIT"}
{"condition":66,"total":225,"team":"five0","level":25,"stage":25,"element":"DENDRO","wins":3,"losses":0,"seconds":89.64,"materials":18,"rate":12.048192771084338,"rests":0,"stop":"LIMIT"}
{"condition":67,"total":225,"team":"five0","level":25,"stage":30,"element":"NEUTRAL","wins":3,"losses":0,"seconds":69.66,"materials":24,"rate":20.671834625322997,"rests":0,"stop":"LIMIT"}
{"condition":68,"total":225,"team":"five0","level":25,"stage":30,"element":"PYRO","wins":3,"losses":0,"seconds":97.73,"materials":24,"rate":14.734472526348101,"rests":0,"stop":"LIMIT"}
{"condition":69,"total":225,"team":"five0","level":25,"stage":30,"element":"HYDRO","wins":3,"losses":0,"seconds":82.19,"materials":24,"rate":17.520379608224847,"rests":0,"stop":"LIMIT"}
{"condition":70,"total":225,"team":"five0","level":25,"stage":30,"element":"ANEMO","wins":3,"losses":0,"seconds":99.82000000000001,"materials":24,"rate":14.425966740132237,"rests":0,"stop":"LIMIT"}
{"condition":71,"total":225,"team":"five0","level":25,"stage":30,"element":"ELECTRO","wins":3,"losses":0,"seconds":59.67,"materials":24,"rate":24.132730015082956,"rests":0,"stop":"LIMIT"}
{"condition":72,"total":225,"team":"five0","level":25,"stage":30,"element":"CRYO","wins":3,"losses":0,"seconds":50.79,"materials":24,"rate":28.35203780271707,"rests":0,"stop":"LIMIT"}
{"condition":73,"total":225,"team":"five0","level":25,"stage":30,"element":"GEO","wins":3,"losses":0,"seconds":62.67,"materials":24,"rate":22.977501196744853,"rests":0,"stop":"LIMIT"}
{"condition":74,"total":225,"team":"five0","level":25,"stage":30,"element":"DENDRO","wins":3,"losses":0,"seconds":86.96000000000001,"materials":24,"rate":16.559337626494937,"rests":0,"stop":"LIMIT"}
{"condition":75,"total":225,"team":"five0","level":55,"stage":55,"element":"NEUTRAL","wins":3,"losses":0,"seconds":62.87,"materials":1800,"rate":1717.8304437728648,"rests":0,"stop":"LIMIT"}
{"condition":76,"total":225,"team":"five0","level":55,"stage":55,"element":"PYRO","wins":3,"losses":0,"seconds":307.14,"materials":1800,"rate":351.6311779644462,"rests":1,"stop":"LIMIT"}
{"condition":77,"total":225,"team":"five0","level":55,"stage":55,"element":"HYDRO","wins":3,"losses":0,"seconds":195.19,"materials":1800,"rate":553.3070341718326,"rests":0,"stop":"LIMIT"}
{"condition":78,"total":225,"team":"five0","level":55,"stage":55,"element":"ANEMO","wins":3,"losses":0,"seconds":114.25,"materials":1800,"rate":945.2954048140044,"rests":0,"stop":"LIMIT"}
{"condition":79,"total":225,"team":"five0","level":55,"stage":55,"element":"ELECTRO","wins":3,"losses":0,"seconds":96.95,"materials":1800,"rate":1113.9762764311502,"rests":0,"stop":"LIMIT"}
{"condition":80,"total":225,"team":"five0","level":55,"stage":55,"element":"CRYO","wins":3,"losses":0,"seconds":174.17,"materials":1800,"rate":620.0838261468681,"rests":0,"stop":"LIMIT"}
{"condition":81,"total":225,"team":"five0","level":55,"stage":55,"element":"GEO","wins":3,"losses":0,"seconds":127.5,"materials":1800,"rate":847.0588235294117,"rests":0,"stop":"LIMIT"}
{"condition":82,"total":225,"team":"five0","level":55,"stage":55,"element":"DENDRO","wins":3,"losses":0,"seconds":78.41,"materials":1800,"rate":1377.3753347787272,"rests":0,"stop":"LIMIT"}
{"condition":83,"total":225,"team":"five0","level":55,"stage":60,"element":"NEUTRAL","wins":3,"losses":0,"seconds":75.27000000000001,"materials":4500,"rate":3587.086488640892,"rests":0,"stop":"LIMIT"}
{"condition":84,"total":225,"team":"five0","level":55,"stage":60,"element":"PYRO","wins":3,"losses":0,"seconds":376.27,"materials":4500,"rate":717.5698301751403,"rests":1,"stop":"LIMIT"}
{"condition":85,"total":225,"team":"five0","level":55,"stage":60,"element":"HYDRO","wins":3,"losses":0,"seconds":254.42000000000002,"materials":4500,"rate":1061.2373241097398,"rests":1,"stop":"LIMIT"}
{"condition":86,"total":225,"team":"five0","level":55,"stage":60,"element":"ANEMO","wins":3,"losses":0,"seconds":133.76999999999998,"materials":4500,"rate":2018.3897734918146,"rests":0,"stop":"LIMIT"}
{"condition":87,"total":225,"team":"five0","level":55,"stage":60,"element":"ELECTRO","wins":3,"losses":0,"seconds":165.29999999999998,"materials":4500,"rate":1633.393829401089,"rests":0,"stop":"LIMIT"}
{"condition":88,"total":225,"team":"five0","level":55,"stage":60,"element":"CRYO","wins":3,"losses":0,"seconds":244.76000000000002,"materials":4500,"rate":1103.1214250694557,"rests":1,"stop":"LIMIT"}
{"condition":89,"total":225,"team":"five0","level":55,"stage":60,"element":"GEO","wins":3,"losses":0,"seconds":151.26,"materials":4500,"rate":1785.0059500198336,"rests":0,"stop":"LIMIT"}
{"condition":90,"total":225,"team":"five0","level":55,"stage":60,"element":"DENDRO","wins":3,"losses":0,"seconds":87.16,"materials":4500,"rate":3097.7512620468106,"rests":0,"stop":"LIMIT"}
{"condition":91,"total":225,"team":"story4","level":55,"stage":5,"element":"ANEMO","wins":3,"losses":0,"seconds":39.69,"materials":3,"rate":4.535147392290249,"rests":0,"stop":"LIMIT"}
{"condition":92,"total":225,"team":"story4","level":55,"stage":5,"element":"CRYO","wins":3,"losses":0,"seconds":34.53,"materials":3,"rate":5.2128583840139004,"rests":0,"stop":"LIMIT"}
{"condition":93,"total":225,"team":"story4","level":55,"stage":5,"element":"GEO","wins":3,"losses":0,"seconds":34.53,"materials":3,"rate":5.2128583840139004,"rests":0,"stop":"LIMIT"}
{"condition":94,"total":225,"team":"story4","level":55,"stage":5,"element":"DENDRO","wins":3,"losses":0,"seconds":34.53,"materials":3,"rate":5.2128583840139004,"rests":0,"stop":"LIMIT"}
{"condition":95,"total":225,"team":"story4","level":55,"stage":10,"element":"NEUTRAL","wins":3,"losses":0,"seconds":34.14,"materials":6,"rate":10.54481546572935,"rests":0,"stop":"LIMIT"}
{"condition":96,"total":225,"team":"story4","level":55,"stage":10,"element":"PYRO","wins":3,"losses":0,"seconds":34.4,"materials":6,"rate":10.465116279069768,"rests":0,"stop":"LIMIT"}
{"condition":97,"total":225,"team":"story4","level":55,"stage":10,"element":"HYDRO","wins":3,"losses":0,"seconds":34.4,"materials":6,"rate":10.465116279069768,"rests":0,"stop":"LIMIT"}
{"condition":98,"total":225,"team":"story4","level":55,"stage":10,"element":"ANEMO","wins":3,"losses":0,"seconds":39.69,"materials":6,"rate":9.070294784580499,"rests":0,"stop":"LIMIT"}
{"condition":99,"total":225,"team":"story4","level":55,"stage":10,"element":"ELECTRO","wins":3,"losses":0,"seconds":34.4,"materials":6,"rate":10.465116279069768,"rests":0,"stop":"LIMIT"}
{"condition":100,"total":225,"team":"story4","level":55,"stage":10,"element":"CRYO","wins":3,"losses":0,"seconds":34.4,"materials":6,"rate":10.465116279069768,"rests":0,"stop":"LIMIT"}
{"condition":101,"total":225,"team":"story4","level":55,"stage":10,"element":"GEO","wins":3,"losses":0,"seconds":34.4,"materials":6,"rate":10.465116279069768,"rests":0,"stop":"LIMIT"}
{"condition":102,"total":225,"team":"story4","level":55,"stage":10,"element":"DENDRO","wins":3,"losses":0,"seconds":34.4,"materials":6,"rate":10.465116279069768,"rests":0,"stop":"LIMIT"}
{"condition":103,"total":225,"team":"story4","level":55,"stage":15,"element":"NEUTRAL","wins":3,"losses":0,"seconds":34.14,"materials":9,"rate":15.817223198594025,"rests":0,"stop":"LIMIT"}
{"condition":104,"total":225,"team":"story4","level":55,"stage":15,"element":"PYRO","wins":3,"losses":0,"seconds":34.14,"materials":9,"rate":15.817223198594025,"rests":0,"stop":"LIMIT"}
{"condition":105,"total":225,"team":"story4","level":55,"stage":15,"element":"HYDRO","wins":3,"losses":0,"seconds":34.14,"materials":9,"rate":15.817223198594025,"rests":0,"stop":"LIMIT"}
{"condition":106,"total":225,"team":"story4","level":55,"stage":15,"element":"ANEMO","wins":3,"losses":0,"seconds":39.69,"materials":9,"rate":13.60544217687075,"rests":0,"stop":"LIMIT"}
{"condition":107,"total":225,"team":"story4","level":55,"stage":15,"element":"ELECTRO","wins":3,"losses":0,"seconds":34.14,"materials":9,"rate":15.817223198594025,"rests":0,"stop":"LIMIT"}
{"condition":108,"total":225,"team":"story4","level":55,"stage":15,"element":"CRYO","wins":3,"losses":0,"seconds":34.14,"materials":9,"rate":15.817223198594025,"rests":0,"stop":"LIMIT"}
{"condition":109,"total":225,"team":"story4","level":55,"stage":15,"element":"GEO","wins":3,"losses":0,"seconds":34.14,"materials":9,"rate":15.817223198594025,"rests":0,"stop":"LIMIT"}
{"condition":110,"total":225,"team":"story4","level":55,"stage":15,"element":"DENDRO","wins":3,"losses":0,"seconds":34.14,"materials":9,"rate":15.817223198594025,"rests":0,"stop":"LIMIT"}
{"condition":111,"total":225,"team":"story4","level":55,"stage":20,"element":"NEUTRAL","wins":3,"losses":0,"seconds":43.74,"materials":12,"rate":16.46090534979424,"rests":0,"stop":"LIMIT"}
{"condition":112,"total":225,"team":"story4","level":55,"stage":20,"element":"PYRO","wins":3,"losses":0,"seconds":53.730000000000004,"materials":12,"rate":13.400335008375208,"rests":0,"stop":"LIMIT"}
{"condition":113,"total":225,"team":"story4","level":55,"stage":20,"element":"HYDRO","wins":3,"losses":0,"seconds":40.41,"materials":12,"rate":17.8173719376392,"rests":0,"stop":"LIMIT"}
{"condition":114,"total":225,"team":"story4","level":55,"stage":20,"element":"ANEMO","wins":3,"losses":0,"seconds":43.74,"materials":12,"rate":16.46090534979424,"rests":0,"stop":"LIMIT"}
{"condition":115,"total":225,"team":"story4","level":55,"stage":20,"element":"ELECTRO","wins":3,"losses":0,"seconds":40.8,"materials":12,"rate":17.647058823529413,"rests":0,"stop":"LIMIT"}
{"condition":116,"total":225,"team":"story4","level":55,"stage":20,"element":"CRYO","wins":3,"losses":0,"seconds":40.41,"materials":12,"rate":17.8173719376392,"rests":0,"stop":"LIMIT"}
{"condition":117,"total":225,"team":"story4","level":55,"stage":20,"element":"GEO","wins":3,"losses":0,"seconds":39.3,"materials":12,"rate":18.320610687022903,"rests":0,"stop":"LIMIT"}
{"condition":118,"total":225,"team":"story4","level":55,"stage":20,"element":"DENDRO","wins":3,"losses":0,"seconds":34.14,"materials":12,"rate":21.0896309314587,"rests":0,"stop":"LIMIT"}
{"condition":119,"total":225,"team":"story4","level":55,"stage":25,"element":"NEUTRAL","wins":3,"losses":0,"seconds":47.07000000000001,"materials":18,"rate":22.944550669216056,"rests":0,"stop":"LIMIT"}
{"condition":120,"total":225,"team":"story4","level":55,"stage":25,"element":"PYRO","wins":3,"losses":0,"seconds":88.98,"materials":18,"rate":12.137559002022925,"rests":0,"stop":"LIMIT"}
{"condition":121,"total":225,"team":"story4","level":55,"stage":25,"element":"HYDRO","wins":3,"losses":0,"seconds":58.17,"materials":18,"rate":18.5662712738525,"rests":0,"stop":"LIMIT"}
{"condition":122,"total":225,"team":"story4","level":55,"stage":25,"element":"ANEMO","wins":3,"losses":0,"seconds":42.629999999999995,"materials":18,"rate":25.33427163969036,"rests":0,"stop":"LIMIT"}
{"condition":123,"total":225,"team":"story4","level":55,"stage":25,"element":"ELECTRO","wins":3,"losses":0,"seconds":39.3,"materials":18,"rate":27.480916030534353,"rests":0,"stop":"LIMIT"}
{"condition":124,"total":225,"team":"story4","level":55,"stage":25,"element":"CRYO","wins":3,"losses":0,"seconds":70.57,"materials":18,"rate":15.303953521326344,"rests":0,"stop":"LIMIT"}
{"condition":125,"total":225,"team":"story4","level":55,"stage":25,"element":"GEO","wins":3,"losses":0,"seconds":43.74,"materials":18,"rate":24.691358024691358,"rests":0,"stop":"LIMIT"}
{"condition":126,"total":225,"team":"story4","level":55,"stage":25,"element":"DENDRO","wins":3,"losses":0,"seconds":45.96000000000001,"materials":18,"rate":23.498694516971277,"rests":0,"stop":"LIMIT"}
{"condition":127,"total":225,"team":"story4","level":55,"stage":30,"element":"NEUTRAL","wins":3,"losses":0,"seconds":34.14,"materials":24,"rate":42.1792618629174,"rests":0,"stop":"LIMIT"}
{"condition":128,"total":225,"team":"story4","level":55,"stage":30,"element":"PYRO","wins":3,"losses":0,"seconds":34.14,"materials":24,"rate":42.1792618629174,"rests":0,"stop":"LIMIT"}
{"condition":129,"total":225,"team":"story4","level":55,"stage":30,"element":"HYDRO","wins":3,"losses":0,"seconds":34.14,"materials":24,"rate":42.1792618629174,"rests":0,"stop":"LIMIT"}
{"condition":130,"total":225,"team":"story4","level":55,"stage":30,"element":"ANEMO","wins":3,"losses":0,"seconds":40.41,"materials":24,"rate":35.6347438752784,"rests":0,"stop":"LIMIT"}
{"condition":131,"total":225,"team":"story4","level":55,"stage":30,"element":"ELECTRO","wins":3,"losses":0,"seconds":34.14,"materials":24,"rate":42.1792618629174,"rests":0,"stop":"LIMIT"}
{"condition":132,"total":225,"team":"story4","level":55,"stage":30,"element":"CRYO","wins":3,"losses":0,"seconds":34.14,"materials":24,"rate":42.1792618629174,"rests":0,"stop":"LIMIT"}
{"condition":133,"total":225,"team":"story4","level":55,"stage":30,"element":"GEO","wins":3,"losses":0,"seconds":34.14,"materials":24,"rate":42.1792618629174,"rests":0,"stop":"LIMIT"}
{"condition":134,"total":225,"team":"story4","level":55,"stage":30,"element":"DENDRO","wins":3,"losses":0,"seconds":34.14,"materials":24,"rate":42.1792618629174,"rests":0,"stop":"LIMIT"}
{"condition":135,"total":225,"team":"story4","level":55,"stage":35,"element":"NEUTRAL","wins":3,"losses":0,"seconds":39.69,"materials":60,"rate":90.702947845805,"rests":0,"stop":"LIMIT"}
{"condition":136,"total":225,"team":"story4","level":55,"stage":35,"element":"PYRO","wins":3,"losses":0,"seconds":71.68,"materials":60,"rate":50.22321428571428,"rests":0,"stop":"LIMIT"}
{"condition":137,"total":225,"team":"story4","level":55,"stage":35,"element":"HYDRO","wins":3,"losses":0,"seconds":58.17,"materials":60,"rate":61.88757091284167,"rests":0,"stop":"LIMIT"}
{"condition":138,"total":225,"team":"story4","level":55,"stage":35,"element":"ANEMO","wins":3,"losses":0,"seconds":58.17000000000001,"materials":60,"rate":61.88757091284166,"rests":0,"stop":"LIMIT"}
{"condition":139,"total":225,"team":"story4","level":55,"stage":35,"element":"ELECTRO","wins":3,"losses":0,"seconds":49.29,"materials":60,"rate":73.03712720632988,"rests":0,"stop":"LIMIT"}
{"condition":140,"total":225,"team":"story4","level":55,"stage":35,"element":"CRYO","wins":3,"losses":0,"seconds":74.55,"materials":60,"rate":48.289738430583505,"rests":0,"stop":"LIMIT"}
{"condition":141,"total":225,"team":"story4","level":55,"stage":35,"element":"GEO","wins":3,"losses":0,"seconds":43.74,"materials":60,"rate":82.30452674897118,"rests":0,"stop":"LIMIT"}
{"condition":142,"total":225,"team":"story4","level":55,"stage":35,"element":"DENDRO","wins":3,"losses":0,"seconds":43.019999999999996,"materials":60,"rate":83.68200836820084,"rests":0,"stop":"LIMIT"}
{"condition":143,"total":225,"team":"story4","level":55,"stage":40,"element":"NEUTRAL","wins":3,"losses":0,"seconds":39.3,"materials":105,"rate":160.3053435114504,"rests":0,"stop":"LIMIT"}
{"condition":144,"total":225,"team":"story4","level":55,"stage":40,"element":"PYRO","wins":3,"losses":0,"seconds":87.87,"materials":105,"rate":71.69682485489928,"rests":0,"stop":"LIMIT"}
{"condition":145,"total":225,"team":"story4","level":55,"stage":40,"element":"HYDRO","wins":3,"losses":0,"seconds":71.16,"materials":105,"rate":88.53288364249579,"rests":0,"stop":"LIMIT"}
{"condition":146,"total":225,"team":"story4","level":55,"stage":40,"element":"ANEMO","wins":3,"losses":0,"seconds":63.25999999999999,"materials":105,"rate":99.58899778691118,"rests":0,"stop":"LIMIT"}
{"condition":147,"total":225,"team":"story4","level":55,"stage":40,"element":"ELECTRO","wins":3,"losses":0,"seconds":71.22,"materials":105,"rate":88.45829823083403,"rests":0,"stop":"LIMIT"}
{"condition":148,"total":225,"team":"story4","level":55,"stage":40,"element":"CRYO","wins":3,"losses":0,"seconds":86.76,"materials":105,"rate":72.61410788381743,"rests":0,"stop":"LIMIT"}
{"condition":149,"total":225,"team":"story4","level":55,"stage":40,"element":"GEO","wins":3,"losses":0,"seconds":49.290000000000006,"materials":105,"rate":127.81497261107728,"rests":0,"stop":"LIMIT"}
{"condition":150,"total":225,"team":"story4","level":55,"stage":40,"element":"DENDRO","wins":3,"losses":0,"seconds":43.739999999999995,"materials":105,"rate":144.0329218106996,"rests":0,"stop":"LIMIT"}
{"condition":151,"total":225,"team":"story4","level":55,"stage":45,"element":"NEUTRAL","wins":3,"losses":0,"seconds":81.21,"materials":240,"rate":177.31806427779833,"rests":0,"stop":"LIMIT"}
{"condition":152,"total":225,"team":"story4","level":55,"stage":45,"element":"PYRO","wins":3,"losses":0,"seconds":175.74,"materials":240,"rate":81.93922840559918,"rests":0,"stop":"LIMIT"}
{"condition":153,"total":225,"team":"story4","level":55,"stage":45,"element":"HYDRO","wins":3,"losses":0,"seconds":108.96000000000001,"materials":240,"rate":132.15859030837004,"rests":0,"stop":"LIMIT"}
{"condition":154,"total":225,"team":"story4","level":55,"stage":45,"element":"ANEMO","wins":3,"losses":0,"seconds":54.84,"materials":240,"rate":262.58205689277895,"rests":0,"stop":"LIMIT"}
{"condition":155,"total":225,"team":"story4","level":55,"stage":45,"element":"ELECTRO","wins":3,"losses":0,"seconds":81.21,"materials":240,"rate":177.31806427779833,"rests":0,"stop":"LIMIT"}
{"condition":156,"total":225,"team":"story4","level":55,"stage":45,"element":"CRYO","wins":3,"losses":0,"seconds":123.06,"materials":240,"rate":117.01608971233544,"rests":0,"stop":"LIMIT"}
{"condition":157,"total":225,"team":"story4","level":55,"stage":45,"element":"GEO","wins":3,"losses":0,"seconds":43.74,"materials":240,"rate":329.21810699588474,"rests":0,"stop":"LIMIT"}
{"condition":158,"total":225,"team":"story4","level":55,"stage":45,"element":"DENDRO","wins":3,"losses":0,"seconds":45.96,"materials":240,"rate":313.31592689295036,"rests":0,"stop":"LIMIT"}
{"condition":159,"total":225,"team":"story4","level":55,"stage":50,"element":"ANEMO","wins":3,"losses":0,"seconds":61.50000000000001,"materials":540,"rate":526.8292682926829,"rests":0,"stop":"LIMIT"}
{"condition":160,"total":225,"team":"story4","level":55,"stage":50,"element":"CRYO","wins":3,"losses":0,"seconds":245.79000000000002,"materials":540,"rate":131.8198462101794,"rests":1,"stop":"LIMIT"}
{"condition":161,"total":225,"team":"story4","level":55,"stage":50,"element":"GEO","wins":3,"losses":0,"seconds":54.84,"materials":540,"rate":590.8096280087527,"rests":0,"stop":"LIMIT"}
{"condition":162,"total":225,"team":"story4","level":55,"stage":50,"element":"DENDRO","wins":3,"losses":0,"seconds":52.620000000000005,"materials":540,"rate":615.7354618015963,"rests":0,"stop":"LIMIT"}
{"condition":163,"total":225,"team":"story4","level":55,"stage":55,"element":"ANEMO","wins":3,"losses":0,"seconds":57.06,"materials":1800,"rate":1892.744479495268,"rests":0,"stop":"LIMIT"}
{"condition":164,"total":225,"team":"story4","level":55,"stage":55,"element":"CRYO","wins":3,"losses":0,"seconds":316.38,"materials":1800,"rate":341.36165370756686,"rests":1,"stop":"LIMIT"}
{"condition":165,"total":225,"team":"story4","level":55,"stage":55,"element":"GEO","wins":3,"losses":0,"seconds":87.86999999999999,"materials":1800,"rate":1229.0884260839878,"rests":0,"stop":"LIMIT"}
{"condition":166,"total":225,"team":"story4","level":55,"stage":55,"element":"DENDRO","wins":3,"losses":0,"seconds":135.60000000000002,"materials":1800,"rate":796.4601769911503,"rests":0,"stop":"LIMIT"}
{"condition":167,"total":225,"team":"story4","level":55,"stage":60,"element":"ANEMO","wins":3,"losses":0,"seconds":59.28,"materials":4500,"rate":4554.655870445344,"rests":0,"stop":"LIMIT"}
{"condition":168,"total":225,"team":"story4","level":55,"stage":60,"element":"CRYO","wins":3,"losses":0,"seconds":414.75,"materials":4500,"rate":650.994575045208,"rests":2,"stop":"LIMIT"}
{"condition":169,"total":225,"team":"story4","level":55,"stage":60,"element":"GEO","wins":3,"losses":0,"seconds":173.31,"materials":4500,"rate":1557.9020252726327,"rests":1,"stop":"LIMIT"}
{"condition":170,"total":225,"team":"story4","level":55,"stage":60,"element":"DENDRO","wins":3,"losses":0,"seconds":156.69,"materials":4500,"rate":1723.1476163124642,"rests":0,"stop":"LIMIT"}
{"condition":171,"total":225,"team":"story4","level":55,"stage":5,"element":"PYRO","wins":3,"losses":0,"seconds":34.53,"materials":3,"rate":5.2128583840139004,"rests":0,"stop":"LIMIT"}
{"condition":172,"total":225,"team":"story4","level":55,"stage":30,"element":"PYRO","wins":3,"losses":0,"seconds":34.14,"materials":24,"rate":42.1792618629174,"rests":0,"stop":"LIMIT"}
{"condition":173,"total":225,"team":"story4","level":55,"stage":50,"element":"PYRO","wins":3,"losses":0,"seconds":281.02,"materials":540,"rate":115.29428510426305,"rests":1,"stop":"LIMIT"}
{"condition":174,"total":225,"team":"story4","level":55,"stage":55,"element":"PYRO","wins":3,"losses":0,"seconds":494.03,"materials":1800,"rate":218.61020585794387,"rests":2,"stop":"LIMIT"}
{"condition":175,"total":225,"team":"story4","level":55,"stage":60,"element":"PYRO","wins":0,"losses":1,"seconds":194,"materials":0,"rate":0,"rests":0,"stop":"DEFEAT"}
{"condition":176,"total":225,"team":"story4","level":55,"stage":5,"element":"PYRO","wins":3,"losses":0,"seconds":34.53,"materials":3,"rate":5.2128583840139004,"rests":0,"stop":"LIMIT"}
{"condition":177,"total":225,"team":"story4","level":55,"stage":30,"element":"PYRO","wins":3,"losses":0,"seconds":34.14,"materials":24,"rate":42.1792618629174,"rests":0,"stop":"LIMIT"}
{"condition":178,"total":225,"team":"story4","level":55,"stage":50,"element":"PYRO","wins":3,"losses":0,"seconds":259.32,"materials":540,"rate":124.94215640906988,"rests":1,"stop":"LIMIT"}
{"condition":179,"total":225,"team":"story4","level":55,"stage":55,"element":"PYRO","wins":3,"losses":0,"seconds":431.43999999999994,"materials":1800,"rate":250.3244947153718,"rests":2,"stop":"LIMIT"}
{"condition":180,"total":225,"team":"story4","level":55,"stage":60,"element":"PYRO","wins":0,"losses":1,"seconds":202.94,"materials":0,"rate":0,"rests":0,"stop":"DEFEAT"}
{"condition":181,"total":225,"team":"story4","level":55,"stage":5,"element":"PYRO","wins":3,"losses":0,"seconds":34.53,"materials":3,"rate":5.2128583840139004,"rests":0,"stop":"LIMIT"}
{"condition":182,"total":225,"team":"story4","level":55,"stage":30,"element":"PYRO","wins":3,"losses":0,"seconds":34.14,"materials":24,"rate":42.1792618629174,"rests":0,"stop":"LIMIT"}
{"condition":183,"total":225,"team":"story4","level":55,"stage":50,"element":"PYRO","wins":3,"losses":0,"seconds":255.99,"materials":540,"rate":126.56744404078285,"rests":1,"stop":"LIMIT"}
{"condition":184,"total":225,"team":"story4","level":55,"stage":55,"element":"PYRO","wins":2,"losses":1,"seconds":474.53,"materials":1200,"rate":151.72907929951742,"rests":1,"stop":"DEFEAT"}
{"condition":185,"total":225,"team":"story4","level":55,"stage":60,"element":"PYRO","wins":0,"losses":1,"seconds":219.33,"materials":0,"rate":0,"rests":0,"stop":"DEFEAT"}
{"condition":186,"total":225,"team":"story4","level":55,"stage":5,"element":"PYRO","wins":3,"losses":0,"seconds":34.53,"materials":3,"rate":5.2128583840139004,"rests":0,"stop":"LIMIT"}
{"condition":187,"total":225,"team":"story4","level":55,"stage":30,"element":"PYRO","wins":3,"losses":0,"seconds":34.14,"materials":24,"rate":42.1792618629174,"rests":0,"stop":"LIMIT"}
{"condition":188,"total":225,"team":"story4","level":55,"stage":50,"element":"PYRO","wins":3,"losses":0,"seconds":257.89,"materials":540,"rate":125.63496064213425,"rests":1,"stop":"LIMIT"}
{"condition":189,"total":225,"team":"story4","level":55,"stage":55,"element":"PYRO","wins":3,"losses":0,"seconds":494.67999999999995,"materials":1800,"rate":218.32295625454842,"rests":2,"stop":"LIMIT"}
{"condition":190,"total":225,"team":"story4","level":55,"stage":60,"element":"PYRO","wins":0,"losses":1,"seconds":193.87,"materials":0,"rate":0,"rests":0,"stop":"DEFEAT"}
{"condition":191,"total":225,"team":"story4","level":60,"stage":30,"element":"PYRO","wins":3,"losses":0,"seconds":34.14,"materials":24,"rate":42.1792618629174,"rests":0,"stop":"LIMIT"}
{"condition":192,"total":225,"team":"story4","level":60,"stage":55,"element":"PYRO","wins":3,"losses":0,"seconds":343.62,"materials":1800,"rate":314.3006809848088,"rests":1,"stop":"LIMIT"}
{"condition":193,"total":225,"team":"story4","level":60,"stage":60,"element":"PYRO","wins":3,"losses":0,"seconds":435.96,"materials":4500,"rate":619.3228736581339,"rests":2,"stop":"LIMIT"}
{"condition":194,"total":225,"team":["MOND_KAEYA","LIYUE_XINGQIU","MOND_BARBARA"],"level":55,"stage":5,"element":"PYRO","wins":3,"losses":0,"seconds":34.53,"materials":3,"rate":5.2128583840139004,"rests":0,"stop":"LIMIT"}
{"condition":195,"total":225,"team":["MOND_KAEYA","LIYUE_XINGQIU","MOND_BARBARA"],"level":55,"stage":30,"element":"PYRO","wins":3,"losses":0,"seconds":34.14,"materials":24,"rate":42.1792618629174,"rests":0,"stop":"LIMIT"}
{"condition":196,"total":225,"team":["MOND_KAEYA","LIYUE_XINGQIU","MOND_BARBARA"],"level":55,"stage":50,"element":"PYRO","wins":3,"losses":0,"seconds":188.26,"materials":540,"rate":172.10241155848297,"rests":0,"stop":"LIMIT"}
{"condition":197,"total":225,"team":["MOND_KAEYA","LIYUE_XINGQIU","MOND_BARBARA"],"level":55,"stage":55,"element":"PYRO","wins":3,"losses":0,"seconds":561.3199999999999,"materials":1800,"rate":192.40362003848074,"rests":2,"stop":"LIMIT"}
{"condition":198,"total":225,"team":["MOND_KAEYA","LIYUE_XINGQIU","MOND_BARBARA"],"level":55,"stage":60,"element":"PYRO","wins":3,"losses":0,"seconds":626.4,"materials":4500,"rate":431.0344827586207,"rests":2,"stop":"LIMIT"}
{"condition":199,"total":225,"team":["MOND_KAEYA","LIYUE_XINGQIU","MOND_BARBARA"],"level":55,"stage":5,"element":"PYRO","wins":3,"losses":0,"seconds":34.53,"materials":3,"rate":5.2128583840139004,"rests":0,"stop":"LIMIT"}
{"condition":200,"total":225,"team":["MOND_KAEYA","LIYUE_XINGQIU","MOND_BARBARA"],"level":55,"stage":30,"element":"PYRO","wins":3,"losses":0,"seconds":34.14,"materials":24,"rate":42.1792618629174,"rests":0,"stop":"LIMIT"}
{"condition":201,"total":225,"team":["MOND_KAEYA","LIYUE_XINGQIU","MOND_BARBARA"],"level":55,"stage":50,"element":"PYRO","wins":3,"losses":0,"seconds":189.70000000000002,"materials":540,"rate":170.79599367422244,"rests":0,"stop":"LIMIT"}
{"condition":202,"total":225,"team":["MOND_KAEYA","LIYUE_XINGQIU","MOND_BARBARA"],"level":55,"stage":55,"element":"PYRO","wins":3,"losses":0,"seconds":493.87999999999994,"materials":1800,"rate":218.67660160362843,"rests":1,"stop":"LIMIT"}
{"condition":203,"total":225,"team":["MOND_KAEYA","LIYUE_XINGQIU","MOND_BARBARA"],"level":55,"stage":60,"element":"PYRO","wins":3,"losses":0,"seconds":719.4799999999999,"materials":4500,"rate":375.27102907655535,"rests":2,"stop":"LIMIT"}
{"condition":204,"total":225,"team":["MOND_KAEYA","LIYUE_XINGQIU","MOND_BARBARA"],"level":55,"stage":5,"element":"PYRO","wins":3,"losses":0,"seconds":34.53,"materials":3,"rate":5.2128583840139004,"rests":0,"stop":"LIMIT"}
{"condition":205,"total":225,"team":["MOND_KAEYA","LIYUE_XINGQIU","MOND_BARBARA"],"level":55,"stage":30,"element":"PYRO","wins":3,"losses":0,"seconds":34.14,"materials":24,"rate":42.1792618629174,"rests":0,"stop":"LIMIT"}
{"condition":206,"total":225,"team":["MOND_KAEYA","LIYUE_XINGQIU","MOND_BARBARA"],"level":55,"stage":50,"element":"PYRO","wins":3,"losses":0,"seconds":194.79,"materials":540,"rate":166.3329739719698,"rests":0,"stop":"LIMIT"}
{"condition":207,"total":225,"team":["MOND_KAEYA","LIYUE_XINGQIU","MOND_BARBARA"],"level":55,"stage":55,"element":"PYRO","wins":3,"losses":0,"seconds":499.84000000000003,"materials":1800,"rate":216.06914212548014,"rests":1,"stop":"LIMIT"}
{"condition":208,"total":225,"team":["MOND_KAEYA","LIYUE_XINGQIU","MOND_BARBARA"],"level":55,"stage":60,"element":"PYRO","wins":2,"losses":1,"seconds":546.4,"materials":3000,"rate":329.42898975109813,"rests":1,"stop":"DEFEAT"}
{"condition":209,"total":225,"team":["MOND_KAEYA","LIYUE_XINGQIU","MOND_BARBARA"],"level":55,"stage":5,"element":"PYRO","wins":3,"losses":0,"seconds":34.53,"materials":3,"rate":5.2128583840139004,"rests":0,"stop":"LIMIT"}
{"condition":210,"total":225,"team":["MOND_KAEYA","LIYUE_XINGQIU","MOND_BARBARA"],"level":55,"stage":30,"element":"PYRO","wins":3,"losses":0,"seconds":34.14,"materials":24,"rate":42.1792618629174,"rests":0,"stop":"LIMIT"}
{"condition":211,"total":225,"team":["MOND_KAEYA","LIYUE_XINGQIU","MOND_BARBARA"],"level":55,"stage":50,"element":"PYRO","wins":3,"losses":0,"seconds":186.37,"materials":540,"rate":173.84772227289798,"rests":0,"stop":"LIMIT"}
{"condition":212,"total":225,"team":["MOND_KAEYA","LIYUE_XINGQIU","MOND_BARBARA"],"level":55,"stage":55,"element":"PYRO","wins":3,"losses":0,"seconds":523.3499999999999,"materials":1800,"rate":206.36285468615654,"rests":2,"stop":"LIMIT"}
{"condition":213,"total":225,"team":["MOND_KAEYA","LIYUE_XINGQIU","MOND_BARBARA"],"level":55,"stage":60,"element":"PYRO","wins":3,"losses":0,"seconds":698.76,"materials":4500,"rate":386.39876352395675,"rests":2,"stop":"LIMIT"}
{"condition":214,"total":225,"team":["MOND_KAEYA","LIYUE_XINGQIU","MOND_BARBARA"],"level":60,"stage":30,"element":"PYRO","wins":3,"losses":0,"seconds":34.14,"materials":24,"rate":42.1792618629174,"rests":0,"stop":"LIMIT"}
{"condition":215,"total":225,"team":["MOND_KAEYA","LIYUE_XINGQIU","MOND_BARBARA"],"level":60,"stage":55,"element":"PYRO","wins":3,"losses":0,"seconds":321.04,"materials":1800,"rate":336.40667829553945,"rests":0,"stop":"LIMIT"}
{"condition":216,"total":225,"team":["MOND_KAEYA","LIYUE_XINGQIU","MOND_BARBARA"],"level":60,"stage":60,"element":"PYRO","wins":3,"losses":0,"seconds":432.79999999999995,"materials":4500,"rate":623.8447319778189,"rests":1,"stop":"LIMIT"}
{"condition":217,"total":225,"team":["MOND_KAEYA","LIYUE_XINGQIU","MOND_BARBARA"],"level":55,"stage":30,"element":"PYRO","wins":3,"losses":0,"seconds":34.14,"materials":24,"rate":42.1792618629174,"rests":0,"stop":"LIMIT"}
{"condition":218,"total":225,"team":["MOND_KAEYA","LIYUE_XINGQIU","MOND_BARBARA"],"level":55,"stage":55,"element":"PYRO","wins":3,"losses":0,"seconds":539.3399999999999,"materials":1800,"rate":200.24474357548118,"rests":2,"stop":"LIMIT"}
{"condition":219,"total":225,"team":["MOND_KAEYA","LIYUE_XINGQIU","MOND_BARBARA"],"level":55,"stage":60,"element":"PYRO","wins":3,"losses":0,"seconds":626.4,"materials":4500,"rate":431.0344827586207,"rests":2,"stop":"LIMIT"}
{"condition":220,"total":225,"team":["MOND_KAEYA","LIYUE_XINGQIU","MOND_BARBARA"],"level":55,"stage":30,"element":"PYRO","wins":3,"losses":0,"seconds":34.14,"materials":24,"rate":42.1792618629174,"rests":0,"stop":"LIMIT"}
{"condition":221,"total":225,"team":["MOND_KAEYA","LIYUE_XINGQIU","MOND_BARBARA"],"level":55,"stage":55,"element":"PYRO","wins":3,"losses":0,"seconds":537.4000000000001,"materials":1800,"rate":200.96762188314102,"rests":2,"stop":"LIMIT"}
{"condition":222,"total":225,"team":["MOND_KAEYA","LIYUE_XINGQIU","MOND_BARBARA"],"level":55,"stage":60,"element":"PYRO","wins":3,"losses":0,"seconds":644.1700000000001,"materials":4500,"rate":419.14401477870746,"rests":2,"stop":"LIMIT"}
{"condition":223,"total":225,"team":["MOND_KAEYA","LIYUE_XINGQIU","MOND_BARBARA"],"level":55,"stage":30,"element":"PYRO","wins":3,"losses":0,"seconds":34.14,"materials":24,"rate":42.1792618629174,"rests":0,"stop":"LIMIT"}
{"condition":224,"total":225,"team":["MOND_KAEYA","LIYUE_XINGQIU","MOND_BARBARA"],"level":55,"stage":55,"element":"PYRO","wins":3,"losses":0,"seconds":513.23,"materials":1800,"rate":210.43197007189758,"rests":2,"stop":"LIMIT"}
{"condition":225,"total":225,"team":["MOND_KAEYA","LIYUE_XINGQIU","MOND_BARBARA"],"level":55,"stage":60,"element":"PYRO","wins":3,"losses":0,"seconds":600.4,"materials":4500,"rate":449.7001998667555,"rests":2,"stop":"LIMIT"}
