PASS MON_SLIME_PYRO legal own-element attack does zero damage; another element still lands
PASS MON_SLIME_LARGE_PYRO legal own-element attack does zero damage; another element still lands
PASS MON_SLIME_HYDRO legal own-element attack does zero damage; another element still lands
PASS MON_SLIME_LARGE_HYDRO legal own-element attack does zero damage; another element still lands
PASS MON_SLIME_ELECTRO legal own-element attack does zero damage; another element still lands
PASS MON_SLIME_LARGE_ELECTRO legal own-element attack does zero damage; another element still lands
PASS MON_SLIME_CRYO legal own-element attack does zero damage; another element still lands
PASS MON_SLIME_LARGE_CRYO legal own-element attack does zero damage; another element still lands
PASS MON_SLIME_ANEMO legal own-element attack does zero damage; another element still lands
PASS MON_SLIME_LARGE_ANEMO legal own-element attack does zero damage; another element still lands
PASS MON_SLIME_GEO legal own-element attack does zero damage; another element still lands
PASS MON_SLIME_LARGE_GEO legal own-element attack does zero damage; another element still lands
PASS MON_SLIME_DENDRO legal own-element attack does zero damage; another element still lands
PASS MON_SLIME_LARGE_DENDRO dormant source definition gets the same elemental-body rule
PASS MON_SLIME_PYRO RX_OVERLOADED occurs but immune-element reaction/DOT/core damage is zero
PASS MON_SLIME_LARGE_PYRO RX_OVERLOADED occurs but immune-element reaction/DOT/core damage is zero
PASS MON_SLIME_CRYO RX_SUPERCONDUCT occurs but immune-element reaction/DOT/core damage is zero
PASS MON_SLIME_LARGE_CRYO RX_SUPERCONDUCT occurs but immune-element reaction/DOT/core damage is zero
PASS MON_SLIME_ELECTRO RX_ELECTROCHARGED occurs but immune-element reaction/DOT/core damage is zero
PASS MON_SLIME_LARGE_ELECTRO RX_ELECTROCHARGED occurs but immune-element reaction/DOT/core damage is zero
PASS MON_SLIME_HYDRO RX_SWIRL occurs but immune-element reaction/DOT/core damage is zero
PASS MON_SLIME_LARGE_HYDRO RX_SWIRL occurs but immune-element reaction/DOT/core damage is zero
PASS MON_SLIME_DENDRO RX_BLOOM occurs but immune-element reaction/DOT/core damage is zero
PASS MON_ABYSS_MAGE_PYRO legal immune hit preserves shield and HP; vulnerable hit breaks it
PASS MON_ABYSS_MAGE_PYRO immune direct/reaction/DOT/field/summon packets cannot overflow; broken barrier permits own element
PASS MON_ABYSS_MAGE_HYDRO legal immune hit preserves shield and HP; vulnerable hit breaks it
PASS MON_ABYSS_MAGE_HYDRO immune direct/reaction/DOT/field/summon packets cannot overflow; broken barrier permits own element
PASS MON_ABYSS_MAGE_CRYO legal immune hit preserves shield and HP; vulnerable hit breaks it
PASS MON_ABYSS_MAGE_CRYO immune direct/reaction/DOT/field/summon packets cannot overflow; broken barrier permits own element
PASS cryo mage Hydro protection blocks damage while native aura/reaction remains possible
PASS MON_SLIME_DENDRO RX_SPREAD is generated by legal cards despite zero immune additive damage
PASS MON_SLIME_ELECTRO RX_AGGRAVATE is generated by legal cards despite zero immune additive damage
PASS native Dendro core RX_BURGEON cannot damage the Dendro slime
PASS native Dendro core RX_HYPERBLOOM cannot damage the Dendro slime
PASS MON_SLIME_CRYO non-immune RX_MELT_PYRO retains its native effect
PASS MON_SLIME_PYRO non-immune RX_VAPORIZE_HYDRO retains its native effect
PASS MON_SLIME_HYDRO non-immune RX_FROZEN retains its native effect
PASS MON_SLIME_PYRO non-immune RX_CRYSTALLIZE retains its native effect
PASS MON_SLIME_DENDRO non-immune RX_BURNING retains its native effect
PASS legal persistent field and summon attacks respect slime and mage immunity
PASS existing boss immunity chain and ordinary enemy damage are preserved
