PASS verified_v01624_before_overlay_and_same_actual_db
PASS genuine_v01624_late_Azhdaha_Baizhu_save_and_next_action_preserved:PENDING
PASS genuine_v01624_late_Azhdaha_Baizhu_save_and_next_action_preserved:WAIT_PLAYER
PASS genuine_v01624_late_Azhdaha_Baizhu_save_and_next_action_preserved:WAIT_AFTER_NATIVE_BAIZHU_E
PASS genuine_v01624_save_and_next_action_preserved:0:PENDING
PASS genuine_v01624_save_and_next_action_preserved:0:WAIT_PLAYER
PASS genuine_v01624_save_and_next_action_preserved:2:PENDING
PASS genuine_v01624_save_and_next_action_preserved:2:WAIT_PLAYER
PASS genuine_v01624_save_and_next_action_preserved:6:PENDING
PASS genuine_v01624_save_and_next_action_preserved:6:WAIT_PLAYER
PASS new_and_legacy_character_budget_and_healing_contract
PASS actual_v01624_native_effect_payloads_save_and_next_pulse_preserved:0
PASS actual_v01624_native_effect_payloads_save_and_next_pulse_preserved:2
PASS actual_v01624_native_effect_payloads_save_and_next_pulse_preserved:6
PASS new_revision_pending_started_save_and_native_guard_replay:0
PASS new_revision_pending_started_save_and_native_guard_replay:2
PASS new_revision_pending_started_save_and_native_guard_replay:6
PASS new_character_revision_validation
PASS description_script_effect_and_constellation_node_match:OUTSIDE_BATTLE
PASS description_script_effect_and_constellation_node_match:NEW
PASS description_script_effect_and_constellation_node_match:OLD_SAVED
PASS zhongli_E_party_shield_native_coefficient:0
PASS zhongli_E_party_shield_native_coefficient:2
PASS zhongli_E_party_shield_native_coefficient:6
PASS zhongli_Q_HP_addend_and_C2_shield_native_contract:0
PASS zhongli_Q_HP_addend_and_C2_shield_native_contract:2
PASS zhongli_Q_HP_addend_and_C2_shield_native_contract:6
PASS jean_Q_party_heal_native_budget_and_recipient_count:0
PASS jean_Q_party_heal_native_budget_and_recipient_count:2
PASS jean_Q_party_heal_native_budget_and_recipient_count:6
PASS jean_stored_field_save_lowest_target_two_END_only:0
PASS jean_stored_field_save_lowest_target_two_END_only:6
PASS Jean_C2_attack_speed_and_C6_field_reduction_preserved
PASS Zhongli_C6_actual_absorbed_damage_heal_and_cap_preserved
PASS zhongli_first_round_external_damage_is_reduced_not_immune_and_self_cost_unchanged
PASS admin_shield_multiplier_applies_once_to_E_and_C2:0
PASS admin_shield_multiplier_applies_once_to_E_and_C2:2
PASS admin_shield_multiplier_applies_once_to_E_and_C2:6
PASS admin_Zhongli_Q_damage_multiplier_scales_HP_addend_once
PASS admin_Jean_healing_multiplier_applies_once_instant_and_stored_field
PASS Baizhu_E_new_MAX_HP_three_percent_native_four_recipients:10
PASS Baizhu_E_new_MAX_HP_three_percent_native_four_recipients:30
PASS Baizhu_E_new_MAX_HP_three_percent_native_four_recipients:60
PASS Baizhu_E_unmarked_v01624_native_eight_percent_effect_and_save_preserved
PASS admin_Baizhu_E_healing_multiplier_applies_once:NEW
PASS admin_Baizhu_E_healing_multiplier_applies_once:OLD_SAVED
PASS Barbara_Diona_Noelle_base_effects_remain_native_unchanged
PASS raw_shared_db_and_actual_file_are_unchanged
{"total":48,"passed":48,"failed":0,"output":null}
