PASS hydro_form:FB_MIMIC_BOAR
PASS hydro_form:FB_MIMIC_CRANE
PASS hydro_form:FB_MIMIC_FROG
PASS hydro_form:FB_MIMIC_CRAB
PASS hydro_form:FB_MIMIC_FALCON
PASS cryo_core_delayed_native:MOND_AMBER
PASS cryo_core_delayed_native:LIYUE_XIANGLING
PASS cryo_core_one_count_per_direct_or_delayed_hit
PASS cryo_core_zero_immune_and_invalid_packets_do_not_advance
PASS cryo_core_native_claymore_cryo_counter_is_preserved
PASS cryo_core_guoba_has_two_ticks_and_still_requires_four_hits
PASS cryo_core_timeout_still_revives_once
PASS body_immunity:FB_ANEMO_HYPOSTASIS
PASS body_immunity:FB_ELECTRO_HYPOSTASIS
PASS body_immunity:FB_GEO_HYPOSTASIS
PASS body_immunity:FB_CRYO_HYPOSTASIS
PASS anemo_revival_core_unchanged
PASS guarded_revival_unchanged:FB_ELECTRO_HYPOSTASIS
PASS guarded_revival_unchanged:FB_GEO_HYPOSTASIS
PASS oceanid_eight_other_element_form_kills_still_win
PASS native_ai_and_save:FB_ANEMO_HYPOSTASIS
PASS native_ai_and_save:FB_ELECTRO_HYPOSTASIS
PASS native_ai_and_save:FB_CRYO_REGISVINE
PASS native_ai_and_save:FB_CRYO_HYPOSTASIS
PASS native_ai_and_save:FB_GEO_HYPOSTASIS
PASS native_ai_and_save:FB_PYRO_REGISVINE
PASS native_ai_and_save:FB_OCEANID
PASS native_ai_and_save:FB_PRIMO_GEOVISHAP
PASS native_ai_and_save:FB_RUIN_SERPENT
PASS nine_bosses_two_seed_full_native_fights
{"output":"docs/data/boss_balance_v01619/immunity_regression.json","total":30,"passed":30,"failed":0}
