{"boss":"FB_ANEMO_HYPOSTASIS","team":"PREPARED_FOUR_C0","level":18,"seed":717,"wins":1,"losses":0,"rounds":[12],"hp":0.6159,"ko":[0]}
{"boss":"FB_ANEMO_HYPOSTASIS","team":"PREPARED_FOUR_C0","level":18,"seed":925,"wins":1,"losses":0,"rounds":[13],"hp":0.9153,"ko":[0]}
{"boss":"FB_ANEMO_HYPOSTASIS","team":"PREPARED_FOUR_C6","level":18,"seed":717,"wins":1,"losses":0,"rounds":[5],"hp":0.8858,"ko":[0]}
{"boss":"FB_ANEMO_HYPOSTASIS","team":"PREPARED_FOUR_C6","level":18,"seed":925,"wins":1,"losses":0,"rounds":[5],"hp":0.8314,"ko":[0]}
{"boss":"FB_ANEMO_HYPOSTASIS","team":"PREPARED_FIVE_C0","level":18,"seed":717,"wins":1,"losses":0,"rounds":[13],"hp":0.9395,"ko":[0]}
{"boss":"FB_ANEMO_HYPOSTASIS","team":"PREPARED_FIVE_C0","level":18,"seed":925,"wins":1,"losses":0,"rounds":[13],"hp":0.9606,"ko":[0]}
{"boss":"FB_ELECTRO_HYPOSTASIS","team":"PREPARED_FOUR_C0","level":20,"seed":717,"wins":1,"losses":0,"rounds":[14],"hp":0.762,"ko":[0]}
{"boss":"FB_ELECTRO_HYPOSTASIS","team":"PREPARED_FOUR_C0","level":20,"seed":925,"wins":1,"losses":0,"rounds":[14],"hp":0.6766,"ko":[0]}
{"boss":"FB_ELECTRO_HYPOSTASIS","team":"PREPARED_FOUR_C6","level":20,"seed":717,"wins":1,"losses":0,"rounds":[9],"hp":0.8261,"ko":[0]}
{"boss":"FB_ELECTRO_HYPOSTASIS","team":"PREPARED_FOUR_C6","level":20,"seed":925,"wins":1,"losses":0,"rounds":[8],"hp":0.9691,"ko":[0]}
{"boss":"FB_ELECTRO_HYPOSTASIS","team":"PREPARED_FIVE_C0","level":20,"seed":717,"wins":1,"losses":0,"rounds":[8],"hp":0.9907,"ko":[0]}
{"boss":"FB_ELECTRO_HYPOSTASIS","team":"PREPARED_FIVE_C0","level":20,"seed":925,"wins":1,"losses":0,"rounds":[7],"hp":0.9714,"ko":[0]}
{"boss":"FB_CRYO_REGISVINE","team":"PREPARED_FOUR_C0","level":22,"seed":717,"wins":1,"losses":0,"rounds":[10],"hp":0.5831,"ko":[0]}
{"boss":"FB_CRYO_REGISVINE","team":"PREPARED_FOUR_C0","level":22,"seed":925,"wins":1,"losses":0,"rounds":[12],"hp":0.4938,"ko":[2]}
{"boss":"FB_CRYO_REGISVINE","team":"PREPARED_FOUR_C6","level":22,"seed":717,"wins":1,"losses":0,"rounds":[4],"hp":0.9358,"ko":[0]}
{"boss":"FB_CRYO_REGISVINE","team":"PREPARED_FOUR_C6","level":22,"seed":925,"wins":1,"losses":0,"rounds":[4],"hp":0.9105,"ko":[0]}
{"boss":"FB_CRYO_REGISVINE","team":"PREPARED_FIVE_C0","level":22,"seed":717,"wins":1,"losses":0,"rounds":[5],"hp":0.7885,"ko":[0]}
{"boss":"FB_CRYO_REGISVINE","team":"PREPARED_FIVE_C0","level":22,"seed":925,"wins":1,"losses":0,"rounds":[5],"hp":0.7949,"ko":[0]}
{"boss":"FB_CRYO_HYPOSTASIS","team":"PREPARED_FOUR_C0","level":30,"seed":717,"wins":0,"losses":1,"rounds":[25],"hp":0,"ko":[4]}
{"boss":"FB_CRYO_HYPOSTASIS","team":"PREPARED_FOUR_C0","level":30,"seed":925,"wins":0,"losses":1,"rounds":[25],"hp":0,"ko":[4]}
{"boss":"FB_CRYO_HYPOSTASIS","team":"PREPARED_FOUR_C6","level":30,"seed":717,"wins":1,"losses":0,"rounds":[11],"hp":0.8278,"ko":[0]}
{"boss":"FB_CRYO_HYPOSTASIS","team":"PREPARED_FOUR_C6","level":30,"seed":925,"wins":1,"losses":0,"rounds":[9],"hp":0.9545,"ko":[0]}
{"boss":"FB_CRYO_HYPOSTASIS","team":"PREPARED_FIVE_C0","level":30,"seed":717,"wins":1,"losses":0,"rounds":[11],"hp":1,"ko":[0]}
{"boss":"FB_CRYO_HYPOSTASIS","team":"PREPARED_FIVE_C0","level":30,"seed":925,"wins":1,"losses":0,"rounds":[11],"hp":0.9865,"ko":[0]}
{"boss":"FB_GEO_HYPOSTASIS","team":"PREPARED_FOUR_C0","level":45,"seed":717,"wins":0,"losses":1,"rounds":[118],"hp":0,"ko":[4]}
{"boss":"FB_GEO_HYPOSTASIS","team":"PREPARED_FOUR_C0","level":45,"seed":925,"wins":0,"losses":1,"rounds":[90],"hp":0,"ko":[4]}
{"boss":"FB_GEO_HYPOSTASIS","team":"PREPARED_FOUR_C6","level":45,"seed":717,"wins":1,"losses":0,"rounds":[29],"hp":0.9373,"ko":[0]}
{"boss":"FB_GEO_HYPOSTASIS","team":"PREPARED_FOUR_C6","level":45,"seed":925,"wins":1,"losses":0,"rounds":[30],"hp":0.8849,"ko":[0]}
{"boss":"FB_GEO_HYPOSTASIS","team":"PREPARED_FIVE_C0","level":45,"seed":717,"wins":1,"losses":0,"rounds":[10],"hp":1,"ko":[0]}
{"boss":"FB_GEO_HYPOSTASIS","team":"PREPARED_FIVE_C0","level":45,"seed":925,"wins":1,"losses":0,"rounds":[10],"hp":1,"ko":[0]}
{"boss":"FB_PYRO_REGISVINE","team":"PREPARED_FOUR_C0","level":38,"seed":717,"wins":1,"losses":0,"rounds":[18],"hp":0.0754,"ko":[2]}
{"boss":"FB_PYRO_REGISVINE","team":"PREPARED_FOUR_C0","level":38,"seed":925,"wins":1,"losses":0,"rounds":[11],"hp":0.4011,"ko":[1]}
{"boss":"FB_PYRO_REGISVINE","team":"PREPARED_FOUR_C6","level":38,"seed":717,"wins":1,"losses":0,"rounds":[11],"hp":0.5541,"ko":[0]}
{"boss":"FB_PYRO_REGISVINE","team":"PREPARED_FOUR_C6","level":38,"seed":925,"wins":1,"losses":0,"rounds":[14],"hp":0.8071,"ko":[0]}
{"boss":"FB_PYRO_REGISVINE","team":"PREPARED_FIVE_C0","level":38,"seed":717,"wins":1,"losses":0,"rounds":[8],"hp":0.6616,"ko":[0]}
{"boss":"FB_PYRO_REGISVINE","team":"PREPARED_FIVE_C0","level":38,"seed":925,"wins":1,"losses":0,"rounds":[8],"hp":0.6799,"ko":[0]}
{"boss":"FB_OCEANID","team":"PREPARED_FOUR_C0","level":40,"seed":717,"wins":1,"losses":0,"rounds":[5],"hp":0.5828,"ko":[0]}
{"boss":"FB_OCEANID","team":"PREPARED_FOUR_C0","level":40,"seed":925,"wins":1,"losses":0,"rounds":[5],"hp":0.6065,"ko":[0]}
{"boss":"FB_OCEANID","team":"PREPARED_FOUR_C6","level":40,"seed":717,"wins":1,"losses":0,"rounds":[5],"hp":0.6712,"ko":[0]}
{"boss":"FB_OCEANID","team":"PREPARED_FOUR_C6","level":40,"seed":925,"wins":1,"losses":0,"rounds":[5],"hp":0.6634,"ko":[0]}
{"boss":"FB_OCEANID","team":"PREPARED_FIVE_C0","level":40,"seed":717,"wins":1,"losses":0,"rounds":[5],"hp":0.6742,"ko":[0]}
{"boss":"FB_OCEANID","team":"PREPARED_FIVE_C0","level":40,"seed":925,"wins":1,"losses":0,"rounds":[5],"hp":0.6733,"ko":[0]}
{"boss":"FB_PRIMO_GEOVISHAP","team":"PREPARED_FOUR_C0","level":48,"seed":717,"wins":0,"losses":1,"rounds":[30],"hp":0,"ko":[4]}
{"boss":"FB_PRIMO_GEOVISHAP","team":"PREPARED_FOUR_C0","level":48,"seed":925,"wins":0,"losses":1,"rounds":[33],"hp":0,"ko":[4]}
{"boss":"FB_PRIMO_GEOVISHAP","team":"PREPARED_FOUR_C6","level":48,"seed":717,"wins":1,"losses":0,"rounds":[30],"hp":0.256,"ko":[2]}
{"boss":"FB_PRIMO_GEOVISHAP","team":"PREPARED_FOUR_C6","level":48,"seed":925,"wins":1,"losses":0,"rounds":[30],"hp":0.2654,"ko":[2]}
{"boss":"FB_PRIMO_GEOVISHAP","team":"PREPARED_FIVE_C0","level":48,"seed":717,"wins":1,"losses":0,"rounds":[6],"hp":1,"ko":[0]}
{"boss":"FB_PRIMO_GEOVISHAP","team":"PREPARED_FIVE_C0","level":48,"seed":925,"wins":1,"losses":0,"rounds":[8],"hp":1,"ko":[0]}
{"boss":"FB_RUIN_SERPENT","team":"PREPARED_FOUR_C0","level":56,"seed":717,"wins":1,"losses":0,"rounds":[8],"hp":0.7838,"ko":[0]}
{"boss":"FB_RUIN_SERPENT","team":"PREPARED_FOUR_C0","level":56,"seed":925,"wins":1,"losses":0,"rounds":[8],"hp":0.7771,"ko":[0]}
{"boss":"FB_RUIN_SERPENT","team":"PREPARED_FOUR_C6","level":56,"seed":717,"wins":1,"losses":0,"rounds":[7],"hp":0.8861,"ko":[0]}
{"boss":"FB_RUIN_SERPENT","team":"PREPARED_FOUR_C6","level":56,"seed":925,"wins":1,"losses":0,"rounds":[5],"hp":0.936,"ko":[0]}
{"boss":"FB_RUIN_SERPENT","team":"PREPARED_FIVE_C0","level":56,"seed":717,"wins":1,"losses":0,"rounds":[8],"hp":1,"ko":[0]}
{"boss":"FB_RUIN_SERPENT","team":"PREPARED_FIVE_C0","level":56,"seed":925,"wins":1,"losses":0,"rounds":[10],"hp":1,"ko":[0]}
{"out":"docs/data/boss_balance_v01619/same_level_current.json","conditions":54,"firstWins":48,"complete":48,"fights":54,"wins":48,"losses":6,"errors":0}
