PASS final_stats:FB_ANEMO_HYPOSTASIS
PASS final_stats:FB_ELECTRO_HYPOSTASIS
PASS final_stats:FB_CRYO_REGISVINE
PASS final_stats:FB_CRYO_HYPOSTASIS
PASS final_stats:FB_GEO_HYPOSTASIS
PASS final_stats:FB_PYRO_REGISVINE
PASS final_stats:FB_OCEANID
PASS final_stats:FB_PRIMO_GEOVISHAP
PASS final_stats:FB_RUIN_SERPENT
PASS saved_early_boss_is_not_retuned
PASS serpent_burrow_holds_all_remaining_actions_until_next_own_turn
PASS legacy_serpent_turn_schedule_remains
PASS serpent_opened_armor_burrow_blocks_native_fields_and_final_typed_damage
PASS cryo_creation_end_is_free_and_next_two_full_rounds_count
PASS cryo_creation_end_native_guoba_keeps_full_two_round_window
PASS cryo_last_end_native_field_fourth_hit_breaks_before_timeout
PASS cryo_last_end_reaction_dot_fourth_hit_breaks_before_timeout
PASS cryo_timeout_precedes_next_start_bunny_explosion
PASS cryo_new_core_save_reload_preserves_created_and_counted_round
PASS cryo_same_end_boundary_is_not_counted_twice
PASS legacy_cryo_save_keeps_two_old_ends_and_first_timeout_order
PASS new_core_invalid_countdown_save_is_rejected
{"output":"docs/data/boss_balance_v01619/boundaries.json","total":22,"passed":22,"failed":0}
