node:assert:152
  throw new AssertionError(obj);
  ^

AssertionError [ERR_ASSERTION]: Expected values to be strictly deep-equal:
+ actual - expected

  {
    ANEMO: {
      '10': 2,
      '15': 3,
      '20': 4,
+     '25': 5,
+     '30': 6,
-     '25': 6,
-     '30': 8,
      '35': 10,
+     '40': 14,
+     '45': 15,
-     '40': 12,
-     '45': 18,
      '5': 1,
+     '50': 16,
+     '55': 47,
+     '60': 84
-     '50': 24,
-     '55': 60,
-     '60': 200
    },
    CRYO: {
      '10': 2,
      '15': 3,
      '20': 4,
+     '25': 7,
+     '30': 6,
+     '35': 8,
+     '40': 14,
+     '45': 26,
-     '25': 6,
-     '30': 8,
-     '35': 10,
-     '40': 12,
-     '45': 18,
      '5': 1,
+     '50': 38,
+     '55': 75,
+     '60': 113
-     '50': 24,
-     '55': 60,
-     '60': 200
    },
    DENDRO: {
      '10': 2,
      '15': 3,
      '20': 4,
      '25': 6,
+     '30': 7,
-     '30': 8,
      '35': 10,
+     '40': 11,
+     '45': 13,
-     '40': 12,
-     '45': 18,
      '5': 1,
+     '50': 16,
+     '55': 50,
+     '60': 70
-     '50': 24,
-     '55': 60,
-     '60': 200
    },
    ELECTRO: {
      '10': 2,
      '15': 3,
      '20': 4,
      '25': 6,
+     '30': 6,
+     '35': 8,
+     '40': 10,
-     '30': 8,
-     '35': 10,
-     '40': 12,
      '45': 18,
      '5': 1,
+     '50': 31,
+     '55': 101,
+     '60': 176
-     '50': 24,
-     '55': 60,
-     '60': 200
    },
    GEO: {
      '10': 2,
      '15': 3,
      '20': 4,
+     '25': 5,
+     '30': 6,
+     '35': 8,
+     '40': 10,
+     '45': 15,
-     '25': 6,
-     '30': 8,
-     '35': 10,
-     '40': 12,
-     '45': 18,
      '5': 1,
+     '50': 20,
+     '55': 48,
+     '60': 87
-     '50': 24,
-     '55': 60,
-     '60': 200
    },
    HYDRO: {
      '10': 2,
      '15': 3,
+     '20': 10,
+     '25': 18,
+     '30': 17,
+     '35': 27,
+     '40': 68,
+     '45': 123,
-     '20': 4,
-     '25': 6,
-     '30': 8,
-     '35': 10,
-     '40': 12,
-     '45': 18,
      '5': 1,
+     '50': 156,
+     '55': 332,
+     '60': 453
-     '50': 24,
-     '55': 60,
-     '60': 200
    },
    NEUTRAL: {
      '10': 2,
      '15': 3,
      '20': 4,
+     '25': 5,
+     '30': 6,
+     '35': 8,
+     '40': 9,
-     '25': 6,
-     '30': 8,
-     '35': 10,
-     '40': 12,
      '45': 18,
      '5': 1,
      '50': 24,
+     '55': 29,
+     '60': 50
-     '55': 60,
-     '60': 200
    },
    PYRO: {
      '10': 2,
      '15': 3,
+     '20': 16,
+     '25': 21,
+     '30': 18,
+     '35': 24,
+     '40': 57,
+     '45': 64,
-     '20': 4,
-     '25': 6,
-     '30': 8,
-     '35': 10,
-     '40': 12,
-     '45': 18,
      '5': 1,
+     '50': 134,
+     '55': 690,
+     '60': 1189
-     '50': 24,
-     '55': 60,
-     '60': 200
    }
  }

    at /tmp/crpg_full_balance_v01621/material_regression_baseline/tests/test_material_rewards_v01616.cjs:30:9
    at check (/tmp/crpg_full_balance_v01621/material_regression_baseline/tests/test_material_rewards_v01616.cjs:18:25)
    at Object.<anonymous> (/tmp/crpg_full_balance_v01621/material_regression_baseline/tests/test_material_rewards_v01616.cjs:29:1)
    at Module._compile (node:internal/modules/cjs/loader:1872:14)
    at Object..js (node:internal/modules/cjs/loader:2003:10)
    at Module.load (node:internal/modules/cjs/loader:1594:32)
    at Module._load (node:internal/modules/cjs/loader:1396:12)
    at wrapModuleLoad (node:internal/modules/cjs/loader:255:19)
    at Module.executeUserEntryPoint [as runMain] (node:internal/modules/run_main:154:5)
    at node:internal/main/run_main_module:33:47 {
  generatedMessage: true,
  code: 'ERR_ASSERTION',
  actual: {
    NEUTRAL: {
      '5': 1,
      '10': 2,
      '15': 3,
      '20': 4,
      '25': 5,
      '30': 6,
      '35': 8,
      '40': 9,
      '45': 18,
      '50': 24,
      '55': 29,
      '60': 50
    },
    PYRO: {
      '5': 1,
      '10': 2,
      '15': 3,
      '20': 16,
      '25': 21,
      '30': 18,
      '35': 24,
      '40': 57,
      '45': 64,
      '50': 134,
      '55': 690,
      '60': 1189
    },
    HYDRO: {
      '5': 1,
      '10': 2,
      '15': 3,
      '20': 10,
      '25': 18,
      '30': 17,
      '35': 27,
      '40': 68,
      '45': 123,
      '50': 156,
      '55': 332,
      '60': 453
    },
    ANEMO: {
      '5': 1,
      '10': 2,
      '15': 3,
      '20': 4,
      '25': 5,
      '30': 6,
      '35': 10,
      '40': 14,
      '45': 15,
      '50': 16,
      '55': 47,
      '60': 84
    },
    ELECTRO: {
      '5': 1,
      '10': 2,
      '15': 3,
      '20': 4,
      '25': 6,
      '30': 6,
      '35': 8,
      '40': 10,
      '45': 18,
      '50': 31,
      '55': 101,
      '60': 176
    },
    CRYO: {
      '5': 1,
      '10': 2,
      '15': 3,
      '20': 4,
      '25': 7,
      '30': 6,
      '35': 8,
      '40': 14,
      '45': 26,
      '50': 38,
      '55': 75,
      '60': 113
    },
    GEO: {
      '5': 1,
      '10': 2,
      '15': 3,
      '20': 4,
      '25': 5,
      '30': 6,
      '35': 8,
      '40': 10,
      '45': 15,
      '50': 20,
      '55': 48,
      '60': 87
    },
    DENDRO: {
      '5': 1,
      '10': 2,
      '15': 3,
      '20': 4,
      '25': 6,
      '30': 7,
      '35': 10,
      '40': 11,
      '45': 13,
      '50': 16,
      '55': 50,
      '60': 70
    }
  },
  expected: {
    NEUTRAL: {
      '5': 1,
      '10': 2,
      '15': 3,
      '20': 4,
      '25': 6,
      '30': 8,
      '35': 10,
      '40': 12,
      '45': 18,
      '50': 24,
      '55': 60,
      '60': 200
    },
    PYRO: {
      '5': 1,
      '10': 2,
      '15': 3,
      '20': 4,
      '25': 6,
      '30': 8,
      '35': 10,
      '40': 12,
      '45': 18,
      '50': 24,
      '55': 60,
      '60': 200
    },
    HYDRO: {
      '5': 1,
      '10': 2,
      '15': 3,
      '20': 4,
      '25': 6,
      '30': 8,
      '35': 10,
      '40': 12,
      '45': 18,
      '50': 24,
      '55': 60,
      '60': 200
    },
    ANEMO: {
      '5': 1,
      '10': 2,
      '15': 3,
      '20': 4,
      '25': 6,
      '30': 8,
      '35': 10,
      '40': 12,
      '45': 18,
      '50': 24,
      '55': 60,
      '60': 200
    },
    ELECTRO: {
      '5': 1,
      '10': 2,
      '15': 3,
      '20': 4,
      '25': 6,
      '30': 8,
      '35': 10,
      '40': 12,
      '45': 18,
      '50': 24,
      '55': 60,
      '60': 200
    },
    CRYO: {
      '5': 1,
      '10': 2,
      '15': 3,
      '20': 4,
      '25': 6,
      '30': 8,
      '35': 10,
      '40': 12,
      '45': 18,
      '50': 24,
      '55': 60,
      '60': 200
    },
    GEO: {
      '5': 1,
      '10': 2,
      '15': 3,
      '20': 4,
      '25': 6,
      '30': 8,
      '35': 10,
      '40': 12,
      '45': 18,
      '50': 24,
      '55': 60,
      '60': 200
    },
    DENDRO: {
      '5': 1,
      '10': 2,
      '15': 3,
      '20': 4,
      '25': 6,
      '30': 8,
      '35': 10,
      '40': 12,
      '45': 18,
      '50': 24,
      '55': 60,
      '60': 200
    }
  },
  operator: 'deepStrictEqual',
  diff: 'simple'
}

Node.js v24.19.0
