PASS native six-phase demands use fixed common-stage gems with unchanged Mora and other materials
PASS native talent book totals are MOND 996/2016 and LIYUE 2490/5040
PASS one fewer than 37500/75000 final PYRO gems rejects atomically; exact costs spend once and survive reload
PASS first MOND talent consumes 2 books and LIYUE consumes 5; missing one book rejects atomically
PASS native three-talent upgrades to 8 pay the exact regional totals and preserve trained saves
node:assert:152
  throw new AssertionError(obj);
  ^

AssertionError [ERR_ASSERTION]: Expected values to be strictly equal:

39000 !== 5200

    at /workspace/scratch/a62414469990/crpg-v01618-work/genshin-crpg/tests/test_task_materials_v0169.cjs:29:653
    at check (/workspace/scratch/a62414469990/crpg-v01618-work/genshin-crpg/tests/test_task_materials_v0169.cjs:7:25)
    at Object.<anonymous> (/workspace/scratch/a62414469990/crpg-v01618-work/genshin-crpg/tests/test_task_materials_v0169.cjs:28:1)
    at Module._compile (node:internal/modules/cjs/loader:1872:14)
    at Object..js (node:internal/modules/cjs/loader:2003:10)
    at Module.load (node:internal/modules/cjs/loader:1594:32)
    at Module._load (node:internal/modules/cjs/loader:1396:12)
    at wrapModuleLoad (node:internal/modules/cjs/loader:255:19)
    at Module.executeUserEntryPoint [as runMain] (node:internal/modules/run_main:154:5)
    at node:internal/main/run_main_module:33:47 {
  generatedMessage: true,
  code: 'ERR_ASSERTION',
  actual: 39000,
  expected: 5200,
  operator: 'strictEqual',
  diff: 'simple'
}

Node.js v24.19.0
