{"version": "0.16.27", "runtime_files": 120, "bytes": 28416921, "gzip_bytes": 5400371}
{"test": "tests/test_field_preparation_v01627.cjs", "ok": true, "seconds": 5.9}
{"test": "tests/test_abyss_fixes_v01626.cjs", "ok": true, "seconds": 102.6}
{"test": "tests/test_character_balance_v01625.cjs", "ok": true, "seconds": 101.2}
{"test": "tests/test_skill_rhythm_ownership_v01625.cjs", "ok": true, "seconds": 16.6}
{"test": "tests/test_basic_air_range_v01624.cjs", "ok": true, "seconds": 5.2}
{"test": "tests/test_enemy_balance_v01627.cjs", "ok": true, "seconds": 276.1}
{"test": "tests/test_daily_pressure_v01624.cjs", "ok": true, "seconds": 37.2}
{"test": "tests/test_liyue_growth_gate_v01622.cjs", "ok": true, "seconds": 23.5}
{"test": "tests/test_material_efficiency_v01622.cjs", "ok": true, "seconds": 0.7}
{"test": "tests/test_incoming_defense_v01622.cjs", "ok": true, "seconds": 7.7}
{"test": "tests/test_xianyun_balance_v01622.cjs", "ok": true, "seconds": 7.6}
{"test": "tests/test_growth_balance_v01621.cjs", "ok": true, "seconds": 22.6}
{"test": "tests/test_noelle_healing_v01621.cjs", "ok": true, "seconds": 17.7}
{"test": "tests/test_weekly_retirement_v01621.cjs", "ok": true, "seconds": 3.0}
{"test": "tests/test_food_balance_v01620.cjs", "ok": true, "seconds": 24.4}
{"test": "tests/test_boss_difficulty_scope_v01624.cjs", "ok": true, "seconds": 212.8}
{"test": "tests/test_control_grace_v01619.cjs", "ok": true, "seconds": 11.8}
{"test": "tests/test_healing_v01619.cjs", "ok": true, "seconds": 21.3}
{"test": "tests/test_reaction_fixes_v01619.cjs", "ok": true, "seconds": 69.4}
{"test": "tests/test_shield_meter_v01619.cjs", "ok": true, "seconds": 0.1}
{"test": "tests/test_shield_playback_v01619.cjs", "ok": true, "seconds": 0.1}
{"test": "tests/test_shield_balance_v01619.cjs", "ok": true, "seconds": 13.9}
{"test": "tools/test_field_boss_strategy_v01622.cjs", "ok": true, "seconds": 31.6}
{"test": "tools/test_boss_boundaries_v01619.cjs", "ok": true, "seconds": 43.1}
{"test": "tests/test_daily_boss_targeting_v01623.cjs", "ok": true, "seconds": 21.5}
{"test": "tools/test_admin_balance_runtime_v01623.cjs", "ok": true, "seconds": 15.4}
{"test": "tests/test_admin_balance_v01623.mjs", "ok": true, "seconds": 18.4}
{"test": "tests/test_admin_balance_growth_v01623.mjs", "ok": true, "seconds": 5.2}
{"test": "tools/test_other_healers_v01619.cjs", "ok": true, "seconds": 22.6}
{"test": "tests/test_field_boss_strategy_v01623.cjs", "ok": true, "seconds": 102.9}
{"test": "tests/test_monster_control_fixes_v01618.cjs", "ok": true, "seconds": 16.2}
{"test": "tests/test_element_immunity_v01618.cjs", "ok": true, "seconds": 41.2}
{"test": "tests/test_shop_supply_v01618.cjs", "ok": true, "seconds": 7.5}
{"test": "tests/test_protagonist_support_v01618.cjs", "ok": true, "seconds": 15.6}
{"test": "tools/test_field_boss_immunity_v01618.cjs", "ok": true, "seconds": 51.7}
{"test": "tests/test_food_lodging_v01617.cjs", "ok": true, "seconds": 55.4}
{"test": "tests/test_inn_recovery_pricing_v01615.cjs", "ok": true, "seconds": 17.4}
{"test": "tests/test_material_rewards_v01616.cjs", "ok": true, "seconds": 188.0}
{"test": "tests/test_material_budget_v01615.cjs", "ok": true, "seconds": 185.8}
{"test": "tests/test_ascension_balance_v01614.cjs", "ok": true, "seconds": 74.2}
{"test": "tests/test_starlight_price_v01613.cjs", "ok": true, "seconds": 9.1}
{"test": "tests/test_ascension_efficiency_v01613.cjs", "ok": true, "seconds": 30.5}
{"test": "tests/test_katheryne_facility_v01613.cjs", "ok": true, "seconds": 7.8}
{"test": "tests/test_task_wording_v01613.cjs", "ok": true, "seconds": 6.4}
{"test": "tests/test_task_branches_v01612.cjs", "ok": true, "seconds": 29.4}
{"test": "tests/test_task_branches_v01611.cjs", "ok": true, "seconds": 51.3}
{"test": "tests/test_task_catalog_v0169.cjs", "ok": true, "seconds": 0.1}
{"test": "tests/test_tasks_v0169.cjs", "ok": true, "seconds": 36.7}
{"test": "tests/test_task_board_v0169.cjs", "ok": true, "seconds": 4.2}
{"test": "tests/test_task_learning_delivery_v0169.cjs", "ok": true, "seconds": 17.3}
{"test": "tests/test_battle_inspection_v0169.cjs", "ok": true, "seconds": 14.0}
{"test": "tests/test_live_actor_playback_v0169.cjs", "ok": true, "seconds": 4.7}
{"test": "tests/test_skill_owner_v0169.cjs", "ok": true, "seconds": 39.5}
{"test": "tools/audit_task_materials_v0169.cjs", "ok": true, "seconds": 11.2}
{"test": "tests/test_task_materials_v0169.cjs", "ok": true, "seconds": 34.5}
{"test": "tests/test_combat_boundaries_v0168.cjs", "ok": true, "seconds": 24.4}
{"test": "tests/test_gear_effects_v0168.cjs", "ok": true, "seconds": 6.5}
{"test": "tests/test_control_reactions_v0168.cjs", "ok": true, "seconds": 51.4}
{"test": "tools/audit_economy_v0168.cjs", "ok": true, "seconds": 2.3}
{"test": "tests/test_task_catalog_v0168.cjs", "ok": true, "seconds": 1.5}
{"test": "tests/test_food_economy_v0168.cjs", "ok": true, "seconds": 27.5}
{"test": "tests/test_tasks_expanded_v0168.cjs", "ok": true, "seconds": 16.1}
{"test": "tests/test_tasks_edge_v0168.cjs", "ok": true, "seconds": 17.1}
{"test": "tests/test_coop_receipt_v0168.mjs", "ok": true, "seconds": 43.9}
{"test": "tests/test_playback_pause_v0168.cjs", "ok": true, "seconds": 0.1}
{"test": "tests/test_defeat_settlement_v0166.cjs", "ok": true, "seconds": 7.1}
{"test": "tests/test_balance_saves_v0166.cjs", "ok": true, "seconds": 33.3}
{"test": "tests/test_xp_pacing_v0168.cjs", "ok": true, "seconds": 90.9}
{"test": "tests/test_rewards_balance_v0161.cjs", "ok": true, "seconds": 28.6}
{"test": "tests/test_skill_fx_v0162.cjs", "ok": true, "seconds": 36.8}
{"test": "tests/test_server_coop_retry_v0161.mjs", "ok": true, "seconds": 11.5}
{"test": "tests/test_osial_pattern_v0161.cjs", "ok": true, "seconds": 9.6}
{"test": "tests/test_growth_pacing_v0161.cjs", "ok": true, "seconds": 38.1}
{"test": "tests/test_life_v010.cjs", "ok": true, "seconds": 18.9}
{"test": "tests/test_life_v0162.cjs", "ok": true, "seconds": 38.0}
{"test": "tests/test_v01524.cjs", "ok": true, "seconds": 0.1}
{"test": "tests/test_combat_stalemate_v01523.cjs", "ok": true, "seconds": 6.5}
{"test": "tests/test_tutorial_v01523.cjs", "ok": true, "seconds": 28.1}
{"test": "tests/test_tutorial_online_v01523.mjs", "ok": true, "seconds": 9.5}
{"test": "tests/test_growth_v01522.cjs", "ok": true, "seconds": 46.3}
{"test": "tests/test_growth_online_v01522.mjs", "ok": true, "seconds": 16.5}
{"test": "tests/test_growth_balance_v01522.cjs", "ok": true, "seconds": 14.9}
{"test": "tests/test_durable_account.mjs", "ok": true, "seconds": 4.8}
{"test": "tests/test_durable_migration.mjs", "ok": true, "seconds": 2.9}
{"test": "tests/test_online_server.mjs", "ok": true, "seconds": 13.6}
{"test": "tests/test_authoritative_flow.mjs", "ok": true, "seconds": 7.2}
{"test": "tests/test_reading_checkpoint.mjs", "ok": true, "seconds": 22.5}
{"test": "tests/test_v01525.cjs", "ok": true, "seconds": 200.2}
{"test": "tests/test_update_recovery.cjs", "ok": true, "seconds": 0.1}
{"test": "tests/test_engine_identity.py", "ok": true, "seconds": 0.0}
{"test": "tests/test_combat_catalog_online.mjs", "ok": true, "seconds": 5.3}
{"test": "tests/test_action_feedback.cjs", "ok": true, "seconds": 0.1}
{"test": "tests/test_online_bootstrap_v01343.cjs", "ok": true, "seconds": 0.1}
{"test": "tests/test_online_title_v01344.cjs", "ok": true, "seconds": 4.9}
{"test": "tests/test_local_dev_config.cjs", "ok": true, "seconds": 0.1}
{"test": "tests/test_combat_v0142.cjs", "ok": true, "seconds": 5.1}
{"test": "tests/test_v0142_combat_summons.cjs", "ok": true, "seconds": 3.8}
{"test": "tests/test_local_revision_v0141.cjs", "ok": true, "seconds": 15.1}
{"test": "tests/test_story_edition_v0141.cjs", "ok": true, "seconds": 2.2}
{"test": "tests/test_balance_v0141.cjs", "ok": true, "seconds": 26.2}
{"test": "tests/test_local_revision_online_v0141.mjs", "ok": true, "seconds": 10.4}
{"test": "tests/test_opening.cjs", "ok": true, "seconds": 19.1}
{"test": "tests/test_mond_content_v01344.cjs", "ok": true, "seconds": 8.8}
{"test": "tests/test_action_recovery.mjs", "ok": true, "seconds": 186.3}
{"test": "tests/test_save_v01344.cjs", "ok": true, "seconds": 10.8}
{"test": "tests/test_save_revision.cjs", "ok": true, "seconds": 30.0}
{"test": "tests/test_work_validation.cjs", "ok": true, "seconds": 20.3}
{"test": "tests/test_life_ui_v010.cjs", "ok": true, "seconds": 13.8}
{"test": "tests/test_playback_v08.cjs", "ok": true, "seconds": 1.8}
{"test": "tests/test_presentation.cjs", "ok": true, "seconds": 0.2}
{"test": "tests/test_access_gear_v01343.cjs", "ok": true, "seconds": 14.6}
{"test": "tests/test_gear_ui_v01343.cjs", "ok": true, "seconds": 1.8}
{"test": "tests/test_quality_fixes_v01335.cjs", "ok": true, "seconds": 5.0}
{"test": "tests/test_quality_fixes_v01336.cjs", "ok": true, "seconds": 10.4}
{"test": "tests/test_quality_fixes_v01337.cjs", "ok": true, "seconds": 0.5}
{"test": "tests/test_quality_fixes_v01338.cjs", "ok": true, "seconds": 4.4}
{"test": "tests/test_liyue_rework_mechanics.cjs", "ok": true, "seconds": 60.9}
{"test": "tests/test_mond_full_v01344.cjs", "ok": true, "seconds": 271.6}
{"test": "tools/test_field_bosses.cjs", "ok": true, "seconds": 33.0}
{"test": "tools/test_exclusive_weapons.cjs", "ok": true, "seconds": 4.8}
{"test": "tests/test_update_v01341.cjs", "ok": true, "seconds": 54.1}
{"test": "tests/test_abyss_v01341.cjs", "ok": true, "seconds": 37.6}
{"test": "tests/test_v0144.cjs", "ok": true, "seconds": 13.2}
{"test": "tests/test_v0148.cjs", "ok": true, "seconds": 17.5}
{"test": "tests/test_v01410.cjs", "ok": true, "seconds": 0.5}
{"test": "tests/test_v01411.cjs", "ok": true, "seconds": 17.9}
{"test": "tests/test_admin_v01412.mjs", "ok": true, "seconds": 29.7}
{"test": "tests/test_v01413.cjs", "ok": true, "seconds": 6.1}
{"test": "tests/test_v01415.cjs", "ok": true, "seconds": 92.7}
{"test": "tests/test_liyue_rework_flow.cjs", "ok": false, "seconds": 348.7}
{"test": "tests/test_v0151.cjs", "ok": true, "seconds": 5.9}
{"test": "tests/test_social_v01415.mjs", "ok": true, "seconds": 29.0}
{"test": "tests/test_v0152.cjs", "ok": true, "seconds": 26.9}
{"test": "tests/test_letters_v0151.mjs", "ok": true, "seconds": 51.6}
{"test": "tests/test_balance_v0152.cjs", "ok": true, "seconds": 40.6}
{"test": "tests/test_server_v0152.mjs", "ok": true, "seconds": 29.5}
{"test": "tests/test_server_v0153.mjs", "ok": true, "seconds": 4.7}
{"test": "tests/test_coop_v0153.cjs", "ok": true, "seconds": 36.8}
{"test": "tests/test_v0153.cjs", "ok": true, "seconds": 44.3}
{"test": "tests/test_server_coop_world_v0159.mjs", "ok": true, "seconds": 15.2}
{"test": "tests/test_coop_world_ui_v0159.cjs", "ok": true, "seconds": 0.1}
{"test": "tests/test_coop_world_v0160.cjs", "ok": true, "seconds": 17.9}
{"test": "tests/test_server_coop_v0153.mjs", "ok": true, "seconds": 68.7}
{"test": "tests/test_coop_world_screen_v0160.cjs", "ok": true, "seconds": 0.1}
{"test": "tests/test_freeze_v0160.cjs", "ok": true, "seconds": 3.0}
{"test": "tests/test_battle_lines_v0162.cjs", "ok": true, "seconds": 17.0}
{"test": "tests/test_landmarks_v0163.cjs", "ok": true, "seconds": 6.6}
{"test": "tests/test_v0164.cjs", "ok": true, "seconds": 3.1}
{"test": "tests/test_vfx_v0165.cjs", "ok": true, "seconds": 0.1}
{"test": "tests/test_v0167.cjs", "ok": true, "seconds": 3.5}
{"test": "tests/test_server_coop_roam_v0160.mjs", "ok": true, "seconds": 66.6}
{"test": "tests/test_v0157.cjs", "ok": true, "seconds": 0.1}
{"test": "tests/test_v0158.mjs", "ok": true, "seconds": 0.6}
{"test": "tests/test_osial_v01341.cjs", "ok": true, "seconds": 8.7}
{"test": "tools/test_story_cleanup_v0140.cjs", "ok": true, "seconds": 2.4}
{"test": "tests/test_v0156.cjs", "ok": true, "seconds": 13.5}
{"test": "tests/test_main_story_k_v0148.cjs", "ok": true, "seconds": 2.4}
{"test": "tests/test_fixed_region_live.mjs", "ok": true, "seconds": 11.8}
{"test": "tests/test_server_social_audit_fixes.mjs", "ok": true, "seconds": 19.5}
{"test": "tests/test_server_account_audit_fixes.mjs", "ok": true, "seconds": 40.5}
{"test": "tests/test_client_audit_fixes.cjs", "ok": true, "seconds": 0.1}
{"test": "tests/test_ui_audit_regressions.cjs", "ok": true, "seconds": 1.4}
{"test": "tests/test_test_banner_v01510.cjs", "ok": true, "seconds": 0.1}
{"test": "tests/test_version.cjs", "ok": true, "seconds": 0.1}
{"test": "tests/test_test_release_pin.cjs", "ok": true, "seconds": 0.1}
{"test": "tests/test_test_release_transaction.cjs", "ok": true, "seconds": 12.7}
{"test": "tests/test_server_capacity_audit_fixes.mjs", "ok": true, "seconds": 0.5}
{"test": "tests/test_social_concurrency_v01511.mjs", "ok": true, "seconds": 23.7}
{"test": "tests/test_asset_followup.cjs", "ok": true, "seconds": 1.6}
{"test": "tests/test_client_social_followup.cjs", "ok": true, "seconds": 0.1}
{"test": "tests/test_wish_ui_audit_fixes.cjs", "ok": true, "seconds": 0.1}
{"test": "tests/test_puzzle_ui_lifecycle.cjs", "ok": true, "seconds": 0.1}
{"test": "tests/test_client_connection_recovery.cjs", "ok": true, "seconds": 0.1}
{"test": "tests/test_popup_lifecycle_v01512.cjs", "ok": true, "seconds": 0.1}
{"test": "tests/test_server_coop_audit_fixes.mjs", "ok": true, "seconds": 54.8}
{"test": "tests/test_server_coop_recovery_v01512.mjs", "ok": true, "seconds": 40.4}
{"test": "tests/test_ui_boundaries_v01513.cjs", "ok": true, "seconds": 0.1}
{"test": "tests/test_settings_audio_v01513.cjs", "ok": true, "seconds": 0.1}
{"test": "tests/test_content_boundaries_v01513.cjs", "ok": true, "seconds": 5.0}
{"test": "tests/test_release_isolation_v01513.cjs", "ok": true, "seconds": 5.5}
{"test": "tests/test_release_isolation_v01513.py", "ok": true, "seconds": 0.7}
{"test": "tests/test_feature_boundaries_v01513.cjs", "ok": true, "seconds": 81.4}
{"test": "tests/test_story_asset_bindings.cjs", "ok": true, "seconds": 36.8}
{"test": "tests/test_server_remaining_audit_v01513.mjs", "ok": true, "seconds": 0.5}
{"test": "tests/test_enemy_text_v01514.cjs", "ok": true, "seconds": 1.3}
{"test": "tests/test_story_named_text_v01514.cjs", "ok": true, "seconds": 3.3}
{"test": "tests/test_v01515.cjs", "ok": true, "seconds": 0.1}
{"test": "tests/test_map_v01516.cjs", "ok": true, "seconds": 3.8}
{"test": "tests/test_v01517.cjs", "ok": true, "seconds": 3.2}
{"test": "tests/test_v01518.cjs", "ok": true, "seconds": 0.1}
{"test": "tests/test_v01519.cjs", "ok": true, "seconds": 3.9}
{"test": "tests/test_v01520.cjs", "ok": true, "seconds": 3.5}
{"test": "tests/test_v01521.cjs", "ok": true, "seconds": 2.2}
{"test": "tests/test_server_load_boundaries_v01513.mjs", "ok": true, "seconds": 96.7}
{"test": "tests/v013/test_recruitment_cost_consistency.cjs", "ok": true, "seconds": 21.6}
