{"boss":"FB_ANEMO_HYPOSTASIS","inv":"FOUR_C0","seed":717,"policy":"REPEAT","state":"WIN","round":16,"hp":0.34427136870404046,"ko":0,"inputs":16,"revives":2,"reflections":0,"heads":0}
{"boss":"FB_ANEMO_HYPOSTASIS","inv":"FOUR_C0","seed":717,"policy":"MANUAL","state":"WIN","round":12,"hp":0.6430774096623705,"ko":0,"inputs":12,"revives":1,"reflections":0,"heads":0}
{"boss":"FB_ANEMO_HYPOSTASIS","inv":"FIVE_C0","seed":717,"policy":"REPEAT","state":"WIN","round":20,"hp":0.8315939800065912,"ko":0,"inputs":20,"revives":3,"reflections":0,"heads":0}
{"boss":"FB_ANEMO_HYPOSTASIS","inv":"FIVE_C0","seed":717,"policy":"MANUAL","state":"WIN","round":55,"hp":0.9410084587498627,"ko":0,"inputs":55,"revives":10,"reflections":0,"heads":0}
{"boss":"FB_CRYO_HYPOSTASIS","inv":"FOUR_C0","seed":717,"policy":"REPEAT","state":"WIN","round":15,"hp":0.5400240384615385,"ko":1,"inputs":14,"revives":0,"reflections":0,"heads":0}
{"boss":"FB_CRYO_HYPOSTASIS","inv":"FOUR_C0","seed":717,"policy":"MANUAL","state":"WIN","round":19,"hp":0.44318910256410254,"ko":1,"inputs":18,"revives":0,"reflections":0,"heads":0}
{"boss":"FB_CRYO_HYPOSTASIS","inv":"FIVE_C0","seed":717,"policy":"REPEAT","state":"WIN","round":5,"hp":0.9283614158091146,"ko":0,"inputs":3,"revives":0,"reflections":0,"heads":0}
{"boss":"FB_CRYO_HYPOSTASIS","inv":"FIVE_C0","seed":717,"policy":"MANUAL","state":"WIN","round":5,"hp":0.9468788872554563,"ko":0,"inputs":5,"revives":0,"reflections":0,"heads":0}
{"boss":"FB_OCEANID","inv":"FOUR_C0","seed":717,"policy":"REPEAT","state":"WIN","round":5,"hp":0.5258045770263166,"ko":1,"inputs":4,"revives":0,"reflections":0,"heads":0}
{"boss":"FB_OCEANID","inv":"FOUR_C0","seed":717,"policy":"MANUAL","state":"WIN","round":5,"hp":0.5333868334394112,"ko":0,"inputs":4,"revives":0,"reflections":0,"heads":0}
{"boss":"FB_OCEANID","inv":"FIVE_C0","seed":717,"policy":"REPEAT","state":"WIN","round":5,"hp":0.934907824016527,"ko":0,"inputs":4,"revives":0,"reflections":0,"heads":0}
{"boss":"FB_OCEANID","inv":"FIVE_C0","seed":717,"policy":"MANUAL","state":"WIN","round":5,"hp":0.9547786200738808,"ko":0,"inputs":4,"revives":0,"reflections":0,"heads":0}
{"boss":"FB_GEO_HYPOSTASIS","inv":"FOUR_C0","seed":717,"policy":"REPEAT","state":"DEFEAT","round":325,"hp":0.5755090440325625,"ko":1,"inputs":6,"revives":42,"reflections":0,"heads":0}
{"boss":"FB_GEO_HYPOSTASIS","inv":"FOUR_C0","seed":717,"policy":"MANUAL","state":"WIN","round":12,"hp":0.8089080168091111,"ko":0,"inputs":12,"revives":0,"reflections":0,"heads":0}
{"boss":"FB_GEO_HYPOSTASIS","inv":"FIVE_C0","seed":717,"policy":"REPEAT","state":"WIN","round":6,"hp":1,"ko":0,"inputs":6,"revives":0,"reflections":0,"heads":0}
{"boss":"FB_GEO_HYPOSTASIS","inv":"FIVE_C0","seed":717,"policy":"MANUAL","state":"WIN","round":6,"hp":0.9731375166889186,"ko":0,"inputs":6,"revives":0,"reflections":0,"heads":0}
{"boss":"FB_PRIMO_GEOVISHAP","inv":"FOUR_C0","seed":717,"policy":"REPEAT","state":"DEFEAT","round":18,"hp":0,"ko":4,"inputs":4,"revives":0,"reflections":3,"heads":0}
{"boss":"FB_PRIMO_GEOVISHAP","inv":"FOUR_C0","seed":717,"policy":"MANUAL","state":"WIN","round":9,"hp":0.5286254961691129,"ko":0,"inputs":8,"revives":0,"reflections":3,"heads":0}
{"boss":"FB_PRIMO_GEOVISHAP","inv":"FIVE_C0","seed":717,"policy":"REPEAT","state":"WIN","round":6,"hp":0.9187841396800625,"ko":0,"inputs":6,"revives":0,"reflections":2,"heads":0}
{"boss":"FB_PRIMO_GEOVISHAP","inv":"FIVE_C0","seed":717,"policy":"MANUAL","state":"WIN","round":7,"hp":0.997939426453375,"ko":0,"inputs":6,"revives":0,"reflections":2,"heads":0}
{"boss":"FB_RUIN_SERPENT","inv":"FOUR_C0","seed":717,"policy":"REPEAT","state":"DEFEAT","round":86,"hp":0,"ko":4,"inputs":13,"revives":0,"reflections":0,"heads":21}
{"boss":"FB_RUIN_SERPENT","inv":"FOUR_C0","seed":717,"policy":"MANUAL","state":"WIN","round":21,"hp":0.6887118091645174,"ko":0,"inputs":16,"revives":0,"reflections":0,"heads":5}
{"boss":"FB_RUIN_SERPENT","inv":"FIVE_C0","seed":717,"policy":"REPEAT","state":"WIN","round":8,"hp":0.9756701868399675,"ko":0,"inputs":8,"revives":0,"reflections":0,"heads":2}
{"boss":"FB_RUIN_SERPENT","inv":"FIVE_C0","seed":717,"policy":"MANUAL","state":"WIN","round":8,"hp":1,"ko":0,"inputs":8,"revives":0,"reflections":0,"heads":2}
