{"condition":1,"total":255,"team":"story4","level":25,"stage":5,"element":"PYRO","wins":3,"losses":0,"seconds":34.14,"materials":3,"rate":5.272407732864675,"rests":0,"stop":"LIMIT"}
{"condition":2,"total":255,"team":"story4","level":25,"stage":5,"element":"ELECTRO","wins":3,"losses":0,"seconds":34.14,"materials":3,"rate":5.272407732864675,"rests":0,"stop":"LIMIT"}
{"condition":3,"total":255,"team":"story4","level":25,"stage":20,"element":"PYRO","wins":3,"losses":0,"seconds":325.53000000000003,"materials":12,"rate":2.211777716339508,"rests":1,"stop":"LIMIT"}
{"condition":4,"total":255,"team":"story4","level":25,"stage":20,"element":"ELECTRO","wins":3,"losses":0,"seconds":114.63,"materials":12,"rate":6.281078251766553,"rests":0,"stop":"LIMIT"}
{"condition":5,"total":255,"team":"story4","level":25,"stage":25,"element":"PYRO","wins":0,"losses":1,"seconds":172.76999999999998,"materials":0,"rate":0,"rests":0,"stop":"DEFEAT"}
{"condition":6,"total":255,"team":"story4","level":25,"stage":25,"element":"ELECTRO","wins":3,"losses":0,"seconds":340.1,"materials":18,"rate":3.1755366068803292,"rests":2,"stop":"LIMIT"}
{"condition":7,"total":255,"team":"story4","level":25,"stage":30,"element":"PYRO","wins":3,"losses":0,"seconds":197.28,"materials":24,"rate":7.299270072992701,"rests":0,"stop":"LIMIT"}
{"condition":8,"total":255,"team":"story4","level":25,"stage":30,"element":"ELECTRO","wins":3,"losses":0,"seconds":99.75,"materials":24,"rate":14.436090225563909,"rests":0,"stop":"LIMIT"}
{"condition":9,"total":255,"team":"story4","level":55,"stage":5,"element":"NEUTRAL","wins":3,"losses":0,"seconds":34.53,"materials":3,"rate":5.2128583840139004,"rests":0,"stop":"LIMIT"}
{"condition":10,"total":255,"team":"story4","level":55,"stage":5,"element":"PYRO","wins":3,"losses":0,"seconds":34.53,"materials":3,"rate":5.2128583840139004,"rests":0,"stop":"LIMIT"}
{"condition":11,"total":255,"team":"story4","level":55,"stage":5,"element":"HYDRO","wins":3,"losses":0,"seconds":34.53,"materials":3,"rate":5.2128583840139004,"rests":0,"stop":"LIMIT"}
{"condition":12,"total":255,"team":"story4","level":55,"stage":5,"element":"ELECTRO","wins":3,"losses":0,"seconds":34.53,"materials":3,"rate":5.2128583840139004,"rests":0,"stop":"LIMIT"}
{"condition":13,"total":255,"team":"story4","level":55,"stage":50,"element":"NEUTRAL","wins":3,"losses":0,"seconds":73.57,"materials":540,"rate":440.39690091069735,"rests":0,"stop":"LIMIT"}
{"condition":14,"total":255,"team":"story4","level":55,"stage":50,"element":"PYRO","wins":3,"losses":0,"seconds":257.89,"materials":540,"rate":125.63496064213425,"rests":1,"stop":"LIMIT"}
{"condition":15,"total":255,"team":"story4","level":55,"stage":50,"element":"HYDRO","wins":3,"losses":0,"seconds":125.28000000000002,"materials":540,"rate":258.6206896551724,"rests":0,"stop":"LIMIT"}
{"condition":16,"total":255,"team":"story4","level":55,"stage":50,"element":"ELECTRO","wins":3,"losses":0,"seconds":85.65,"materials":540,"rate":378.28371278458843,"rests":0,"stop":"LIMIT"}
{"condition":17,"total":255,"team":"story4","level":55,"stage":55,"element":"NEUTRAL","wins":3,"losses":0,"seconds":78.86,"materials":1800,"rate":1369.515597260969,"rests":0,"stop":"LIMIT"}
{"condition":18,"total":255,"team":"story4","level":55,"stage":55,"element":"PYRO","wins":3,"losses":0,"seconds":517.1099999999999,"materials":1800,"rate":208.85304867436332,"rests":2,"stop":"LIMIT"}
{"condition":19,"total":255,"team":"story4","level":55,"stage":55,"element":"HYDRO","wins":3,"losses":0,"seconds":321.16999999999996,"materials":1800,"rate":336.2705109443597,"rests":1,"stop":"LIMIT"}
{"condition":20,"total":255,"team":"story4","level":55,"stage":55,"element":"ELECTRO","wins":3,"losses":0,"seconds":196.92000000000002,"materials":1800,"rate":548.4460694698354,"rests":1,"stop":"LIMIT"}
{"condition":21,"total":255,"team":"story4","level":55,"stage":60,"element":"NEUTRAL","wins":3,"losses":0,"seconds":97.19999999999999,"materials":4500,"rate":2777.7777777777783,"rests":0,"stop":"LIMIT"}
{"condition":22,"total":255,"team":"story4","level":55,"stage":60,"element":"PYRO","wins":0,"losses":1,"seconds":193.87,"materials":0,"rate":0,"rests":0,"stop":"DEFEAT"}
{"condition":23,"total":255,"team":"story4","level":55,"stage":60,"element":"HYDRO","wins":3,"losses":0,"seconds":351.99,"materials":4500,"rate":767.067246228586,"rests":1,"stop":"LIMIT"}
{"condition":24,"total":255,"team":"story4","level":55,"stage":60,"element":"ELECTRO","wins":3,"losses":0,"seconds":224.95000000000002,"materials":4500,"rate":1200.2667259390976,"rests":1,"stop":"LIMIT"}
{"condition":25,"total":255,"team":"story4","level":25,"stage":25,"element":"NEUTRAL","wins":3,"losses":0,"seconds":100.15,"materials":18,"rate":10.783824263604593,"rests":0,"stop":"LIMIT"}
{"condition":26,"total":255,"team":"story4","level":25,"stage":25,"element":"PYRO","wins":3,"losses":0,"seconds":359.93999999999994,"materials":18,"rate":3.000500083347225,"rests":2,"stop":"LIMIT"}
{"condition":27,"total":255,"team":"story4","level":25,"stage":25,"element":"HYDRO","wins":3,"losses":0,"seconds":239.83,"materials":18,"rate":4.503189759412917,"rests":1,"stop":"LIMIT"}
{"condition":28,"total":255,"team":"story4","level":25,"stage":25,"element":"ANEMO","wins":3,"losses":0,"seconds":215.92999999999998,"materials":18,"rate":5.001620895660631,"rests":1,"stop":"LIMIT"}
{"condition":29,"total":255,"team":"story4","level":25,"stage":25,"element":"ELECTRO","wins":3,"losses":0,"seconds":289.49,"materials":18,"rate":3.730698815157691,"rests":2,"stop":"LIMIT"}
{"condition":30,"total":255,"team":"story4","level":25,"stage":25,"element":"CRYO","wins":3,"losses":0,"seconds":215.39000000000001,"materials":18,"rate":5.014160360276707,"rests":1,"stop":"LIMIT"}
