{"version": "0.16.27", "runtime_files": 120, "bytes": 28416477, "gzip_bytes": 5400211}
{"test": "tests/test_field_preparation_v01627.cjs", "ok": true, "seconds": 6.5}
{"test": "tests/test_abyss_fixes_v01626.cjs", "ok": false, "seconds": 89.6}
{"test": "tests/test_character_balance_v01625.cjs", "ok": true, "seconds": 104.7}
{"test": "tests/test_skill_rhythm_ownership_v01625.cjs", "ok": true, "seconds": 19.2}
{"test": "tests/test_basic_air_range_v01624.cjs", "ok": true, "seconds": 6.6}
{"test": "tests/test_enemy_balance_v01627.cjs", "ok": true, "seconds": 289.6}
{"test": "tests/test_daily_pressure_v01624.cjs", "ok": true, "seconds": 37.1}
{"test": "tests/test_liyue_growth_gate_v01622.cjs", "ok": true, "seconds": 22.6}
{"test": "tests/test_material_efficiency_v01622.cjs", "ok": true, "seconds": 0.6}
{"test": "tests/test_incoming_defense_v01622.cjs", "ok": true, "seconds": 6.9}
{"test": "tests/test_xianyun_balance_v01622.cjs", "ok": true, "seconds": 7.3}
{"test": "tests/test_growth_balance_v01621.cjs", "ok": true, "seconds": 24.8}
{"test": "tests/test_noelle_healing_v01621.cjs", "ok": true, "seconds": 21.5}
{"test": "tests/test_weekly_retirement_v01621.cjs", "ok": true, "seconds": 3.5}
{"test": "tests/test_boss_difficulty_scope_v01624.cjs", "ok": true, "seconds": 210.9}
{"test": "tests/test_food_balance_v01620.cjs", "ok": true, "seconds": 24.0}
{"test": "tests/test_control_grace_v01619.cjs", "ok": true, "seconds": 12.7}
{"test": "tests/test_healing_v01619.cjs", "ok": true, "seconds": 22.0}
{"test": "tests/test_shield_balance_v01619.cjs", "ok": true, "seconds": 14.6}
{"test": "tests/test_shield_meter_v01619.cjs", "ok": true, "seconds": 0.1}
{"test": "tests/test_shield_playback_v01619.cjs", "ok": true, "seconds": 0.1}
