{"name":"MOND_BARBARA_C0","level":25,"seed":717,"wins":1,"losses":1,"hp":0,"ko":1,"heal":6524,"nominal":8904.640800000005,"overCap":2384.5640000000008,"quote":420}
{"name":"MOND_BARBARA_C0","level":25,"seed":925,"wins":2,"losses":1,"hp":0,"ko":2,"heal":4918,"nominal":8105.235600000003,"overCap":3191.1020000000008,"quote":420}
{"name":"MOND_BARBARA_C6","level":25,"seed":717,"wins":4,"losses":0,"hp":0.5343,"ko":1,"heal":9465,"nominal":23761.080200000015,"overCap":14291.796600000001,"quote":207}
{"name":"MOND_BARBARA_C6","level":25,"seed":925,"wins":4,"losses":0,"hp":0.7435,"ko":0,"heal":10770,"nominal":23169.159200000013,"overCap":12394.547400000003,"quote":128}
{"name":"MOND_DIONA_C0","level":25,"seed":717,"wins":4,"losses":0,"hp":0.2368,"ko":2,"heal":16956,"nominal":17132.280000000002,"overCap":179.69000000000028,"quote":328}
{"name":"MOND_DIONA_C0","level":25,"seed":925,"wins":3,"losses":1,"hp":0,"ko":2,"heal":16879,"nominal":17132.280000000002,"overCap":256.6900000000003,"quote":420}
{"name":"MOND_DIONA_C6","level":25,"seed":717,"wins":4,"losses":0,"hp":0.7245,"ko":0,"heal":16991,"nominal":18734.980000000003,"overCap":1747.0400000000004,"quote":131}
{"name":"MOND_DIONA_C6","level":25,"seed":925,"wins":4,"losses":0,"hp":0.7548,"ko":0,"heal":14618,"nominal":17021.752000000004,"overCap":2406.080000000001,"quote":120}
{"name":"MOND_NOELLE_C0","level":25,"seed":717,"wins":1,"losses":1,"hp":0,"ko":2,"heal":665,"nominal":665.7491691662425,"overCap":0,"quote":420}
{"name":"MOND_NOELLE_C0","level":25,"seed":925,"wins":1,"losses":1,"hp":0,"ko":2,"heal":95,"nominal":190.21404833321216,"overCap":95.10702416660608,"quote":420}
{"name":"MOND_NOELLE_C6","level":25,"seed":717,"wins":3,"losses":1,"hp":0,"ko":4,"heal":4406,"nominal":5979.792386665696,"overCap":1573.3610724998189,"quote":420}
{"name":"MOND_NOELLE_C6","level":25,"seed":925,"wins":3,"losses":1,"hp":0,"ko":4,"heal":4251,"nominal":5314.043217499455,"overCap":1063.7340483332123,"quote":420}
{"name":"MOND_BENNETT_C0","level":25,"seed":717,"wins":1,"losses":1,"hp":0,"ko":2,"heal":3240,"nominal":3238.488,"overCap":0,"quote":420}
{"name":"MOND_BENNETT_C0","level":25,"seed":925,"wins":1,"losses":1,"hp":0,"ko":2,"heal":2160,"nominal":2158.992,"overCap":0,"quote":420}
{"name":"MOND_BENNETT_C6","level":25,"seed":717,"wins":2,"losses":1,"hp":0,"ko":2,"heal":5341,"nominal":6582.048000000002,"overCap":1243.0400000000004,"quote":420}
{"name":"MOND_BENNETT_C6","level":25,"seed":925,"wins":2,"losses":1,"hp":0,"ko":2,"heal":6011,"nominal":7661.544000000003,"overCap":1653.0400000000004,"quote":420}
{"name":"MOND_JEAN_C0","level":25,"seed":717,"wins":2,"losses":1,"hp":0,"ko":3,"heal":7602,"nominal":10660.528517760002,"overCap":3053.2755240000006,"quote":420}
{"name":"MOND_JEAN_C0","level":25,"seed":925,"wins":2,"losses":1,"hp":0,"ko":2,"heal":8583,"nominal":11798.504370312003,"overCap":3209.730628800001,"quote":420}
{"name":"LIYUE_QIQI_C0","level":25,"seed":717,"wins":2,"losses":1,"hp":0,"ko":2,"heal":12793,"nominal":13820.494308192006,"overCap":1024.4348011520005,"quote":420}
{"name":"LIYUE_QIQI_C0","level":25,"seed":925,"wins":2,"losses":1,"hp":0,"ko":3,"heal":10048,"nominal":11245.385592672003,"overCap":1195.2500152320004,"quote":420}
{"name":"LIYUE_BAIZHU_C0","level":25,"seed":717,"wins":3,"losses":1,"hp":0,"ko":3,"heal":17833,"nominal":21744.976704000008,"overCap":3906.3510399999996,"quote":420}
{"name":"LIYUE_BAIZHU_C0","level":25,"seed":925,"wins":4,"losses":0,"hp":0.1863,"ko":2,"heal":20863,"nominal":25013.246016000016,"overCap":4143.015935999999,"quote":357}
{"name":"LIYUE_XIANYUN_C0","level":25,"seed":717,"wins":2,"losses":1,"hp":0,"ko":2,"heal":16624,"nominal":22342.378680864007,"overCap":5719.202551968002,"quote":420}
{"name":"LIYUE_XIANYUN_C0","level":25,"seed":925,"wins":2,"losses":1,"hp":0,"ko":2,"heal":12372,"nominal":16498.87525299201,"overCap":4127.4187912960015,"quote":420}
{"name":"four_star_attack_C0","level":25,"seed":717,"wins":1,"losses":1,"hp":0,"ko":2,"heal":0,"nominal":0,"overCap":0,"quote":420}
{"name":"four_star_attack_C0","level":25,"seed":925,"wins":2,"losses":1,"hp":0,"ko":2,"heal":0,"nominal":0,"overCap":0,"quote":420}
{"name":"four_star_support_C6","level":25,"seed":717,"wins":4,"losses":0,"hp":1,"ko":0,"heal":46983,"nominal":79937.5037859976,"overCap":32941.165610832344,"quote":20}
{"name":"four_star_support_C6","level":25,"seed":925,"wins":4,"losses":0,"hp":1,"ko":0,"heal":43211,"nominal":71659.29926999792,"overCap":28437.434314165905,"quote":20}
{"name":"MOND_BARBARA_C0","level":60,"seed":717,"wins":4,"losses":0,"hp":0.789,"ko":0,"heal":21074,"nominal":42615.935999999994,"overCap":21539.455999999995,"quote":227}
{"name":"MOND_BARBARA_C0","level":60,"seed":925,"wins":4,"losses":0,"hp":0.6333,"ko":0,"heal":23346,"nominal":42615.935999999994,"overCap":19266.463999999996,"quote":375}
{"name":"MOND_BARBARA_C6","level":60,"seed":717,"wins":4,"losses":0,"hp":0.9441,"ko":0,"heal":13495,"nominal":61460.93535999998,"overCap":47965.66048,"quote":75}
{"name":"MOND_BARBARA_C6","level":60,"seed":925,"wins":4,"losses":0,"hp":0.9614,"ko":0,"heal":17775,"nominal":79884.78783999998,"overCap":62109.787839999975,"quote":59}
{"name":"MOND_DIONA_C0","level":60,"seed":717,"wins":4,"losses":0,"hp":0.831,"ko":0,"heal":14144,"nominal":14141.072000000002,"overCap":0,"quote":185}
{"name":"MOND_DIONA_C0","level":60,"seed":925,"wins":4,"losses":0,"hp":0.8821,"ko":0,"heal":14144,"nominal":14141.072000000002,"overCap":0,"quote":137}
{"name":"MOND_DIONA_C6","level":60,"seed":717,"wins":4,"losses":0,"hp":0.9878,"ko":0,"heal":15083,"nominal":29123.644000000008,"overCap":14041.742000000004,"quote":32}
{"name":"MOND_DIONA_C6","level":60,"seed":925,"wins":4,"losses":0,"hp":0.9194,"ko":0,"heal":11596,"nominal":27356.010000000006,"overCap":15760.742000000004,"quote":100}
{"name":"MOND_NOELLE_C0","level":60,"seed":717,"wins":4,"losses":0,"hp":0.4988,"ko":1,"heal":0,"nominal":0,"overCap":0,"quote":538}
{"name":"MOND_NOELLE_C0","level":60,"seed":925,"wins":4,"losses":0,"hp":0.5473,"ko":0,"heal":0,"nominal":0,"overCap":0,"quote":491}
{"name":"MOND_NOELLE_C6","level":60,"seed":717,"wins":4,"losses":0,"hp":0.8444,"ko":0,"heal":5467,"nominal":18517.840000000004,"overCap":13050.840000000004,"quote":183}
{"name":"MOND_NOELLE_C6","level":60,"seed":925,"wins":4,"losses":0,"hp":0.8331,"ko":0,"heal":4929,"nominal":18517.840000000004,"overCap":13588.840000000004,"quote":196}
{"name":"MOND_BENNETT_C0","level":60,"seed":717,"wins":4,"losses":0,"hp":0.7295,"ko":0,"heal":7525,"nominal":7523.670000000001,"overCap":0,"quote":289}
{"name":"MOND_BENNETT_C0","level":60,"seed":925,"wins":4,"losses":0,"hp":0.6009,"ko":0,"heal":18060,"nominal":18056.808,"overCap":0,"quote":413}
{"name":"MOND_BENNETT_C6","level":60,"seed":717,"wins":4,"losses":0,"hp":0.8688,"ko":0,"heal":4008,"nominal":18517.840000000004,"overCap":14509.840000000004,"quote":147}
{"name":"MOND_BENNETT_C6","level":60,"seed":925,"wins":4,"losses":0,"hp":0.8536,"ko":0,"heal":7717,"nominal":21527.308000000005,"overCap":13810.840000000004,"quote":164}
{"name":"MOND_JEAN_C0","level":60,"seed":717,"wins":4,"losses":0,"hp":0.8918,"ko":0,"heal":19342,"nominal":32849.510620608016,"overCap":13506.954789000007,"quote":132}
{"name":"MOND_JEAN_C0","level":60,"seed":925,"wins":4,"losses":0,"hp":0.9225,"ko":0,"heal":17823,"nominal":32849.510620608016,"overCap":15026.128387000008,"quote":107}
{"name":"LIYUE_QIQI_C0","level":60,"seed":717,"wins":4,"losses":0,"hp":0.7004,"ko":0,"heal":15729,"nominal":16707.908627520002,"overCap":976.8223749120002,"quote":351}
{"name":"LIYUE_QIQI_C0","level":60,"seed":925,"wins":4,"losses":0,"hp":0.7015,"ko":0,"heal":18157,"nominal":18469.007171296,"overCap":308.687762432,"quote":342}
{"name":"LIYUE_BAIZHU_C0","level":60,"seed":717,"wins":4,"losses":0,"hp":0.9495,"ko":0,"heal":41984,"nominal":124746.33599999998,"overCap":82763.04400000002,"quote":78}
{"name":"LIYUE_BAIZHU_C0","level":60,"seed":925,"wins":4,"losses":0,"hp":0.8821,"ko":0,"heal":37337,"nominal":103955.28,"overCap":66618.98800000004,"quote":149}
{"name":"LIYUE_XIANYUN_C0","level":60,"seed":717,"wins":4,"losses":0,"hp":0.9394,"ko":0,"heal":32784,"nominal":49816.13975360001,"overCap":17036.177624400007,"quote":94}
{"name":"LIYUE_XIANYUN_C0","level":60,"seed":925,"wins":4,"losses":0,"hp":0.9112,"ko":0,"heal":27378,"nominal":49816.13975360001,"overCap":22441.38525220001,"quote":129}
{"name":"four_star_attack_C0","level":60,"seed":717,"wins":4,"losses":0,"hp":0.5704,"ko":0,"heal":0,"nominal":0,"overCap":0,"quote":441}
{"name":"four_star_attack_C0","level":60,"seed":925,"wins":4,"losses":0,"hp":0.5373,"ko":0,"heal":0,"nominal":0,"overCap":0,"quote":475}
{"name":"four_star_support_C6","level":60,"seed":717,"wins":4,"losses":0,"hp":1,"ko":0,"heal":59630,"nominal":162115.2521847236,"overCap":102488.22022158912,"quote":20}
{"name":"four_star_support_C6","level":60,"seed":925,"wins":4,"losses":0,"hp":1,"ko":0,"heal":56280,"nominal":160083.45538472358,"overCap":103806.29697236173,"quote":20}
{"out":"/workspace/scratch/a62414469990/crpg-v01618-work/genshin-crpg/docs/data/balance_v01622/final_cash_margin_healing/repeated.json.gz","conditions":56,"battles":202,"wins":182,"losses":20,"errors":0,"stalled":0,"completeNoKo":32,"completeAllFull":4}
