{"candidate":"RAW_BASELINE","boss":"BOSS_ANDRIUS","investment":"FIVE_C0","state":"WIN","rounds":6,"inputs":6,"seconds":95.66,"cpu":0.29,"hp":0.71549,"ko":[],"admission":{"BOSS_ANDRIUS":20736}}
{"candidate":"RAW_BASELINE","boss":"BOSS_ANDRIUS","investment":"FIVE_C0","state":"WIN","rounds":7,"inputs":6,"seconds":106.76,"cpu":0.18,"hp":0.9058,"ko":[],"admission":{"BOSS_ANDRIUS":20736}}
{"candidate":"RAW_BASELINE","boss":"BOSS_DVALIN","investment":"FIVE_C0","state":"DEFEAT","rounds":8,"inputs":8,"seconds":153.3,"cpu":0.13,"hp":0,"ko":["LIYUE_ZHONGLI","MOND_DILUC","MOND_JEAN","PLAYER_CUSTOM"],"admission":{"BOSS_DVALIN":20736}}
{"candidate":"RAW_BASELINE","boss":"BOSS_DVALIN","investment":"FIVE_C0","state":"WIN","rounds":8,"inputs":8,"seconds":105.97,"cpu":0.29,"hp":0.68797,"ko":[],"admission":{"BOSS_DVALIN":20736}}
{"candidate":"RAW_BASELINE","boss":"BOSS_TARTAGLIA","investment":"FIVE_C0","state":"WIN","rounds":8,"inputs":7,"seconds":87.04,"cpu":0.22,"hp":0.88811,"ko":[],"admission":{"FARM_TARTAGLIA":20736}}
{"candidate":"RAW_BASELINE","boss":"BOSS_TARTAGLIA","investment":"FIVE_C0","state":"WIN","rounds":8,"inputs":7,"seconds":87.04,"cpu":0.21,"hp":0.88811,"ko":[],"admission":{"FARM_TARTAGLIA":20736}}
{"candidate":"RAW_BASELINE","boss":"BOSS_AZHDAHA","investment":"FIVE_C0","state":"WIN","rounds":5,"inputs":5,"seconds":57.99,"cpu":0.16,"hp":0.98267,"ko":[],"admission":{"FARM_AZHDAHA":20736}}
{"candidate":"RAW_BASELINE","boss":"BOSS_AZHDAHA","investment":"FIVE_C0","state":"WIN","rounds":5,"inputs":5,"seconds":57.99,"cpu":0.17,"hp":0.98267,"ko":[],"admission":{"FARM_AZHDAHA":20736}}
{"candidate":"RAW_MILD","boss":"BOSS_ANDRIUS","investment":"FIVE_C0","state":"WIN","rounds":6,"inputs":6,"seconds":93.44,"cpu":0.19,"hp":0.69886,"ko":[],"admission":{"BOSS_ANDRIUS":20736}}
{"candidate":"RAW_MILD","boss":"BOSS_ANDRIUS","investment":"FIVE_C0","state":"WIN","rounds":7,"inputs":6,"seconds":106.76,"cpu":0.19,"hp":0.82135,"ko":[],"admission":{"BOSS_ANDRIUS":20736}}
{"candidate":"RAW_MILD","boss":"BOSS_DVALIN","investment":"FIVE_C0","state":"DEFEAT","rounds":8,"inputs":8,"seconds":153.3,"cpu":0.11,"hp":0,"ko":["LIYUE_ZHONGLI","MOND_DILUC","MOND_JEAN","PLAYER_CUSTOM"],"admission":{"BOSS_DVALIN":20736}}
{"candidate":"RAW_MILD","boss":"BOSS_DVALIN","investment":"FIVE_C0","state":"DEFEAT","rounds":8,"inputs":8,"seconds":168.19,"cpu":0.19,"hp":0,"ko":["LIYUE_ZHONGLI","MOND_DILUC","MOND_JEAN","PLAYER_CUSTOM"],"admission":{"BOSS_DVALIN":20736}}
{"candidate":"RAW_MILD","boss":"BOSS_TARTAGLIA","investment":"FIVE_C0","state":"WIN","rounds":9,"inputs":8,"seconds":95.59,"cpu":0.21,"hp":0.72308,"ko":[],"admission":{"FARM_TARTAGLIA":20736}}
{"candidate":"RAW_MILD","boss":"BOSS_TARTAGLIA","investment":"FIVE_C0","state":"WIN","rounds":9,"inputs":8,"seconds":95.59,"cpu":0.17,"hp":0.72308,"ko":[],"admission":{"FARM_TARTAGLIA":20736}}
{"candidate":"RAW_MILD","boss":"BOSS_AZHDAHA","investment":"FIVE_C0","state":"WIN","rounds":6,"inputs":5,"seconds":66.74,"cpu":0.17,"hp":0.86007,"ko":[],"admission":{"FARM_AZHDAHA":20736}}
{"candidate":"RAW_MILD","boss":"BOSS_AZHDAHA","investment":"FIVE_C0","state":"WIN","rounds":7,"inputs":6,"seconds":78.62,"cpu":0.18,"hp":0.957,"ko":[],"admission":{"FARM_AZHDAHA":20736}}
{"candidate":"RAW_MILD_EARLY","boss":"BOSS_ANDRIUS","investment":"FIVE_C0","state":"WIN","rounds":6,"inputs":6,"seconds":93.44,"cpu":0.22,"hp":0.69873,"ko":[],"admission":{"BOSS_ANDRIUS":20736}}
{"candidate":"RAW_MILD_EARLY","boss":"BOSS_ANDRIUS","investment":"FIVE_C0","state":"WIN","rounds":7,"inputs":6,"seconds":106.76,"cpu":0.19,"hp":0.82135,"ko":[],"admission":{"BOSS_ANDRIUS":20736}}
{"candidate":"RAW_MILD_EARLY","boss":"BOSS_DVALIN","investment":"FIVE_C0","state":"DEFEAT","rounds":8,"inputs":8,"seconds":153.3,"cpu":0.12,"hp":0,"ko":["LIYUE_ZHONGLI","MOND_DILUC","MOND_JEAN","PLAYER_CUSTOM"],"admission":{"BOSS_DVALIN":20736}}
{"candidate":"RAW_MILD_EARLY","boss":"BOSS_DVALIN","investment":"FIVE_C0","state":"DEFEAT","rounds":8,"inputs":8,"seconds":168.19,"cpu":0.19,"hp":0,"ko":["LIYUE_ZHONGLI","MOND_DILUC","MOND_JEAN","PLAYER_CUSTOM"],"admission":{"BOSS_DVALIN":20736}}
{"candidate":"RAW_MILD_EARLY","boss":"BOSS_TARTAGLIA","investment":"FIVE_C0","state":"WIN","rounds":9,"inputs":8,"seconds":95.59,"cpu":0.2,"hp":0.71204,"ko":[],"admission":{"FARM_TARTAGLIA":20736}}
{"candidate":"RAW_MILD_EARLY","boss":"BOSS_TARTAGLIA","investment":"FIVE_C0","state":"WIN","rounds":9,"inputs":8,"seconds":95.59,"cpu":0.17,"hp":0.71204,"ko":[],"admission":{"FARM_TARTAGLIA":20736}}
{"candidate":"RAW_MILD_EARLY","boss":"BOSS_AZHDAHA","investment":"FIVE_C0","state":"WIN","rounds":6,"inputs":5,"seconds":66.61,"cpu":0.17,"hp":0.86007,"ko":[],"admission":{"FARM_AZHDAHA":20736}}
{"candidate":"RAW_MILD_EARLY","boss":"BOSS_AZHDAHA","investment":"FIVE_C0","state":"WIN","rounds":7,"inputs":6,"seconds":78.49,"cpu":0.21,"hp":0.957,"ko":[],"admission":{"FARM_AZHDAHA":20736}}
{"candidate":"RAW_MODERATE_EARLY","boss":"BOSS_ANDRIUS","investment":"FIVE_C0","state":"WIN","rounds":7,"inputs":4,"seconds":96.32,"cpu":0.2,"hp":0.53059,"ko":["PLAYER_CUSTOM"],"admission":{"BOSS_ANDRIUS":20736}}
{"candidate":"RAW_MODERATE_EARLY","boss":"BOSS_ANDRIUS","investment":"FIVE_C0","state":"WIN","rounds":7,"inputs":6,"seconds":106.76,"cpu":0.17,"hp":0.7773,"ko":[],"admission":{"BOSS_ANDRIUS":20736}}
{"candidate":"RAW_MODERATE_EARLY","boss":"BOSS_DVALIN","investment":"FIVE_C0","state":"DEFEAT","rounds":8,"inputs":8,"seconds":153.3,"cpu":0.13,"hp":0,"ko":["LIYUE_ZHONGLI","MOND_DILUC","MOND_JEAN","PLAYER_CUSTOM"],"admission":{"BOSS_DVALIN":20736}}
{"candidate":"RAW_MODERATE_EARLY","boss":"BOSS_DVALIN","investment":"FIVE_C0","state":"DEFEAT","rounds":8,"inputs":8,"seconds":168.19,"cpu":0.19,"hp":0,"ko":["LIYUE_ZHONGLI","MOND_DILUC","MOND_JEAN","PLAYER_CUSTOM"],"admission":{"BOSS_DVALIN":20736}}
{"candidate":"RAW_MODERATE_EARLY","boss":"BOSS_TARTAGLIA","investment":"FIVE_C0","state":"WIN","rounds":9,"inputs":8,"seconds":100.03,"cpu":0.18,"hp":0.66889,"ko":[],"admission":{"FARM_TARTAGLIA":20736}}
{"candidate":"RAW_MODERATE_EARLY","boss":"BOSS_TARTAGLIA","investment":"FIVE_C0","state":"WIN","rounds":9,"inputs":8,"seconds":100.03,"cpu":0.18,"hp":0.66889,"ko":[],"admission":{"FARM_TARTAGLIA":20736}}
{"candidate":"RAW_MODERATE_EARLY","boss":"BOSS_AZHDAHA","investment":"FIVE_C0","state":"WIN","rounds":6,"inputs":6,"seconds":71.57,"cpu":0.19,"hp":0.86073,"ko":[],"admission":{"FARM_AZHDAHA":20736}}
{"candidate":"RAW_MODERATE_EARLY","boss":"BOSS_AZHDAHA","investment":"FIVE_C0","state":"WIN","rounds":7,"inputs":6,"seconds":77.38,"cpu":0.21,"hp":0.91484,"ko":[],"admission":{"FARM_AZHDAHA":20736}}
{"candidate":"RAW_STRONG_EARLY","boss":"BOSS_ANDRIUS","investment":"FIVE_C0","state":"DEFEAT","rounds":10,"inputs":4,"seconds":184.79,"cpu":0.25,"hp":0,"ko":["LIYUE_ZHONGLI","MOND_DILUC","MOND_JEAN","PLAYER_CUSTOM"],"admission":{"BOSS_ANDRIUS":20736}}
{"candidate":"RAW_STRONG_EARLY","boss":"BOSS_ANDRIUS","investment":"FIVE_C0","state":"WIN","rounds":7,"inputs":6,"seconds":106.76,"cpu":0.17,"hp":0.72903,"ko":[],"admission":{"BOSS_ANDRIUS":20736}}
{"candidate":"RAW_STRONG_EARLY","boss":"BOSS_DVALIN","investment":"FIVE_C0","state":"DEFEAT","rounds":8,"inputs":8,"seconds":153.3,"cpu":0.12,"hp":0,"ko":["LIYUE_ZHONGLI","MOND_DILUC","MOND_JEAN","PLAYER_CUSTOM"],"admission":{"BOSS_DVALIN":20736}}
{"candidate":"RAW_STRONG_EARLY","boss":"BOSS_DVALIN","investment":"FIVE_C0","state":"DEFEAT","rounds":8,"inputs":8,"seconds":168.19,"cpu":0.2,"hp":0,"ko":["LIYUE_ZHONGLI","MOND_DILUC","MOND_JEAN","PLAYER_CUSTOM"],"admission":{"BOSS_DVALIN":20736}}
{"candidate":"RAW_STRONG_EARLY","boss":"BOSS_TARTAGLIA","investment":"FIVE_C0","state":"WIN","rounds":9,"inputs":8,"seconds":101.27,"cpu":0.21,"hp":0.55204,"ko":["PLAYER_CUSTOM"],"admission":{"FARM_TARTAGLIA":20736}}
{"candidate":"RAW_STRONG_EARLY","boss":"BOSS_TARTAGLIA","investment":"FIVE_C0","state":"WIN","rounds":9,"inputs":9,"seconds":104.14,"cpu":0.19,"hp":0.49221,"ko":[],"admission":{"FARM_TARTAGLIA":20736}}
{"candidate":"RAW_STRONG_EARLY","boss":"BOSS_AZHDAHA","investment":"FIVE_C0","state":"WIN","rounds":6,"inputs":6,"seconds":71.57,"cpu":0.19,"hp":0.7965,"ko":[],"admission":{"FARM_AZHDAHA":20736}}
{"candidate":"RAW_STRONG_EARLY","boss":"BOSS_AZHDAHA","investment":"FIVE_C0","state":"WIN","rounds":7,"inputs":7,"seconds":83.71,"cpu":0.22,"hp":0.85868,"ko":[],"admission":{"FARM_AZHDAHA":20736}}
{"out":"/workspace/scratch/a62414469990/crpg-v01618-work/genshin-crpg/docs/data/balance_v01625/daily/raw_source","fingerprint":"840ef8955b08346d086de5b39ab87d918123ab4ce2dc0c292f080827fc4bafdc","conditions":40,"wins":30,"defeats":10,"limits":0,"entryBlocked":0,"errors":[],"inputs":123,"drift":[]}
