{"candidate":"GRID_Q18_E30_J65","boss":"BOSS_ANDRIUS","investment":"FIVE_C0","state":"WIN","rounds":7,"inputs":6,"seconds":118.84,"cpu":0.28,"hp":0.33735,"ko":["MOND_DILUC","PLAYER_CUSTOM"],"admission":{"BOSS_ANDRIUS":20736}}
{"candidate":"GRID_Q18_E30_J65","boss":"BOSS_ANDRIUS","investment":"FIVE_C0","state":"DEFEAT","rounds":10,"inputs":7,"seconds":200.58,"cpu":0.27,"hp":0,"ko":["LIYUE_ZHONGLI","MOND_DILUC","MOND_JEAN","PLAYER_CUSTOM"],"admission":{"BOSS_ANDRIUS":20736}}
{"candidate":"GRID_Q18_E30_J65","boss":"BOSS_DVALIN","investment":"FIVE_C0","state":"DEFEAT","rounds":8,"inputs":8,"seconds":153.3,"cpu":0.13,"hp":0,"ko":["LIYUE_ZHONGLI","MOND_DILUC","MOND_JEAN","PLAYER_CUSTOM"],"admission":{"BOSS_DVALIN":20736}}
{"candidate":"GRID_Q18_E30_J65_ATTACK_ROLE","boss":"BOSS_DVALIN","investment":"FIVE_C0","state":"DEFEAT","rounds":8,"inputs":8,"seconds":153.3,"cpu":0.13,"hp":0,"ko":["LIYUE_ZHONGLI","MOND_DILUC","MOND_JEAN","PLAYER_CUSTOM"],"admission":{"BOSS_DVALIN":20736}}
{"candidate":"GRID_Q18_E30_J65","boss":"BOSS_DVALIN","investment":"FIVE_C0","state":"WIN","rounds":8,"inputs":8,"seconds":108.19,"cpu":0.18,"hp":0.50403,"ko":[],"admission":{"BOSS_DVALIN":20736}}
{"candidate":"GRID_Q18_E30_J65_ATTACK_ROLE","boss":"BOSS_DVALIN","investment":"FIVE_C0","state":"WIN","rounds":8,"inputs":8,"seconds":103.75,"cpu":0.22,"hp":0.4999,"ko":[],"admission":{"BOSS_DVALIN":20736}}
{"candidate":"GRID_Q18_E30_J65","boss":"BOSS_TARTAGLIA","investment":"FIVE_C0","state":"WIN","rounds":8,"inputs":8,"seconds":93.37,"cpu":0.22,"hp":0.72134,"ko":[],"admission":{"FARM_TARTAGLIA":20736}}
{"candidate":"GRID_Q18_E30_J65","boss":"BOSS_TARTAGLIA","investment":"FIVE_C0","state":"WIN","rounds":8,"inputs":8,"seconds":93.37,"cpu":0.24,"hp":0.72134,"ko":[],"admission":{"FARM_TARTAGLIA":20736}}
{"candidate":"GRID_Q18_E30_J65","boss":"BOSS_AZHDAHA","investment":"FIVE_C0","state":"WIN","rounds":6,"inputs":5,"seconds":66.61,"cpu":0.19,"hp":0.74604,"ko":[],"admission":{"FARM_AZHDAHA":20736}}
{"candidate":"GRID_Q18_E30_J65","boss":"BOSS_AZHDAHA","investment":"FIVE_C0","state":"WIN","rounds":7,"inputs":6,"seconds":77.38,"cpu":0.21,"hp":0.83843,"ko":[],"admission":{"FARM_AZHDAHA":20736}}
{"candidate":"GRID_Q18_E25_J65","boss":"BOSS_ANDRIUS","investment":"FIVE_C0","state":"DEFEAT","rounds":9,"inputs":5,"seconds":181.26,"cpu":0.28,"hp":0,"ko":["LIYUE_ZHONGLI","MOND_DILUC","MOND_JEAN","PLAYER_CUSTOM"],"admission":{"BOSS_ANDRIUS":20736}}
{"candidate":"GRID_Q18_E25_J65","boss":"BOSS_ANDRIUS","investment":"FIVE_C0","state":"DEFEAT","rounds":10,"inputs":7,"seconds":199.47,"cpu":0.28,"hp":0,"ko":["LIYUE_ZHONGLI","MOND_DILUC","MOND_JEAN","PLAYER_CUSTOM"],"admission":{"BOSS_ANDRIUS":20736}}
{"candidate":"GRID_Q18_E25_J65","boss":"BOSS_DVALIN","investment":"FIVE_C0","state":"DEFEAT","rounds":8,"inputs":8,"seconds":153.3,"cpu":0.13,"hp":0,"ko":["LIYUE_ZHONGLI","MOND_DILUC","MOND_JEAN","PLAYER_CUSTOM"],"admission":{"BOSS_DVALIN":20736}}
{"candidate":"GRID_Q18_E25_J65_ATTACK_ROLE","boss":"BOSS_DVALIN","investment":"FIVE_C0","state":"DEFEAT","rounds":8,"inputs":8,"seconds":153.3,"cpu":0.13,"hp":0,"ko":["LIYUE_ZHONGLI","MOND_DILUC","MOND_JEAN","PLAYER_CUSTOM"],"admission":{"BOSS_DVALIN":20736}}
{"candidate":"GRID_Q18_E25_J65","boss":"BOSS_DVALIN","investment":"FIVE_C0","state":"WIN","rounds":8,"inputs":8,"seconds":108.19,"cpu":0.2,"hp":0.4972,"ko":[],"admission":{"BOSS_DVALIN":20736}}
{"candidate":"GRID_Q18_E25_J65_ATTACK_ROLE","boss":"BOSS_DVALIN","investment":"FIVE_C0","state":"WIN","rounds":8,"inputs":8,"seconds":103.75,"cpu":0.22,"hp":0.47976,"ko":[],"admission":{"BOSS_DVALIN":20736}}
{"candidate":"GRID_Q18_E25_J65","boss":"BOSS_TARTAGLIA","investment":"FIVE_C0","state":"WIN","rounds":8,"inputs":8,"seconds":93.37,"cpu":0.18,"hp":0.69914,"ko":[],"admission":{"FARM_TARTAGLIA":20736}}
{"candidate":"GRID_Q18_E25_J65","boss":"BOSS_TARTAGLIA","investment":"FIVE_C0","state":"WIN","rounds":8,"inputs":8,"seconds":93.37,"cpu":0.18,"hp":0.69914,"ko":[],"admission":{"FARM_TARTAGLIA":20736}}
{"candidate":"GRID_Q18_E25_J65","boss":"BOSS_AZHDAHA","investment":"FIVE_C0","state":"WIN","rounds":6,"inputs":5,"seconds":67.59,"cpu":0.17,"hp":0.69076,"ko":["PLAYER_CUSTOM"],"admission":{"FARM_AZHDAHA":20736}}
{"candidate":"GRID_Q18_E25_J65","boss":"BOSS_AZHDAHA","investment":"FIVE_C0","state":"WIN","rounds":6,"inputs":6,"seconds":77.38,"cpu":0.2,"hp":0.82373,"ko":[],"admission":{"FARM_AZHDAHA":20736}}
{"candidate":"GRID_Q18_E20_J50","boss":"BOSS_ANDRIUS","investment":"FIVE_C0","state":"DEFEAT","rounds":9,"inputs":4,"seconds":173.82,"cpu":0.25,"hp":0,"ko":["LIYUE_ZHONGLI","MOND_DILUC","MOND_JEAN","PLAYER_CUSTOM"],"admission":{"BOSS_ANDRIUS":20736}}
{"candidate":"GRID_Q18_E20_J50","boss":"BOSS_ANDRIUS","investment":"FIVE_C0","state":"DEFEAT","rounds":9,"inputs":5,"seconds":177.8,"cpu":0.23,"hp":0,"ko":["LIYUE_ZHONGLI","MOND_DILUC","MOND_JEAN","PLAYER_CUSTOM"],"admission":{"BOSS_ANDRIUS":20736}}
{"candidate":"GRID_Q18_E20_J50","boss":"BOSS_DVALIN","investment":"FIVE_C0","state":"DEFEAT","rounds":8,"inputs":8,"seconds":153.3,"cpu":0.13,"hp":0,"ko":["LIYUE_ZHONGLI","MOND_DILUC","MOND_JEAN","PLAYER_CUSTOM"],"admission":{"BOSS_DVALIN":20736}}
{"candidate":"GRID_Q18_E20_J50_ATTACK_ROLE","boss":"BOSS_DVALIN","investment":"FIVE_C0","state":"DEFEAT","rounds":8,"inputs":8,"seconds":153.3,"cpu":0.16,"hp":0,"ko":["LIYUE_ZHONGLI","MOND_DILUC","MOND_JEAN","PLAYER_CUSTOM"],"admission":{"BOSS_DVALIN":20736}}
{"candidate":"GRID_Q18_E20_J50","boss":"BOSS_DVALIN","investment":"FIVE_C0","state":"WIN","rounds":8,"inputs":8,"seconds":108.19,"cpu":0.25,"hp":0.43205,"ko":[],"admission":{"BOSS_DVALIN":20736}}
{"candidate":"GRID_Q18_E20_J50_ATTACK_ROLE","boss":"BOSS_DVALIN","investment":"FIVE_C0","state":"WIN","rounds":8,"inputs":8,"seconds":103.75,"cpu":0.28,"hp":0.41494,"ko":[],"admission":{"BOSS_DVALIN":20736}}
{"candidate":"GRID_Q18_E20_J50","boss":"BOSS_TARTAGLIA","investment":"FIVE_C0","state":"WIN","rounds":9,"inputs":8,"seconds":100.16,"cpu":0.21,"hp":0.50911,"ko":["PLAYER_CUSTOM"],"admission":{"FARM_TARTAGLIA":20736}}
{"candidate":"GRID_Q18_E20_J50","boss":"BOSS_TARTAGLIA","investment":"FIVE_C0","state":"WIN","rounds":8,"inputs":8,"seconds":97.94,"cpu":0.27,"hp":0.67384,"ko":[],"admission":{"FARM_TARTAGLIA":20736}}
{"candidate":"GRID_Q18_E20_J50","boss":"BOSS_AZHDAHA","investment":"FIVE_C0","state":"WIN","rounds":6,"inputs":5,"seconds":67.59,"cpu":0.19,"hp":0.63365,"ko":["PLAYER_CUSTOM"],"admission":{"FARM_AZHDAHA":20736}}
{"candidate":"GRID_Q18_E20_J50","boss":"BOSS_AZHDAHA","investment":"FIVE_C0","state":"WIN","rounds":6,"inputs":6,"seconds":77.38,"cpu":0.24,"hp":0.74161,"ko":[],"admission":{"FARM_AZHDAHA":20736}}
{"candidate":"GRID_Q15_E25_J50","boss":"BOSS_ANDRIUS","investment":"FIVE_C0","state":"DEFEAT","rounds":9,"inputs":4,"seconds":175.91,"cpu":0.25,"hp":0,"ko":["LIYUE_ZHONGLI","MOND_DILUC","MOND_JEAN","PLAYER_CUSTOM"],"admission":{"BOSS_ANDRIUS":20736}}
{"candidate":"GRID_Q15_E25_J50","boss":"BOSS_ANDRIUS","investment":"FIVE_C0","state":"WIN","rounds":7,"inputs":6,"seconds":106.76,"cpu":0.22,"hp":0.66873,"ko":[],"admission":{"BOSS_ANDRIUS":20736}}
{"candidate":"GRID_Q15_E25_J50","boss":"BOSS_DVALIN","investment":"FIVE_C0","state":"DEFEAT","rounds":8,"inputs":8,"seconds":153.3,"cpu":0.18,"hp":0,"ko":["LIYUE_ZHONGLI","MOND_DILUC","MOND_JEAN","PLAYER_CUSTOM"],"admission":{"BOSS_DVALIN":20736}}
{"candidate":"GRID_Q15_E25_J50_ATTACK_ROLE","boss":"BOSS_DVALIN","investment":"FIVE_C0","state":"DEFEAT","rounds":8,"inputs":8,"seconds":153.3,"cpu":0.15,"hp":0,"ko":["LIYUE_ZHONGLI","MOND_DILUC","MOND_JEAN","PLAYER_CUSTOM"],"admission":{"BOSS_DVALIN":20736}}
{"candidate":"GRID_Q15_E25_J50","boss":"BOSS_DVALIN","investment":"FIVE_C0","state":"DEFEAT","rounds":8,"inputs":8,"seconds":168.19,"cpu":0.25,"hp":0,"ko":["LIYUE_ZHONGLI","MOND_DILUC","MOND_JEAN","PLAYER_CUSTOM"],"admission":{"BOSS_DVALIN":20736}}
{"candidate":"GRID_Q15_E25_J50_ATTACK_ROLE","boss":"BOSS_DVALIN","investment":"FIVE_C0","state":"WIN","rounds":8,"inputs":8,"seconds":104.86,"cpu":0.23,"hp":0.43618,"ko":[],"admission":{"BOSS_DVALIN":20736}}
{"candidate":"GRID_Q15_E25_J50","boss":"BOSS_TARTAGLIA","investment":"FIVE_C0","state":"WIN","rounds":9,"inputs":8,"seconds":100.16,"cpu":0.23,"hp":0.52513,"ko":["PLAYER_CUSTOM"],"admission":{"FARM_TARTAGLIA":20736}}
{"candidate":"GRID_Q15_E25_J50","boss":"BOSS_TARTAGLIA","investment":"FIVE_C0","state":"WIN","rounds":9,"inputs":9,"seconds":103.03,"cpu":0.26,"hp":0.54946,"ko":["MOND_DILUC"],"admission":{"FARM_TARTAGLIA":20736}}
{"candidate":"GRID_Q15_E25_J50","boss":"BOSS_AZHDAHA","investment":"FIVE_C0","state":"WIN","rounds":6,"inputs":5,"seconds":70.92,"cpu":0.23,"hp":0.68059,"ko":["PLAYER_CUSTOM"],"admission":{"FARM_AZHDAHA":20736}}
{"candidate":"GRID_Q15_E25_J50","boss":"BOSS_AZHDAHA","investment":"FIVE_C0","state":"WIN","rounds":7,"inputs":7,"seconds":82.6,"cpu":0.22,"hp":0.77954,"ko":[],"admission":{"FARM_AZHDAHA":20736}}
{"out":"/workspace/scratch/a62414469990/crpg-v01618-work/genshin-crpg/docs/data/balance_v01625/daily/stronger_grid","fingerprint":"840ef8955b08346d086de5b39ab87d918123ab4ce2dc0c292f080827fc4bafdc","conditions":40,"wins":25,"defeats":15,"limits":0,"entryBlocked":0,"errors":[],"inputs":123,"drift":[]}
