{"candidate":"EXACT_N3E30","boss":"BOSS_ANDRIUS","investment":"FIVE_C0","state":"WIN","rounds":7,"inputs":6,"seconds":118.84,"cpu":0.25,"hp":0.33937,"ko":["MOND_DILUC","PLAYER_CUSTOM"],"admission":{"BOSS_ANDRIUS":20736}}
{"candidate":"EXACT_N3E30","boss":"BOSS_ANDRIUS","investment":"FIVE_C0","state":"WIN","rounds":6,"inputs":4,"seconds":96.32,"cpu":0.19,"hp":0.35979,"ko":["MOND_DILUC","PLAYER_CUSTOM"],"admission":{"BOSS_ANDRIUS":20736}}
{"candidate":"EXACT_N3E30","boss":"BOSS_ANDRIUS","investment":"FIVE_C0","state":"WIN","rounds":8,"inputs":4,"seconds":118.39,"cpu":0.22,"hp":0.27816,"ko":["MOND_DILUC","PLAYER_CUSTOM"],"admission":{"BOSS_ANDRIUS":20736}}
{"candidate":"EXACT_N3E30","boss":"BOSS_ANDRIUS","investment":"FIVE_C0","state":"WIN","rounds":7,"inputs":6,"seconds":118.84,"cpu":0.23,"hp":0.33937,"ko":["MOND_DILUC","PLAYER_CUSTOM"],"admission":{"BOSS_ANDRIUS":20736}}
{"candidate":"EXACT_N3E30","boss":"BOSS_ANDRIUS","investment":"FIVE_C0","state":"WIN","rounds":6,"inputs":4,"seconds":96.32,"cpu":0.21,"hp":0.35979,"ko":["MOND_DILUC","PLAYER_CUSTOM"],"admission":{"BOSS_ANDRIUS":20736}}
{"candidate":"EXACT_N3E30","boss":"BOSS_ANDRIUS","investment":"FIVE_C0","state":"WIN","rounds":8,"inputs":4,"seconds":118.39,"cpu":0.2,"hp":0.27816,"ko":["MOND_DILUC","PLAYER_CUSTOM"],"admission":{"BOSS_ANDRIUS":20736}}
{"candidate":"EXACT_N3E30","boss":"BOSS_DVALIN","investment":"FIVE_C0","state":"DEFEAT","rounds":8,"inputs":8,"seconds":153.3,"cpu":0.12,"hp":0,"ko":["LIYUE_ZHONGLI","MOND_DILUC","MOND_JEAN","PLAYER_CUSTOM"],"admission":{"BOSS_DVALIN":20736}}
{"candidate":"EXACT_N3E30","boss":"BOSS_DVALIN","investment":"FIVE_C0","state":"DEFEAT","rounds":8,"inputs":8,"seconds":153.3,"cpu":0.17,"hp":0,"ko":["LIYUE_ZHONGLI","MOND_DILUC","MOND_JEAN","PLAYER_CUSTOM"],"admission":{"BOSS_DVALIN":20736}}
{"candidate":"EXACT_N3E30","boss":"BOSS_DVALIN","investment":"FIVE_C0","state":"DEFEAT","rounds":8,"inputs":8,"seconds":153.3,"cpu":0.17,"hp":0,"ko":["LIYUE_ZHONGLI","MOND_DILUC","MOND_JEAN","PLAYER_CUSTOM"],"admission":{"BOSS_DVALIN":20736}}
{"candidate":"EXACT_N3E30","boss":"BOSS_DVALIN","investment":"FIVE_C0","state":"WIN","rounds":8,"inputs":8,"seconds":108.19,"cpu":0.22,"hp":0.50907,"ko":[],"admission":{"BOSS_DVALIN":20736}}
{"candidate":"EXACT_N3E30","boss":"BOSS_DVALIN","investment":"FIVE_C0","state":"WIN","rounds":8,"inputs":8,"seconds":103.75,"cpu":0.27,"hp":0.54122,"ko":[],"admission":{"BOSS_DVALIN":20736}}
{"candidate":"EXACT_N3E30","boss":"BOSS_DVALIN","investment":"FIVE_C0","state":"WIN","rounds":8,"inputs":7,"seconds":98.66,"cpu":0.27,"hp":0.47331,"ko":[],"admission":{"BOSS_DVALIN":20736}}
{"candidate":"EXACT_N3E30","boss":"BOSS_TARTAGLIA","investment":"FIVE_C0","state":"WIN","rounds":8,"inputs":8,"seconds":93.37,"cpu":0.26,"hp":0.72294,"ko":[],"admission":{"FARM_TARTAGLIA":20736}}
{"candidate":"EXACT_N3E30","boss":"BOSS_TARTAGLIA","investment":"FIVE_C0","state":"WIN","rounds":9,"inputs":8,"seconds":101.14,"cpu":0.2,"hp":0.58411,"ko":["PLAYER_CUSTOM"],"admission":{"FARM_TARTAGLIA":20736}}
{"candidate":"EXACT_N3E30","boss":"BOSS_TARTAGLIA","investment":"FIVE_C0","state":"WIN","rounds":8,"inputs":8,"seconds":88.93,"cpu":0.27,"hp":0.77623,"ko":[],"admission":{"FARM_TARTAGLIA":20736}}
{"candidate":"EXACT_N3E30","boss":"BOSS_TARTAGLIA","investment":"FIVE_C0","state":"WIN","rounds":8,"inputs":8,"seconds":93.37,"cpu":0.29,"hp":0.72294,"ko":[],"admission":{"FARM_TARTAGLIA":20736}}
{"candidate":"EXACT_N3E30","boss":"BOSS_TARTAGLIA","investment":"FIVE_C0","state":"WIN","rounds":9,"inputs":8,"seconds":103.49,"cpu":0.22,"hp":0.63437,"ko":["PLAYER_CUSTOM"],"admission":{"FARM_TARTAGLIA":20736}}
{"candidate":"EXACT_N3E30","boss":"BOSS_TARTAGLIA","investment":"FIVE_C0","state":"WIN","rounds":8,"inputs":8,"seconds":88.93,"cpu":0.18,"hp":0.77623,"ko":[],"admission":{"FARM_TARTAGLIA":20736}}
{"candidate":"EXACT_N3E30","boss":"BOSS_AZHDAHA","investment":"FIVE_C0","state":"WIN","rounds":6,"inputs":5,"seconds":66.61,"cpu":0.19,"hp":0.74915,"ko":[],"admission":{"FARM_AZHDAHA":20736}}
{"candidate":"EXACT_N3E30","boss":"BOSS_AZHDAHA","investment":"FIVE_C0","state":"WIN","rounds":5,"inputs":5,"seconds":70.07,"cpu":0.16,"hp":0.81862,"ko":[],"admission":{"FARM_AZHDAHA":20736}}
{"candidate":"EXACT_N3E30","boss":"BOSS_AZHDAHA","investment":"FIVE_C0","state":"WIN","rounds":6,"inputs":6,"seconds":69.48,"cpu":0.23,"hp":0.88376,"ko":[],"admission":{"FARM_AZHDAHA":20736}}
{"candidate":"EXACT_N3E30","boss":"BOSS_AZHDAHA","investment":"FIVE_C0","state":"WIN","rounds":6,"inputs":5,"seconds":66.61,"cpu":0.15,"hp":0.74915,"ko":[],"admission":{"FARM_AZHDAHA":20736}}
{"candidate":"EXACT_N3E30","boss":"BOSS_AZHDAHA","investment":"FIVE_C0","state":"WIN","rounds":6,"inputs":5,"seconds":77.84,"cpu":0.16,"hp":0.84384,"ko":[],"admission":{"FARM_AZHDAHA":20736}}
{"candidate":"EXACT_N3E30","boss":"BOSS_AZHDAHA","investment":"FIVE_C0","state":"WIN","rounds":6,"inputs":6,"seconds":76.14,"cpu":0.18,"hp":0.83519,"ko":[],"admission":{"FARM_AZHDAHA":20736}}
{"out":"/workspace/scratch/a62414469990/crpg-v01618-work/genshin-crpg/docs/data/balance_v01625/daily/exact_N3E30","fingerprint":"eaa307a432b201a6667b29b5f71da653a0d3125f4bc9b58c01c253b595fcdc0a","conditions":24,"wins":21,"defeats":3,"limits":0,"entryBlocked":0,"errors":[],"inputs":123,"drift":[]}
