{"candidate":"BASELINE","boss":"BOSS_ANDRIUS","investment":"FIVE_C0","state":"WIN","rounds":6,"inputs":6,"seconds":95.66,"cpu":0.24,"hp":0.71549,"ko":[],"admission":{"BOSS_ANDRIUS":20736}}
{"candidate":"BASELINE","boss":"BOSS_ANDRIUS","investment":"FIVE_C0","state":"WIN","rounds":7,"inputs":6,"seconds":106.76,"cpu":0.2,"hp":0.9058,"ko":[],"admission":{"BOSS_ANDRIUS":20736}}
{"candidate":"BASELINE","boss":"BOSS_DVALIN","investment":"FIVE_C0","state":"DEFEAT","rounds":8,"inputs":8,"seconds":153.3,"cpu":0.14,"hp":0,"ko":["LIYUE_ZHONGLI","MOND_DILUC","MOND_JEAN","PLAYER_CUSTOM"],"admission":{"BOSS_DVALIN":20736}}
{"candidate":"BASELINE","boss":"BOSS_DVALIN","investment":"FIVE_C0","state":"WIN","rounds":8,"inputs":8,"seconds":105.97,"cpu":0.22,"hp":0.68797,"ko":[],"admission":{"BOSS_DVALIN":20736}}
{"candidate":"BASELINE","boss":"BOSS_TARTAGLIA","investment":"FIVE_C0","state":"WIN","rounds":8,"inputs":7,"seconds":87.04,"cpu":0.21,"hp":0.88811,"ko":[],"admission":{"FARM_TARTAGLIA":20736}}
{"candidate":"BASELINE","boss":"BOSS_TARTAGLIA","investment":"FIVE_C0","state":"WIN","rounds":8,"inputs":7,"seconds":87.04,"cpu":0.19,"hp":0.88811,"ko":[],"admission":{"FARM_TARTAGLIA":20736}}
{"candidate":"BASELINE","boss":"BOSS_AZHDAHA","investment":"FIVE_C0","state":"WIN","rounds":5,"inputs":5,"seconds":57.99,"cpu":0.16,"hp":0.98267,"ko":[],"admission":{"FARM_AZHDAHA":20736}}
{"candidate":"BASELINE","boss":"BOSS_AZHDAHA","investment":"FIVE_C0","state":"WIN","rounds":5,"inputs":5,"seconds":57.99,"cpu":0.16,"hp":0.98267,"ko":[],"admission":{"FARM_AZHDAHA":20736}}
{"candidate":"MILD","boss":"BOSS_ANDRIUS","investment":"FIVE_C0","state":"WIN","rounds":6,"inputs":6,"seconds":105.65,"cpu":0.17,"hp":0.65559,"ko":[],"admission":{"BOSS_ANDRIUS":20736}}
{"candidate":"MILD","boss":"BOSS_ANDRIUS","investment":"FIVE_C0","state":"WIN","rounds":7,"inputs":6,"seconds":106.76,"cpu":0.18,"hp":0.81547,"ko":[],"admission":{"BOSS_ANDRIUS":20736}}
{"candidate":"MILD","boss":"BOSS_DVALIN","investment":"FIVE_C0","state":"DEFEAT","rounds":8,"inputs":8,"seconds":153.3,"cpu":0.14,"hp":0,"ko":["LIYUE_ZHONGLI","MOND_DILUC","MOND_JEAN","PLAYER_CUSTOM"],"admission":{"BOSS_DVALIN":20736}}
{"candidate":"MILD","boss":"BOSS_DVALIN","investment":"FIVE_C0","state":"DEFEAT","rounds":8,"inputs":8,"seconds":168.19,"cpu":0.18,"hp":0,"ko":["LIYUE_ZHONGLI","MOND_DILUC","MOND_JEAN","PLAYER_CUSTOM"],"admission":{"BOSS_DVALIN":20736}}
{"candidate":"MILD","boss":"BOSS_TARTAGLIA","investment":"FIVE_C0","state":"WIN","rounds":9,"inputs":8,"seconds":98.92,"cpu":0.19,"hp":0.65369,"ko":[],"admission":{"FARM_TARTAGLIA":20736}}
{"candidate":"MILD","boss":"BOSS_TARTAGLIA","investment":"FIVE_C0","state":"WIN","rounds":9,"inputs":8,"seconds":98.92,"cpu":0.18,"hp":0.65369,"ko":[],"admission":{"FARM_TARTAGLIA":20736}}
{"candidate":"MILD","boss":"BOSS_AZHDAHA","investment":"FIVE_C0","state":"WIN","rounds":6,"inputs":6,"seconds":70.72,"cpu":0.17,"hp":0.85094,"ko":[],"admission":{"FARM_AZHDAHA":20736}}
{"candidate":"MILD","boss":"BOSS_AZHDAHA","investment":"FIVE_C0","state":"WIN","rounds":7,"inputs":6,"seconds":78.62,"cpu":0.21,"hp":0.94786,"ko":[],"admission":{"FARM_AZHDAHA":20736}}
{"candidate":"MODERATE","boss":"BOSS_ANDRIUS","investment":"FIVE_C0","state":"WIN","rounds":7,"inputs":4,"seconds":96.32,"cpu":0.15,"hp":0.51077,"ko":["PLAYER_CUSTOM"],"admission":{"BOSS_ANDRIUS":20736}}
{"candidate":"MODERATE","boss":"BOSS_ANDRIUS","investment":"FIVE_C0","state":"WIN","rounds":7,"inputs":6,"seconds":106.76,"cpu":0.16,"hp":0.74865,"ko":[],"admission":{"BOSS_ANDRIUS":20736}}
{"candidate":"MODERATE","boss":"BOSS_DVALIN","investment":"FIVE_C0","state":"DEFEAT","rounds":8,"inputs":8,"seconds":153.3,"cpu":0.11,"hp":0,"ko":["LIYUE_ZHONGLI","MOND_DILUC","MOND_JEAN","PLAYER_CUSTOM"],"admission":{"BOSS_DVALIN":20736}}
{"candidate":"MODERATE","boss":"BOSS_DVALIN","investment":"FIVE_C0","state":"DEFEAT","rounds":8,"inputs":8,"seconds":168.19,"cpu":0.22,"hp":0,"ko":["LIYUE_ZHONGLI","MOND_DILUC","MOND_JEAN","PLAYER_CUSTOM"],"admission":{"BOSS_DVALIN":20736}}
{"candidate":"MODERATE","boss":"BOSS_TARTAGLIA","investment":"FIVE_C0","state":"WIN","rounds":10,"inputs":8,"seconds":108.91,"cpu":0.2,"hp":0.53685,"ko":["PLAYER_CUSTOM"],"admission":{"FARM_TARTAGLIA":20736}}
{"candidate":"MODERATE","boss":"BOSS_TARTAGLIA","investment":"FIVE_C0","state":"WIN","rounds":9,"inputs":9,"seconds":104.14,"cpu":0.18,"hp":0.50867,"ko":[],"admission":{"FARM_TARTAGLIA":20736}}
{"candidate":"MODERATE","boss":"BOSS_AZHDAHA","investment":"FIVE_C0","state":"WIN","rounds":8,"inputs":5,"seconds":79.67,"cpu":0.17,"hp":0.7767,"ko":["PLAYER_CUSTOM"],"admission":{"FARM_AZHDAHA":20736}}
{"candidate":"MODERATE","boss":"BOSS_AZHDAHA","investment":"FIVE_C0","state":"WIN","rounds":8,"inputs":7,"seconds":88.15,"cpu":0.22,"hp":0.88022,"ko":[],"admission":{"FARM_AZHDAHA":20736}}
{"candidate":"STRONG","boss":"BOSS_ANDRIUS","investment":"FIVE_C0","state":"WIN","rounds":8,"inputs":4,"seconds":116.17,"cpu":0.18,"hp":0.16377,"ko":["MOND_DILUC","MOND_JEAN","PLAYER_CUSTOM"],"admission":{"BOSS_ANDRIUS":20736}}
{"candidate":"STRONG","boss":"BOSS_ANDRIUS","investment":"FIVE_C0","state":"WIN","rounds":8,"inputs":7,"seconds":128.5,"cpu":0.19,"hp":0.2321,"ko":["MOND_DILUC","MOND_JEAN","PLAYER_CUSTOM"],"admission":{"BOSS_ANDRIUS":20736}}
{"candidate":"STRONG","boss":"BOSS_DVALIN","investment":"FIVE_C0","state":"DEFEAT","rounds":8,"inputs":8,"seconds":153.3,"cpu":0.1,"hp":0,"ko":["LIYUE_ZHONGLI","MOND_DILUC","MOND_JEAN","PLAYER_CUSTOM"],"admission":{"BOSS_DVALIN":20736}}
{"candidate":"STRONG","boss":"BOSS_DVALIN","investment":"FIVE_C0","state":"DEFEAT","rounds":8,"inputs":8,"seconds":168.19,"cpu":0.18,"hp":0,"ko":["LIYUE_ZHONGLI","MOND_DILUC","MOND_JEAN","PLAYER_CUSTOM"],"admission":{"BOSS_DVALIN":20736}}
{"candidate":"STRONG","boss":"BOSS_TARTAGLIA","investment":"FIVE_C0","state":"WIN","rounds":10,"inputs":8,"seconds":108.91,"cpu":0.19,"hp":0.50093,"ko":["PLAYER_CUSTOM"],"admission":{"FARM_TARTAGLIA":20736}}
{"candidate":"STRONG","boss":"BOSS_TARTAGLIA","investment":"FIVE_C0","state":"WIN","rounds":10,"inputs":10,"seconds":113.67,"cpu":0.19,"hp":0.53906,"ko":["MOND_DILUC"],"admission":{"FARM_TARTAGLIA":20736}}
{"candidate":"STRONG","boss":"BOSS_AZHDAHA","investment":"FIVE_C0","state":"WIN","rounds":8,"inputs":5,"seconds":79.67,"cpu":0.22,"hp":0.7203,"ko":["PLAYER_CUSTOM"],"admission":{"FARM_AZHDAHA":20736}}
{"candidate":"STRONG","boss":"BOSS_AZHDAHA","investment":"FIVE_C0","state":"WIN","rounds":9,"inputs":9,"seconds":104.99,"cpu":0.25,"hp":0.67701,"ko":[],"admission":{"FARM_AZHDAHA":20736}}
{"candidate":"EXTREME","boss":"BOSS_ANDRIUS","investment":"FIVE_C0","state":"DEFEAT","rounds":10,"inputs":4,"seconds":187.14,"cpu":0.19,"hp":0,"ko":["LIYUE_ZHONGLI","MOND_DILUC","MOND_JEAN","PLAYER_CUSTOM"],"admission":{"BOSS_ANDRIUS":20736}}
{"candidate":"EXTREME","boss":"BOSS_ANDRIUS","investment":"FIVE_C0","state":"DEFEAT","rounds":10,"inputs":7,"seconds":201.69,"cpu":0.19,"hp":0,"ko":["LIYUE_ZHONGLI","MOND_DILUC","MOND_JEAN","PLAYER_CUSTOM"],"admission":{"BOSS_ANDRIUS":20736}}
{"candidate":"EXTREME","boss":"BOSS_DVALIN","investment":"FIVE_C0","state":"DEFEAT","rounds":8,"inputs":8,"seconds":153.3,"cpu":0.1,"hp":0,"ko":["LIYUE_ZHONGLI","MOND_DILUC","MOND_JEAN","PLAYER_CUSTOM"],"admission":{"BOSS_DVALIN":20736}}
{"candidate":"EXTREME","boss":"BOSS_DVALIN","investment":"FIVE_C0","state":"DEFEAT","rounds":8,"inputs":8,"seconds":168.19,"cpu":0.17,"hp":0,"ko":["LIYUE_ZHONGLI","MOND_DILUC","MOND_JEAN","PLAYER_CUSTOM"],"admission":{"BOSS_DVALIN":20736}}
{"candidate":"EXTREME","boss":"BOSS_TARTAGLIA","investment":"FIVE_C0","state":"WIN","rounds":10,"inputs":8,"seconds":108.91,"cpu":0.18,"hp":0.46673,"ko":["PLAYER_CUSTOM"],"admission":{"FARM_TARTAGLIA":20736}}
{"candidate":"EXTREME","boss":"BOSS_TARTAGLIA","investment":"FIVE_C0","state":"WIN","rounds":11,"inputs":10,"seconds":118.11,"cpu":0.19,"hp":0.51851,"ko":["MOND_DILUC"],"admission":{"FARM_TARTAGLIA":20736}}
{"candidate":"EXTREME","boss":"BOSS_AZHDAHA","investment":"FIVE_C0","state":"WIN","rounds":8,"inputs":5,"seconds":81.89,"cpu":0.19,"hp":0.63486,"ko":["PLAYER_CUSTOM"],"admission":{"FARM_AZHDAHA":20736}}
{"candidate":"EXTREME","boss":"BOSS_AZHDAHA","investment":"FIVE_C0","state":"WIN","rounds":9,"inputs":9,"seconds":106.1,"cpu":0.24,"hp":0.54973,"ko":[],"admission":{"FARM_AZHDAHA":20736}}
{"out":"/workspace/scratch/a62414469990/crpg-v01618-work/genshin-crpg/docs/data/balance_v01625/daily/exploratory","fingerprint":"840ef8955b08346d086de5b39ab87d918123ab4ce2dc0c292f080827fc4bafdc","conditions":40,"wins":29,"defeats":11,"limits":0,"entryBlocked":0,"errors":[],"inputs":123,"drift":[]}
