{"candidate":"GRID_Q18_E30_J65_PUBLIC_GUARD","boss":"BOSS_ANDRIUS","investment":"FIVE_C0","state":"WIN","rounds":7,"inputs":6,"seconds":118.84,"cpu":0.29,"hp":0.33735,"ko":["MOND_DILUC","PLAYER_CUSTOM"],"admission":{"BOSS_ANDRIUS":20736}}
{"candidate":"GRID_Q18_E30_J65_ALT_FIVE_TWO_DPS_HEAL","boss":"BOSS_ANDRIUS","investment":"FIVE_C0","state":"WIN","rounds":5,"inputs":4,"seconds":72.62,"cpu":0.15,"hp":0.11542,"ko":["MOND_JEAN","PLAYER_CUSTOM"],"admission":{"BOSS_ANDRIUS":20736}}
{"candidate":"GRID_Q18_E30_J65_ALT_FIVE_PURE_HEAL","boss":"BOSS_ANDRIUS","investment":"FIVE_C0","state":"WIN","rounds":6,"inputs":4,"seconds":103.5,"cpu":0.14,"hp":0.11339,"ko":["MOND_DILUC","PLAYER_CUSTOM"],"admission":{"BOSS_ANDRIUS":20736}}
{"candidate":"GRID_Q18_E30_J65_PUBLIC_GUARD","boss":"BOSS_ANDRIUS","investment":"FIVE_C0","state":"WIN","rounds":6,"inputs":4,"seconds":96.32,"cpu":0.16,"hp":0.35778,"ko":["MOND_DILUC","PLAYER_CUSTOM"],"admission":{"BOSS_ANDRIUS":20736}}
{"candidate":"GRID_Q18_E30_J65_PUBLIC_GUARD","boss":"BOSS_ANDRIUS","investment":"FIVE_C0","state":"WIN","rounds":8,"inputs":4,"seconds":117.28,"cpu":0.19,"hp":0.31572,"ko":["MOND_DILUC","PLAYER_CUSTOM"],"admission":{"BOSS_ANDRIUS":20736}}
{"candidate":"GRID_Q18_E30_J65_PUBLIC_GUARD","boss":"BOSS_ANDRIUS","investment":"FIVE_C0","state":"WIN","rounds":7,"inputs":6,"seconds":118.84,"cpu":0.18,"hp":0.33735,"ko":["MOND_DILUC","PLAYER_CUSTOM"],"admission":{"BOSS_ANDRIUS":20736}}
{"candidate":"GRID_Q18_E30_J65_ALT_FIVE_TWO_DPS_HEAL","boss":"BOSS_ANDRIUS","investment":"FIVE_C0","state":"WIN","rounds":5,"inputs":4,"seconds":72.62,"cpu":0.13,"hp":0.13628,"ko":["MOND_JEAN","PLAYER_CUSTOM"],"admission":{"BOSS_ANDRIUS":20736}}
{"candidate":"GRID_Q18_E30_J65_ALT_FIVE_PURE_HEAL","boss":"BOSS_ANDRIUS","investment":"FIVE_C0","state":"WIN","rounds":6,"inputs":4,"seconds":103.5,"cpu":0.15,"hp":0.11339,"ko":["MOND_DILUC","PLAYER_CUSTOM"],"admission":{"BOSS_ANDRIUS":20736}}
{"candidate":"GRID_Q18_E30_J65_PUBLIC_GUARD","boss":"BOSS_ANDRIUS","investment":"FIVE_C0","state":"WIN","rounds":6,"inputs":4,"seconds":96.32,"cpu":0.15,"hp":0.35778,"ko":["MOND_DILUC","PLAYER_CUSTOM"],"admission":{"BOSS_ANDRIUS":20736}}
{"candidate":"GRID_Q18_E30_J65_PUBLIC_GUARD","boss":"BOSS_ANDRIUS","investment":"FIVE_C0","state":"WIN","rounds":8,"inputs":4,"seconds":117.28,"cpu":0.2,"hp":0.31572,"ko":["MOND_DILUC","PLAYER_CUSTOM"],"admission":{"BOSS_ANDRIUS":20736}}
{"candidate":"GRID_Q18_E30_J65_PUBLIC_GUARD","boss":"BOSS_DVALIN","investment":"FIVE_C0","state":"DEFEAT","rounds":8,"inputs":8,"seconds":153.3,"cpu":0.12,"hp":0,"ko":["LIYUE_ZHONGLI","MOND_DILUC","MOND_JEAN","PLAYER_CUSTOM"],"admission":{"BOSS_DVALIN":20736}}
{"candidate":"GRID_Q18_E30_J65_ALT_FIVE_TWO_DPS_HEAL","boss":"BOSS_DVALIN","investment":"FIVE_C0","state":"DEFEAT","rounds":8,"inputs":8,"seconds":153.3,"cpu":0.1,"hp":0,"ko":["LIYUE_KEQING","MOND_DILUC","MOND_JEAN","PLAYER_CUSTOM"],"admission":{"BOSS_DVALIN":20736}}
{"candidate":"GRID_Q18_E30_J65_ALT_FIVE_PURE_HEAL","boss":"BOSS_DVALIN","investment":"FIVE_C0","state":"DEFEAT","rounds":8,"inputs":8,"seconds":151.08,"cpu":0.1,"hp":0,"ko":["MOND_DILUC","MOND_MONA","LIYUE_QIQI","PLAYER_CUSTOM"],"admission":{"BOSS_DVALIN":20736}}
{"candidate":"GRID_Q18_E30_J65_PUBLIC_GUARD","boss":"BOSS_DVALIN","investment":"FIVE_C0","state":"DEFEAT","rounds":8,"inputs":8,"seconds":153.3,"cpu":0.1,"hp":0,"ko":["LIYUE_ZHONGLI","MOND_DILUC","MOND_JEAN","PLAYER_CUSTOM"],"admission":{"BOSS_DVALIN":20736}}
{"candidate":"GRID_Q18_E30_J65_PUBLIC_GUARD","boss":"BOSS_DVALIN","investment":"FIVE_C0","state":"DEFEAT","rounds":8,"inputs":8,"seconds":153.3,"cpu":0.1,"hp":0,"ko":["LIYUE_ZHONGLI","MOND_DILUC","MOND_JEAN","PLAYER_CUSTOM"],"admission":{"BOSS_DVALIN":20736}}
{"candidate":"GRID_Q18_E30_J65_PUBLIC_GUARD","boss":"BOSS_DVALIN","investment":"FIVE_C0","state":"WIN","rounds":8,"inputs":8,"seconds":108.19,"cpu":0.17,"hp":0.50403,"ko":[],"admission":{"BOSS_DVALIN":20736}}
{"candidate":"GRID_Q18_E30_J65_ALT_FIVE_TWO_DPS_HEAL","boss":"BOSS_DVALIN","investment":"FIVE_C0","state":"WIN","rounds":6,"inputs":6,"seconds":69.61,"cpu":0.13,"hp":0.57934,"ko":[],"admission":{"BOSS_DVALIN":20736}}
{"candidate":"GRID_Q18_E30_J65_ALT_FIVE_PURE_HEAL","boss":"BOSS_DVALIN","investment":"FIVE_C0","state":"WIN","rounds":7,"inputs":7,"seconds":109.76,"cpu":0.15,"hp":0.52737,"ko":["MOND_MONA"],"admission":{"BOSS_DVALIN":20736}}
{"candidate":"GRID_Q18_E30_J65_PUBLIC_GUARD","boss":"BOSS_DVALIN","investment":"FIVE_C0","state":"WIN","rounds":8,"inputs":8,"seconds":103.75,"cpu":0.17,"hp":0.53774,"ko":[],"admission":{"BOSS_DVALIN":20736}}
{"candidate":"GRID_Q18_E30_J65_PUBLIC_GUARD","boss":"BOSS_DVALIN","investment":"FIVE_C0","state":"WIN","rounds":8,"inputs":7,"seconds":98.66,"cpu":0.2,"hp":0.46984,"ko":[],"admission":{"BOSS_DVALIN":20736}}
{"candidate":"GRID_Q18_E30_J65_PUBLIC_GUARD","boss":"BOSS_TARTAGLIA","investment":"FIVE_C0","state":"WIN","rounds":8,"inputs":8,"seconds":93.37,"cpu":0.22,"hp":0.72134,"ko":[],"admission":{"FARM_TARTAGLIA":20736}}
{"candidate":"GRID_Q18_E30_J65_ALT_FIVE_TWO_DPS_HEAL","boss":"BOSS_TARTAGLIA","investment":"FIVE_C0","state":"WIN","rounds":7,"inputs":6,"seconds":64.78,"cpu":0.21,"hp":0.64835,"ko":[],"admission":{"FARM_TARTAGLIA":20736}}
{"candidate":"GRID_Q18_E30_J65_ALT_FIVE_PURE_HEAL","boss":"BOSS_TARTAGLIA","investment":"FIVE_C0","state":"WIN","rounds":7,"inputs":7,"seconds":100.62,"cpu":0.19,"hp":0.48931,"ko":[],"admission":{"FARM_TARTAGLIA":20736}}
{"candidate":"GRID_Q18_E30_J65_PUBLIC_GUARD","boss":"BOSS_TARTAGLIA","investment":"FIVE_C0","state":"WIN","rounds":9,"inputs":8,"seconds":101.14,"cpu":0.2,"hp":0.58106,"ko":["PLAYER_CUSTOM"],"admission":{"FARM_TARTAGLIA":20736}}
{"candidate":"GRID_Q18_E30_J65_PUBLIC_GUARD","boss":"BOSS_TARTAGLIA","investment":"FIVE_C0","state":"WIN","rounds":8,"inputs":8,"seconds":88.93,"cpu":0.18,"hp":0.77311,"ko":[],"admission":{"FARM_TARTAGLIA":20736}}
{"candidate":"GRID_Q18_E30_J65_PUBLIC_GUARD","boss":"BOSS_TARTAGLIA","investment":"FIVE_C0","state":"WIN","rounds":8,"inputs":8,"seconds":93.37,"cpu":0.17,"hp":0.72134,"ko":[],"admission":{"FARM_TARTAGLIA":20736}}
{"candidate":"GRID_Q18_E30_J65_ALT_FIVE_TWO_DPS_HEAL","boss":"BOSS_TARTAGLIA","investment":"FIVE_C0","state":"WIN","rounds":7,"inputs":6,"seconds":64.78,"cpu":0.19,"hp":0.64835,"ko":[],"admission":{"FARM_TARTAGLIA":20736}}
{"candidate":"GRID_Q18_E30_J65_ALT_FIVE_PURE_HEAL","boss":"BOSS_TARTAGLIA","investment":"FIVE_C0","state":"WIN","rounds":7,"inputs":7,"seconds":100.62,"cpu":0.15,"hp":0.48931,"ko":[],"admission":{"FARM_TARTAGLIA":20736}}
{"candidate":"GRID_Q18_E30_J65_PUBLIC_GUARD","boss":"BOSS_TARTAGLIA","investment":"FIVE_C0","state":"WIN","rounds":9,"inputs":8,"seconds":103.49,"cpu":0.21,"hp":0.63132,"ko":["PLAYER_CUSTOM"],"admission":{"FARM_TARTAGLIA":20736}}
{"candidate":"GRID_Q18_E30_J65_PUBLIC_GUARD","boss":"BOSS_TARTAGLIA","investment":"FIVE_C0","state":"WIN","rounds":8,"inputs":8,"seconds":88.93,"cpu":0.19,"hp":0.77311,"ko":[],"admission":{"FARM_TARTAGLIA":20736}}
{"candidate":"GRID_Q18_E30_J65_PUBLIC_GUARD","boss":"BOSS_AZHDAHA","investment":"FIVE_C0","state":"WIN","rounds":6,"inputs":5,"seconds":66.61,"cpu":0.15,"hp":0.74604,"ko":[],"admission":{"FARM_AZHDAHA":20736}}
{"candidate":"GRID_Q18_E30_J65_ALT_FIVE_TWO_DPS_HEAL","boss":"BOSS_AZHDAHA","investment":"FIVE_C0","state":"WIN","rounds":7,"inputs":4,"seconds":63.09,"cpu":0.16,"hp":0.03631,"ko":["LIYUE_KEQING","PLAYER_CUSTOM"],"admission":{"FARM_AZHDAHA":20736}}
{"candidate":"GRID_Q18_E30_J65_ALT_FIVE_PURE_HEAL","boss":"BOSS_AZHDAHA","investment":"FIVE_C0","state":"WIN","rounds":8,"inputs":4,"seconds":96.65,"cpu":0.16,"hp":0.08691,"ko":["MOND_MONA","PLAYER_CUSTOM"],"admission":{"FARM_AZHDAHA":20736}}
{"candidate":"GRID_Q18_E30_J65_PUBLIC_GUARD","boss":"BOSS_AZHDAHA","investment":"FIVE_C0","state":"WIN","rounds":5,"inputs":5,"seconds":70.07,"cpu":0.13,"hp":0.81858,"ko":[],"admission":{"FARM_AZHDAHA":20736}}
{"candidate":"GRID_Q18_E30_J65_PUBLIC_GUARD","boss":"BOSS_AZHDAHA","investment":"FIVE_C0","state":"WIN","rounds":6,"inputs":6,"seconds":69.48,"cpu":0.16,"hp":0.88141,"ko":[],"admission":{"FARM_AZHDAHA":20736}}
{"candidate":"GRID_Q18_E30_J65_PUBLIC_GUARD","boss":"BOSS_AZHDAHA","investment":"FIVE_C0","state":"WIN","rounds":6,"inputs":5,"seconds":66.61,"cpu":0.21,"hp":0.74604,"ko":[],"admission":{"FARM_AZHDAHA":20736}}
{"candidate":"GRID_Q18_E30_J65_ALT_FIVE_TWO_DPS_HEAL","boss":"BOSS_AZHDAHA","investment":"FIVE_C0","state":"WIN","rounds":6,"inputs":4,"seconds":57.54,"cpu":0.17,"hp":0.11335,"ko":["MOND_DILUC","PLAYER_CUSTOM"],"admission":{"FARM_AZHDAHA":20736}}
{"candidate":"GRID_Q18_E30_J65_ALT_FIVE_PURE_HEAL","boss":"BOSS_AZHDAHA","investment":"FIVE_C0","state":"DEFEAT","rounds":8,"inputs":5,"seconds":160.76,"cpu":0.15,"hp":0,"ko":["MOND_DILUC","MOND_MONA","LIYUE_QIQI","PLAYER_CUSTOM"],"admission":{"FARM_AZHDAHA":20736}}
{"candidate":"GRID_Q18_E30_J65_PUBLIC_GUARD","boss":"BOSS_AZHDAHA","investment":"FIVE_C0","state":"WIN","rounds":6,"inputs":5,"seconds":77.84,"cpu":0.2,"hp":0.8415,"ko":[],"admission":{"FARM_AZHDAHA":20736}}
{"candidate":"GRID_Q18_E30_J65_PUBLIC_GUARD","boss":"BOSS_AZHDAHA","investment":"FIVE_C0","state":"WIN","rounds":6,"inputs":6,"seconds":76.14,"cpu":0.27,"hp":0.8328,"ko":[],"admission":{"FARM_AZHDAHA":20736}}
{"out":"/workspace/scratch/a62414469990/crpg-v01618-work/genshin-crpg/docs/data/balance_v01625/daily/multiseed_and_alternates","fingerprint":"840ef8955b08346d086de5b39ab87d918123ab4ce2dc0c292f080827fc4bafdc","conditions":40,"wins":34,"defeats":6,"limits":0,"entryBlocked":0,"errors":[],"inputs":123,"drift":[]}
