{"candidate":"FINAL2_FINAL_PRODUCT_01625","boss":"BOSS_ANDRIUS","investment":"FOUR_C6","state":"WIN","rounds":3,"inputs":3,"seconds":74.12,"cpu":0.17,"hp":0.63011,"ko":[],"admission":{"BOSS_ANDRIUS":20736}}
{"candidate":"FINAL2_FINAL_PRODUCT_01625","boss":"BOSS_ANDRIUS","investment":"FOUR_C6","state":"WIN","rounds":3,"inputs":3,"seconds":74.12,"cpu":0.12,"hp":0.53776,"ko":[],"admission":{"BOSS_ANDRIUS":20736}}
{"candidate":"FINAL2_FINAL_PRODUCT_01625","boss":"BOSS_ANDRIUS","investment":"FOUR_C6","state":"WIN","rounds":3,"inputs":3,"seconds":76.34,"cpu":0.11,"hp":0.51404,"ko":[],"admission":{"BOSS_ANDRIUS":20736}}
{"candidate":"FINAL2_FINAL_PRODUCT_01625","boss":"BOSS_ANDRIUS","investment":"FOUR_C6","state":"WIN","rounds":3,"inputs":3,"seconds":74.12,"cpu":0.11,"hp":0.63011,"ko":[],"admission":{"BOSS_ANDRIUS":20736}}
{"candidate":"FINAL2_FINAL_PRODUCT_01625","boss":"BOSS_ANDRIUS","investment":"FOUR_C6","state":"WIN","rounds":3,"inputs":3,"seconds":74.12,"cpu":0.1,"hp":0.53776,"ko":[],"admission":{"BOSS_ANDRIUS":20736}}
{"candidate":"FINAL2_FINAL_PRODUCT_01625","boss":"BOSS_ANDRIUS","investment":"FOUR_C6","state":"WIN","rounds":3,"inputs":3,"seconds":76.34,"cpu":0.13,"hp":0.51404,"ko":[],"admission":{"BOSS_ANDRIUS":20736}}
{"candidate":"FINAL2_FINAL_PRODUCT_01625","boss":"BOSS_ANDRIUS","investment":"FIVE_C0","state":"DEFEAT","rounds":9,"inputs":5,"seconds":181.26,"cpu":0.24,"hp":0,"ko":["LIYUE_ZHONGLI","MOND_DILUC","MOND_JEAN","PLAYER_CUSTOM"],"admission":{"BOSS_ANDRIUS":20736}}
{"candidate":"FINAL2_FINAL_PRODUCT_01625","boss":"BOSS_ANDRIUS","investment":"FIVE_C0","state":"WIN","rounds":6,"inputs":4,"seconds":96.19,"cpu":0.16,"hp":0.33248,"ko":["MOND_DILUC","PLAYER_CUSTOM"],"admission":{"BOSS_ANDRIUS":20736}}
{"candidate":"FINAL2_FINAL_PRODUCT_01625","boss":"BOSS_ANDRIUS","investment":"FIVE_C0","state":"WIN","rounds":8,"inputs":4,"seconds":118.39,"cpu":0.18,"hp":0.23361,"ko":["MOND_DILUC","PLAYER_CUSTOM"],"admission":{"BOSS_ANDRIUS":20736}}
{"candidate":"FINAL2_FINAL_PRODUCT_01625","boss":"BOSS_ANDRIUS","investment":"FIVE_C0","state":"DEFEAT","rounds":9,"inputs":5,"seconds":181.26,"cpu":0.18,"hp":0,"ko":["LIYUE_ZHONGLI","MOND_DILUC","MOND_JEAN","PLAYER_CUSTOM"],"admission":{"BOSS_ANDRIUS":20736}}
{"candidate":"FINAL2_FINAL_PRODUCT_01625","boss":"BOSS_ANDRIUS","investment":"FIVE_C0","state":"WIN","rounds":6,"inputs":4,"seconds":96.19,"cpu":0.15,"hp":0.33248,"ko":["MOND_DILUC","PLAYER_CUSTOM"],"admission":{"BOSS_ANDRIUS":20736}}
{"candidate":"FINAL2_FINAL_PRODUCT_01625","boss":"BOSS_ANDRIUS","investment":"FIVE_C0","state":"WIN","rounds":8,"inputs":4,"seconds":118.39,"cpu":0.17,"hp":0.23361,"ko":["MOND_DILUC","PLAYER_CUSTOM"],"admission":{"BOSS_ANDRIUS":20736}}
{"candidate":"FINAL2_FINAL_PRODUCT_01625","boss":"BOSS_DVALIN","investment":"FOUR_C6","state":"DEFEAT","rounds":8,"inputs":8,"seconds":151.08,"cpu":0.15,"hp":0,"ko":["MOND_DIONA","LIYUE_XIANGLING","MOND_FISCHL","PLAYER_CUSTOM"],"admission":{"BOSS_DVALIN":20736}}
{"candidate":"FINAL2_FINAL_PRODUCT_01625","boss":"BOSS_DVALIN","investment":"FOUR_C6","state":"DEFEAT","rounds":8,"inputs":8,"seconds":156.63,"cpu":0.15,"hp":0,"ko":["MOND_DIONA","LIYUE_XIANGLING","MOND_FISCHL","PLAYER_CUSTOM"],"admission":{"BOSS_DVALIN":20736}}
{"candidate":"FINAL2_FINAL_PRODUCT_01625","boss":"BOSS_DVALIN","investment":"FOUR_C6","state":"DEFEAT","rounds":8,"inputs":8,"seconds":153.3,"cpu":0.19,"hp":0,"ko":["MOND_DIONA","LIYUE_XIANGLING","MOND_FISCHL","PLAYER_CUSTOM"],"admission":{"BOSS_DVALIN":20736}}
{"candidate":"FINAL2_FINAL_PRODUCT_01625","boss":"BOSS_DVALIN","investment":"FOUR_C6","state":"WIN","rounds":4,"inputs":3,"seconds":67.2,"cpu":0.12,"hp":0.78721,"ko":[],"admission":{"BOSS_DVALIN":20736}}
{"candidate":"FINAL2_FINAL_PRODUCT_01625","boss":"BOSS_DVALIN","investment":"FOUR_C6","state":"WIN","rounds":4,"inputs":3,"seconds":67.2,"cpu":0.1,"hp":0.82766,"ko":[],"admission":{"BOSS_DVALIN":20736}}
{"candidate":"FINAL2_FINAL_PRODUCT_01625","boss":"BOSS_DVALIN","investment":"FOUR_C6","state":"WIN","rounds":3,"inputs":3,"seconds":64.98,"cpu":0.12,"hp":0.8345,"ko":[],"admission":{"BOSS_DVALIN":20736}}
{"candidate":"FINAL2_FINAL_PRODUCT_01625","boss":"BOSS_DVALIN","investment":"FIVE_C0","state":"DEFEAT","rounds":8,"inputs":8,"seconds":153.3,"cpu":0.13,"hp":0,"ko":["LIYUE_ZHONGLI","MOND_DILUC","MOND_JEAN","PLAYER_CUSTOM"],"admission":{"BOSS_DVALIN":20736}}
{"candidate":"FINAL2_FINAL_PRODUCT_01625","boss":"BOSS_DVALIN","investment":"FIVE_C0","state":"DEFEAT","rounds":8,"inputs":8,"seconds":153.3,"cpu":0.13,"hp":0,"ko":["LIYUE_ZHONGLI","MOND_DILUC","MOND_JEAN","PLAYER_CUSTOM"],"admission":{"BOSS_DVALIN":20736}}
{"candidate":"FINAL2_FINAL_PRODUCT_01625","boss":"BOSS_DVALIN","investment":"FIVE_C0","state":"DEFEAT","rounds":8,"inputs":8,"seconds":153.3,"cpu":0.12,"hp":0,"ko":["LIYUE_ZHONGLI","MOND_DILUC","MOND_JEAN","PLAYER_CUSTOM"],"admission":{"BOSS_DVALIN":20736}}
{"candidate":"FINAL2_FINAL_PRODUCT_01625","boss":"BOSS_DVALIN","investment":"FIVE_C0","state":"WIN","rounds":8,"inputs":8,"seconds":108.19,"cpu":0.19,"hp":0.50223,"ko":[],"admission":{"BOSS_DVALIN":20736}}
{"candidate":"FINAL2_FINAL_PRODUCT_01625","boss":"BOSS_DVALIN","investment":"FIVE_C0","state":"WIN","rounds":8,"inputs":8,"seconds":103.75,"cpu":0.19,"hp":0.51479,"ko":[],"admission":{"BOSS_DVALIN":20736}}
{"candidate":"FINAL2_FINAL_PRODUCT_01625","boss":"BOSS_DVALIN","investment":"FIVE_C0","state":"WIN","rounds":8,"inputs":7,"seconds":98.66,"cpu":0.16,"hp":0.44772,"ko":["MOND_DILUC"],"admission":{"BOSS_DVALIN":20736}}
{"candidate":"FINAL2_FINAL_PRODUCT_01625","boss":"BOSS_TARTAGLIA","investment":"FOUR_C6","state":"WIN","rounds":8,"inputs":3,"seconds":85.81,"cpu":0.13,"hp":0.65189,"ko":["PLAYER_CUSTOM"],"admission":{"FARM_TARTAGLIA":20736}}
{"candidate":"FINAL2_FINAL_PRODUCT_01625","boss":"BOSS_TARTAGLIA","investment":"FOUR_C6","state":"WIN","rounds":6,"inputs":6,"seconds":92.46,"cpu":0.16,"hp":0.6911,"ko":[],"admission":{"FARM_TARTAGLIA":20736}}
{"candidate":"FINAL2_FINAL_PRODUCT_01625","boss":"BOSS_TARTAGLIA","investment":"FOUR_C6","state":"WIN","rounds":9,"inputs":7,"seconds":105.32,"cpu":0.22,"hp":0.58705,"ko":["MOND_DAHLIA"],"admission":{"FARM_TARTAGLIA":20736}}
{"candidate":"FINAL2_FINAL_PRODUCT_01625","boss":"BOSS_TARTAGLIA","investment":"FOUR_C6","state":"WIN","rounds":8,"inputs":3,"seconds":85.81,"cpu":0.21,"hp":0.65189,"ko":["PLAYER_CUSTOM"],"admission":{"FARM_TARTAGLIA":20736}}
{"candidate":"FINAL2_FINAL_PRODUCT_01625","boss":"BOSS_TARTAGLIA","investment":"FOUR_C6","state":"WIN","rounds":6,"inputs":6,"seconds":92.46,"cpu":0.17,"hp":0.6911,"ko":[],"admission":{"FARM_TARTAGLIA":20736}}
{"candidate":"FINAL2_FINAL_PRODUCT_01625","boss":"BOSS_TARTAGLIA","investment":"FOUR_C6","state":"WIN","rounds":9,"inputs":7,"seconds":105.32,"cpu":0.21,"hp":0.58705,"ko":["MOND_DAHLIA"],"admission":{"FARM_TARTAGLIA":20736}}
{"candidate":"FINAL2_FINAL_PRODUCT_01625","boss":"BOSS_TARTAGLIA","investment":"FIVE_C0","state":"WIN","rounds":8,"inputs":8,"seconds":93.37,"cpu":0.21,"hp":0.70075,"ko":[],"admission":{"FARM_TARTAGLIA":20736}}
{"candidate":"FINAL2_FINAL_PRODUCT_01625","boss":"BOSS_TARTAGLIA","investment":"FIVE_C0","state":"WIN","rounds":9,"inputs":8,"seconds":101.14,"cpu":0.18,"hp":0.57129,"ko":["PLAYER_CUSTOM"],"admission":{"FARM_TARTAGLIA":20736}}
{"candidate":"FINAL2_FINAL_PRODUCT_01625","boss":"BOSS_TARTAGLIA","investment":"FIVE_C0","state":"WIN","rounds":8,"inputs":8,"seconds":90.04,"cpu":0.17,"hp":0.7506,"ko":[],"admission":{"FARM_TARTAGLIA":20736}}
{"candidate":"FINAL2_FINAL_PRODUCT_01625","boss":"BOSS_TARTAGLIA","investment":"FIVE_C0","state":"WIN","rounds":8,"inputs":8,"seconds":93.37,"cpu":0.19,"hp":0.70075,"ko":[],"admission":{"FARM_TARTAGLIA":20736}}
{"candidate":"FINAL2_FINAL_PRODUCT_01625","boss":"BOSS_TARTAGLIA","investment":"FIVE_C0","state":"WIN","rounds":9,"inputs":8,"seconds":103.49,"cpu":0.19,"hp":0.61836,"ko":["PLAYER_CUSTOM"],"admission":{"FARM_TARTAGLIA":20736}}
{"candidate":"FINAL2_FINAL_PRODUCT_01625","boss":"BOSS_TARTAGLIA","investment":"FIVE_C0","state":"WIN","rounds":8,"inputs":8,"seconds":90.04,"cpu":0.18,"hp":0.7506,"ko":[],"admission":{"FARM_TARTAGLIA":20736}}
{"candidate":"FINAL2_FINAL_PRODUCT_01625","boss":"BOSS_AZHDAHA","investment":"FOUR_C6","state":"WIN","rounds":9,"inputs":8,"seconds":129.35,"cpu":0.34,"hp":0.60287,"ko":[],"admission":{"FARM_AZHDAHA":20736}}
{"candidate":"FINAL2_FINAL_PRODUCT_01625","boss":"BOSS_AZHDAHA","investment":"FOUR_C6","state":"DEFEAT","rounds":4,"inputs":3,"seconds":117.8,"cpu":0.16,"hp":0,"ko":["MOND_DAHLIA","LIYUE_XIANGLING","MOND_BENNETT","PLAYER_CUSTOM"],"admission":{"FARM_AZHDAHA":20736}}
{"candidate":"FINAL2_FINAL_PRODUCT_01625","boss":"BOSS_AZHDAHA","investment":"FOUR_C6","state":"WIN","rounds":9,"inputs":9,"seconds":131.37,"cpu":0.31,"hp":0.51068,"ko":[],"admission":{"FARM_AZHDAHA":20736}}
{"candidate":"FINAL2_FINAL_PRODUCT_01625","boss":"BOSS_AZHDAHA","investment":"FOUR_C6","state":"WIN","rounds":9,"inputs":8,"seconds":129.35,"cpu":0.26,"hp":0.60287,"ko":[],"admission":{"FARM_AZHDAHA":20736}}
{"candidate":"FINAL2_FINAL_PRODUCT_01625","boss":"BOSS_AZHDAHA","investment":"FOUR_C6","state":"DEFEAT","rounds":4,"inputs":3,"seconds":117.8,"cpu":0.16,"hp":0,"ko":["MOND_DAHLIA","LIYUE_XIANGLING","MOND_BENNETT","PLAYER_CUSTOM"],"admission":{"FARM_AZHDAHA":20736}}
{"candidate":"FINAL2_FINAL_PRODUCT_01625","boss":"BOSS_AZHDAHA","investment":"FOUR_C6","state":"WIN","rounds":9,"inputs":9,"seconds":131.37,"cpu":0.31,"hp":0.54406,"ko":[],"admission":{"FARM_AZHDAHA":20736}}
{"candidate":"FINAL2_FINAL_PRODUCT_01625","boss":"BOSS_AZHDAHA","investment":"FIVE_C0","state":"WIN","rounds":6,"inputs":5,"seconds":67.59,"cpu":0.17,"hp":0.69306,"ko":["PLAYER_CUSTOM"],"admission":{"FARM_AZHDAHA":20736}}
{"candidate":"FINAL2_FINAL_PRODUCT_01625","boss":"BOSS_AZHDAHA","investment":"FIVE_C0","state":"WIN","rounds":5,"inputs":5,"seconds":70.07,"cpu":0.17,"hp":0.7542,"ko":[],"admission":{"FARM_AZHDAHA":20736}}
{"candidate":"FINAL2_FINAL_PRODUCT_01625","boss":"BOSS_AZHDAHA","investment":"FIVE_C0","state":"WIN","rounds":6,"inputs":6,"seconds":69.48,"cpu":0.18,"hp":0.81063,"ko":[],"admission":{"FARM_AZHDAHA":20736}}
{"candidate":"FINAL2_FINAL_PRODUCT_01625","boss":"BOSS_AZHDAHA","investment":"FIVE_C0","state":"WIN","rounds":7,"inputs":7,"seconds":82.6,"cpu":0.21,"hp":0.76448,"ko":[],"admission":{"FARM_AZHDAHA":20736}}
{"candidate":"FINAL2_FINAL_PRODUCT_01625","boss":"BOSS_AZHDAHA","investment":"FIVE_C0","state":"WIN","rounds":6,"inputs":6,"seconds":83.06,"cpu":0.2,"hp":0.77875,"ko":[],"admission":{"FARM_AZHDAHA":20736}}
{"candidate":"FINAL2_FINAL_PRODUCT_01625","boss":"BOSS_AZHDAHA","investment":"FIVE_C0","state":"WIN","rounds":7,"inputs":7,"seconds":82.6,"cpu":0.16,"hp":0.78076,"ko":[],"admission":{"FARM_AZHDAHA":20736}}
{"out":"/workspace/scratch/a62414469990/crpg-v01618-work/genshin-crpg/docs/data/balance_v01625/daily/final_product2","fingerprint":"aeb110f1cb71c11b2d515e71c1a8f24189463d09eb26fd9959afe10b576aadd1","conditions":48,"wins":38,"defeats":10,"limits":0,"entryBlocked":0,"errors":[],"inputs":123,"drift":[]}
