npm warn Unknown env config "http-proxy". This will stop working in the next major version of npm.

> mond-crpg-adventure@0.16.27 test:browser
> node tests/test_online_browser.mjs

{"kind":"crpg_durable_timing","action":"STORY_READ","revision":1,"d1CallsOnAction":0,"stateBytes":162666,"changedBytes":411,"changedParts":34,"responseBytes":2179,"persistMs":0.6,"totalMs":20.2,"serverBuild":"server-0a304dec0607b20c5151"}
{"kind":"crpg_durable_timing","action":"STORY_READ","revision":2,"d1CallsOnAction":0,"stateBytes":163521,"changedBytes":681,"changedParts":11,"responseBytes":1735,"persistMs":0.3,"totalMs":15,"serverBuild":"server-0a304dec0607b20c5151"}
{"kind":"crpg_durable_timing","action":"STORY_READ","revision":3,"d1CallsOnAction":0,"stateBytes":162525,"changedBytes":358,"changedParts":34,"responseBytes":2122,"persistMs":0.6,"totalMs":697.6,"serverBuild":"server-0a304dec0607b20c5151"}
{"kind":"crpg_durable_timing","action":"STORY_READ","revision":4,"d1CallsOnAction":0,"stateBytes":163110,"changedBytes":526,"changedParts":9,"responseBytes":1450,"persistMs":0.4,"totalMs":31.8,"serverBuild":"server-0a304dec0607b20c5151"}
{"kind":"crpg_durable_timing","action":"STORY_READ","revision":5,"d1CallsOnAction":0,"stateBytes":163824,"changedBytes":758,"changedParts":11,"responseBytes":1822,"persistMs":0.7,"totalMs":11.5,"serverBuild":"server-0a304dec0607b20c5151"}
{"kind":"crpg_durable_timing","action":"STORY_READ","revision":6,"d1CallsOnAction":0,"stateBytes":162762,"changedBytes":455,"changedParts":34,"responseBytes":2227,"persistMs":0.6,"totalMs":863.8,"serverBuild":"server-0a304dec0607b20c5151"}
{"kind":"crpg_durable_timing","action":"STORY_READ","revision":7,"d1CallsOnAction":0,"stateBytes":162876,"changedBytes":499,"changedParts":34,"responseBytes":2275,"persistMs":0.5,"totalMs":564.2,"serverBuild":"server-0a304dec0607b20c5151"}
{"kind":"crpg_durable_timing","action":"STORY_READ","revision":8,"d1CallsOnAction":0,"stateBytes":162519,"changedBytes":339,"changedParts":34,"responseBytes":2112,"persistMs":0.5,"totalMs":493.8,"serverBuild":"server-0a304dec0607b20c5151"}
{"kind":"crpg_durable_timing","action":"STORY_READ","revision":9,"d1CallsOnAction":0,"stateBytes":170061,"changedBytes":2752,"changedParts":52,"responseBytes":5492,"persistMs":0.7,"totalMs":729.9,"serverBuild":"server-0a304dec0607b20c5151"}
{"kind":"crpg_durable_timing","action":"WAIT","revision":10,"d1CallsOnAction":0,"stateBytes":169908,"changedBytes":131,"changedParts":6,"responseBytes":856,"persistMs":0.3,"totalMs":527.6,"serverBuild":"server-0a304dec0607b20c5151"}
{"kind":"crpg_durable_timing","action":"WAIT","revision":11,"d1CallsOnAction":0,"stateBytes":169905,"changedBytes":130,"changedParts":6,"responseBytes":855,"persistMs":0.3,"totalMs":515.6,"serverBuild":"server-0a304dec0607b20c5151"}
{"kind":"crpg_durable_timing","action":"WAIT","revision":12,"d1CallsOnAction":0,"stateBytes":169905,"changedBytes":130,"changedParts":6,"responseBytes":855,"persistMs":0.3,"totalMs":465.4,"serverBuild":"server-0a304dec0607b20c5151"}
{"kind":"crpg_durable_timing","action":"LIFE_START","revision":13,"d1CallsOnAction":0,"stateBytes":172023,"changedBytes":615,"changedParts":15,"responseBytes":1823,"persistMs":0.5,"totalMs":718.4,"serverBuild":"server-0a304dec0607b20c5151"}
{"kind":"crpg_durable_timing","action":"LIFE_FINISH","revision":14,"d1CallsOnAction":0,"stateBytes":172500,"changedBytes":1149,"changedParts":23,"responseBytes":2478,"persistMs":0.6,"totalMs":11.3,"serverBuild":"server-0a304dec0607b20c5151"}
{"kind":"crpg_durable_timing","action":"MOVE","revision":15,"d1CallsOnAction":0,"stateBytes":172359,"changedBytes":373,"changedParts":15,"responseBytes":1536,"persistMs":0.4,"totalMs":612.3,"serverBuild":"server-0a304dec0607b20c5151"}
{"kind":"crpg_durable_timing","action":"EQUIP","revision":16,"d1CallsOnAction":0,"stateBytes":174159,"changedBytes":1584,"changedParts":14,"responseBytes":2172,"persistMs":0.4,"totalMs":620.9,"serverBuild":"server-0a304dec0607b20c5151"}
{"kind":"crpg_durable_timing","action":"WORLD_WORK_START","revision":17,"d1CallsOnAction":0,"stateBytes":175689,"changedBytes":552,"changedParts":14,"responseBytes":1820,"persistMs":0.3,"totalMs":474.2,"serverBuild":"server-0a304dec0607b20c5151"}
{"kind":"crpg_durable_timing","action":"WORLD_WORK_FINISH","revision":18,"d1CallsOnAction":0,"stateBytes":174060,"changedBytes":196,"changedParts":6,"responseBytes":1208,"persistMs":0.3,"totalMs":7.2,"serverBuild":"server-0a304dec0607b20c5151"}
{"kind":"crpg_durable_timing","action":"COMBAT_BEGIN","revision":19,"d1CallsOnAction":0,"stateBytes":195480,"changedBytes":5014,"changedParts":10,"responseBytes":3586,"persistMs":0.3,"totalMs":521.6,"serverBuild":"server-0a304dec0607b20c5151"}
{"kind":"crpg_durable_timing","action":"COMBAT","revision":20,"d1CallsOnAction":0,"stateBytes":264210,"changedBytes":28640,"changedParts":18,"responseBytes":45944,"persistMs":0.8,"totalMs":47.6,"serverBuild":"server-0a304dec0607b20c5151"}
{"kind":"crpg_durable_timing","action":"COMBAT_FORFEIT","revision":21,"d1CallsOnAction":0,"stateBytes":213315,"changedBytes":13455,"changedParts":29,"responseBytes":18844,"persistMs":0.8,"totalMs":11.5,"serverBuild":"server-0a304dec0607b20c5151"}
{"ok":true,"results":[{"menuDuringReadingSave":true,"menuPreservedOnAcknowledgement":true},{"uninterruptedStoryInputs":5,"checkpoints":2,"readDurations":[130,90,123,95,101],"presentationMilliseconds":[44.900000005960464,33.900000005960464,38.29999999701977,25.5,38.3999999910593]},{"reloadReadingOnce":true,"decisionWithReadingPrefix":true},{"storyNodes":["PRO_M01_깨어남_007"]},{"menuRequests":0,"repeatedMenuCycles":150},{"lostReadingResponseReloadExactlyOnce":true},{"legacyRejectedPrefixRestoredOnce":true},{"singleResponseRequests":0,"singleResponseProgress":"ISK_M03_A_066"},{"sceneSteps":44,"automaticSceneCheckpoints":1},{"lostResponseExactlyOnce":true},{"relationshipLocked":true,"requirementRed":true,"legacyPendingRecovered":true,"precommitFailureRecovered":true},{"lifeElapsedOnAcknowledgement":2830,"visibleBeforeAcknowledgement":true,"activityTotalMilliseconds":6284},{"equipmentFeedback":"장착 중…","centered":true,"singleNotice":true},{"worldWorkOverlapsSaving":true},{"playbackHP":{"outcome":"검증 · 체력 피해 13 / 보호막 0 → 0 / 체력 560 → 547","player":"HP  547 / 710"}},{"combatActors":[{"id":"PLAYER_CUSTOM","hp":"체력  469 / 710"},{"id":"MON_HILI_FIGHTER#1","hp":"체력  244 / 244"},{"id":"MON_HILI_FIGHTER#2","hp":"체력  244 / 244"},{"id":"MON_HILI_FIGHTER#3","hp":"체력  244 / 244"},{"id":"MON_HILI_SHOOTER#1","hp":"체력  244 / 244"},{"id":"MON_HILI_SHOOTER#2","hp":"체력  244 / 244"}]},{"reconnectForfeit":true}]}
