{"condition":1,"total":216,"team":"story4","level":60,"stage":5,"element":"NEUTRAL","wins":1,"losses":0,"seconds":11.51,"materials":1,"rate":5.212858384013901,"rests":0,"stop":"LIMIT"}
{"condition":2,"total":216,"team":"story4","level":60,"stage":10,"element":"NEUTRAL","wins":1,"losses":0,"seconds":11.51,"materials":2,"rate":10.425716768027803,"rests":0,"stop":"LIMIT"}
{"condition":3,"total":216,"team":"story4","level":60,"stage":15,"element":"NEUTRAL","wins":1,"losses":0,"seconds":11.51,"materials":3,"rate":15.638575152041703,"rests":0,"stop":"LIMIT"}
{"condition":4,"total":216,"team":"story4","level":60,"stage":20,"element":"NEUTRAL","wins":1,"losses":0,"seconds":11.379999999999999,"materials":4,"rate":21.0896309314587,"rests":0,"stop":"LIMIT"}
{"condition":5,"total":216,"team":"story4","level":60,"stage":25,"element":"NEUTRAL","wins":1,"losses":0,"seconds":15.690000000000001,"materials":6,"rate":22.94455066921606,"rests":0,"stop":"LIMIT"}
{"condition":6,"total":216,"team":"story4","level":60,"stage":30,"element":"NEUTRAL","wins":1,"losses":0,"seconds":11.379999999999999,"materials":8,"rate":42.1792618629174,"rests":0,"stop":"LIMIT"}
{"condition":7,"total":216,"team":"story4","level":60,"stage":35,"element":"NEUTRAL","wins":1,"losses":0,"seconds":11.379999999999999,"materials":20,"rate":105.4481546572935,"rests":0,"stop":"LIMIT"}
{"condition":8,"total":216,"team":"story4","level":60,"stage":40,"element":"NEUTRAL","wins":1,"losses":0,"seconds":11.379999999999999,"materials":35,"rate":184.53427065026364,"rests":0,"stop":"LIMIT"}
{"condition":9,"total":216,"team":"story4","level":60,"stage":45,"element":"NEUTRAL","wins":1,"losses":0,"seconds":15.690000000000001,"materials":80,"rate":305.9273422562141,"rests":0,"stop":"LIMIT"}
{"condition":10,"total":216,"team":"story4","level":60,"stage":50,"element":"NEUTRAL","wins":1,"losses":0,"seconds":17.91,"materials":180,"rate":603.0150753768844,"rests":0,"stop":"LIMIT"}
{"condition":11,"total":216,"team":"story4","level":60,"stage":55,"element":"NEUTRAL","wins":1,"losses":0,"seconds":17.91,"materials":600,"rate":2010.0502512562814,"rests":0,"stop":"LIMIT"}
{"condition":12,"total":216,"team":"story4","level":60,"stage":60,"element":"NEUTRAL","wins":1,"losses":0,"seconds":17.91,"materials":1500,"rate":5025.125628140703,"rests":0,"stop":"LIMIT"}
{"condition":13,"total":216,"team":"story4","level":60,"stage":5,"element":"PYRO","wins":1,"losses":0,"seconds":11.51,"materials":1,"rate":5.212858384013901,"rests":0,"stop":"LIMIT"}
{"condition":14,"total":216,"team":"story4","level":60,"stage":10,"element":"PYRO","wins":1,"losses":0,"seconds":11.51,"materials":2,"rate":10.425716768027803,"rests":0,"stop":"LIMIT"}
{"condition":15,"total":216,"team":"story4","level":60,"stage":15,"element":"PYRO","wins":1,"losses":0,"seconds":11.51,"materials":3,"rate":15.638575152041703,"rests":0,"stop":"LIMIT"}
{"condition":16,"total":216,"team":"story4","level":60,"stage":20,"element":"PYRO","wins":1,"losses":0,"seconds":11.379999999999999,"materials":4,"rate":21.0896309314587,"rests":0,"stop":"LIMIT"}
{"condition":17,"total":216,"team":"story4","level":60,"stage":25,"element":"PYRO","wins":1,"losses":0,"seconds":15.690000000000001,"materials":6,"rate":22.94455066921606,"rests":0,"stop":"LIMIT"}
{"condition":18,"total":216,"team":"story4","level":60,"stage":30,"element":"PYRO","wins":1,"losses":0,"seconds":11.379999999999999,"materials":8,"rate":42.1792618629174,"rests":0,"stop":"LIMIT"}
{"condition":19,"total":216,"team":"story4","level":60,"stage":35,"element":"PYRO","wins":1,"losses":0,"seconds":15.690000000000001,"materials":20,"rate":76.48183556405353,"rests":0,"stop":"LIMIT"}
{"condition":20,"total":216,"team":"story4","level":60,"stage":40,"element":"PYRO","wins":1,"losses":0,"seconds":19.02,"materials":35,"rate":110.41009463722398,"rests":0,"stop":"LIMIT"}
{"condition":21,"total":216,"team":"story4","level":60,"stage":45,"element":"PYRO","wins":1,"losses":0,"seconds":22.35,"materials":80,"rate":214.7651006711409,"rests":0,"stop":"LIMIT"}
{"condition":22,"total":216,"team":"story4","level":60,"stage":50,"element":"PYRO","wins":1,"losses":0,"seconds":23.46,"materials":180,"rate":460.35805626598466,"rests":0,"stop":"LIMIT"}
{"condition":23,"total":216,"team":"story4","level":60,"stage":55,"element":"PYRO","wins":1,"losses":0,"seconds":42.85,"materials":600,"rate":840.1400233372228,"rests":0,"stop":"LIMIT"}
{"condition":24,"total":216,"team":"story4","level":60,"stage":60,"element":"PYRO","wins":1,"losses":0,"seconds":42.85,"materials":1500,"rate":2100.3500583430573,"rests":0,"stop":"LIMIT"}
{"condition":25,"total":216,"team":"story4","level":60,"stage":5,"element":"HYDRO","wins":1,"losses":0,"seconds":11.51,"materials":1,"rate":5.212858384013901,"rests":0,"stop":"LIMIT"}
{"condition":26,"total":216,"team":"story4","level":60,"stage":10,"element":"HYDRO","wins":1,"losses":0,"seconds":11.51,"materials":2,"rate":10.425716768027803,"rests":0,"stop":"LIMIT"}
{"condition":27,"total":216,"team":"story4","level":60,"stage":15,"element":"HYDRO","wins":1,"losses":0,"seconds":11.51,"materials":3,"rate":15.638575152041703,"rests":0,"stop":"LIMIT"}
{"condition":28,"total":216,"team":"story4","level":60,"stage":20,"element":"HYDRO","wins":1,"losses":0,"seconds":11.379999999999999,"materials":4,"rate":21.0896309314587,"rests":0,"stop":"LIMIT"}
{"condition":29,"total":216,"team":"story4","level":60,"stage":25,"element":"HYDRO","wins":1,"losses":0,"seconds":15.690000000000001,"materials":6,"rate":22.94455066921606,"rests":0,"stop":"LIMIT"}
{"condition":30,"total":216,"team":"story4","level":60,"stage":30,"element":"HYDRO","wins":1,"losses":0,"seconds":11.379999999999999,"materials":8,"rate":42.1792618629174,"rests":0,"stop":"LIMIT"}
{"condition":31,"total":216,"team":"story4","level":60,"stage":35,"element":"HYDRO","wins":1,"losses":0,"seconds":14.58,"materials":20,"rate":82.3045267489712,"rests":0,"stop":"LIMIT"}
{"condition":32,"total":216,"team":"story4","level":60,"stage":40,"element":"HYDRO","wins":1,"losses":0,"seconds":15.690000000000001,"materials":35,"rate":133.84321223709367,"rests":0,"stop":"LIMIT"}
{"condition":33,"total":216,"team":"story4","level":60,"stage":45,"element":"HYDRO","wins":1,"losses":0,"seconds":15.690000000000001,"materials":80,"rate":305.9273422562141,"rests":0,"stop":"LIMIT"}
{"condition":34,"total":216,"team":"story4","level":60,"stage":50,"element":"HYDRO","wins":1,"losses":0,"seconds":19.02,"materials":180,"rate":567.8233438485804,"rests":0,"stop":"LIMIT"}
{"condition":35,"total":216,"team":"story4","level":60,"stage":55,"element":"HYDRO","wins":1,"losses":0,"seconds":39.65,"materials":600,"rate":907.9445145018916,"rests":0,"stop":"LIMIT"}
{"condition":36,"total":216,"team":"story4","level":60,"stage":60,"element":"HYDRO","wins":1,"losses":0,"seconds":42.980000000000004,"materials":1500,"rate":2093.9972080037223,"rests":0,"stop":"LIMIT"}
{"condition":37,"total":216,"team":"story4","level":60,"stage":5,"element":"ANEMO","wins":1,"losses":0,"seconds":14.71,"materials":1,"rate":4.078857919782461,"rests":0,"stop":"LIMIT"}
{"condition":38,"total":216,"team":"story4","level":60,"stage":10,"element":"ANEMO","wins":1,"losses":0,"seconds":14.71,"materials":2,"rate":8.157715839564922,"rests":0,"stop":"LIMIT"}
{"condition":39,"total":216,"team":"story4","level":60,"stage":15,"element":"ANEMO","wins":1,"losses":0,"seconds":14.71,"materials":3,"rate":12.236573759347381,"rests":0,"stop":"LIMIT"}
{"condition":40,"total":216,"team":"story4","level":60,"stage":20,"element":"ANEMO","wins":1,"losses":0,"seconds":14.58,"materials":4,"rate":16.46090534979424,"rests":0,"stop":"LIMIT"}
{"condition":41,"total":216,"team":"story4","level":60,"stage":25,"element":"ANEMO","wins":1,"losses":0,"seconds":14.58,"materials":6,"rate":24.691358024691358,"rests":0,"stop":"LIMIT"}
{"condition":42,"total":216,"team":"story4","level":60,"stage":30,"element":"ANEMO","wins":1,"losses":0,"seconds":14.71,"materials":8,"rate":32.63086335825969,"rests":0,"stop":"LIMIT"}
{"condition":43,"total":216,"team":"story4","level":60,"stage":35,"element":"ANEMO","wins":1,"losses":0,"seconds":15.690000000000001,"materials":20,"rate":76.48183556405353,"rests":0,"stop":"LIMIT"}
{"condition":44,"total":216,"team":"story4","level":60,"stage":40,"element":"ANEMO","wins":1,"losses":0,"seconds":15.690000000000001,"materials":35,"rate":133.84321223709367,"rests":0,"stop":"LIMIT"}
{"condition":45,"total":216,"team":"story4","level":60,"stage":45,"element":"ANEMO","wins":1,"losses":0,"seconds":15.690000000000001,"materials":80,"rate":305.9273422562141,"rests":0,"stop":"LIMIT"}
{"condition":46,"total":216,"team":"story4","level":60,"stage":50,"element":"ANEMO","wins":1,"losses":0,"seconds":15.690000000000001,"materials":180,"rate":688.3365200764817,"rests":0,"stop":"LIMIT"}
{"condition":47,"total":216,"team":"story4","level":60,"stage":55,"element":"ANEMO","wins":1,"losses":0,"seconds":15.690000000000001,"materials":600,"rate":2294.455066921606,"rests":0,"stop":"LIMIT"}
{"condition":48,"total":216,"team":"story4","level":60,"stage":60,"element":"ANEMO","wins":1,"losses":0,"seconds":15.690000000000001,"materials":1500,"rate":5736.137667304015,"rests":0,"stop":"LIMIT"}
{"condition":49,"total":216,"team":"story4","level":60,"stage":5,"element":"ELECTRO","wins":1,"losses":0,"seconds":11.51,"materials":1,"rate":5.212858384013901,"rests":0,"stop":"LIMIT"}
{"condition":50,"total":216,"team":"story4","level":60,"stage":10,"element":"ELECTRO","wins":1,"losses":0,"seconds":11.51,"materials":2,"rate":10.425716768027803,"rests":0,"stop":"LIMIT"}
{"condition":51,"total":216,"team":"story4","level":60,"stage":15,"element":"ELECTRO","wins":1,"losses":0,"seconds":11.51,"materials":3,"rate":15.638575152041703,"rests":0,"stop":"LIMIT"}
{"condition":52,"total":216,"team":"story4","level":60,"stage":20,"element":"ELECTRO","wins":1,"losses":0,"seconds":11.379999999999999,"materials":4,"rate":21.0896309314587,"rests":0,"stop":"LIMIT"}
{"condition":53,"total":216,"team":"story4","level":60,"stage":25,"element":"ELECTRO","wins":1,"losses":0,"seconds":14.71,"materials":6,"rate":24.473147518694763,"rests":0,"stop":"LIMIT"}
{"condition":54,"total":216,"team":"story4","level":60,"stage":30,"element":"ELECTRO","wins":1,"losses":0,"seconds":11.379999999999999,"materials":8,"rate":42.1792618629174,"rests":0,"stop":"LIMIT"}
{"condition":55,"total":216,"team":"story4","level":60,"stage":35,"element":"ELECTRO","wins":1,"losses":0,"seconds":14.71,"materials":20,"rate":81.5771583956492,"rests":0,"stop":"LIMIT"}
{"condition":56,"total":216,"team":"story4","level":60,"stage":40,"element":"ELECTRO","wins":1,"losses":0,"seconds":14.58,"materials":35,"rate":144.03292181069958,"rests":0,"stop":"LIMIT"}
{"condition":57,"total":216,"team":"story4","level":60,"stage":45,"element":"ELECTRO","wins":1,"losses":0,"seconds":14.58,"materials":80,"rate":329.2181069958848,"rests":0,"stop":"LIMIT"}
{"condition":58,"total":216,"team":"story4","level":60,"stage":50,"element":"ELECTRO","wins":1,"losses":0,"seconds":14.58,"materials":180,"rate":740.7407407407408,"rests":0,"stop":"LIMIT"}
{"condition":59,"total":216,"team":"story4","level":60,"stage":55,"element":"ELECTRO","wins":1,"losses":0,"seconds":29.66,"materials":600,"rate":1213.7559002022927,"rests":0,"stop":"LIMIT"}
{"condition":60,"total":216,"team":"story4","level":60,"stage":60,"element":"ELECTRO","wins":1,"losses":0,"seconds":44.870000000000005,"materials":1500,"rate":2005.7945174949853,"rests":0,"stop":"LIMIT"}
{"condition":61,"total":216,"team":"story4","level":60,"stage":5,"element":"CRYO","wins":1,"losses":0,"seconds":11.51,"materials":1,"rate":5.212858384013901,"rests":0,"stop":"LIMIT"}
{"condition":62,"total":216,"team":"story4","level":60,"stage":10,"element":"CRYO","wins":1,"losses":0,"seconds":11.51,"materials":2,"rate":10.425716768027803,"rests":0,"stop":"LIMIT"}
{"condition":63,"total":216,"team":"story4","level":60,"stage":15,"element":"CRYO","wins":1,"losses":0,"seconds":11.51,"materials":3,"rate":15.638575152041703,"rests":0,"stop":"LIMIT"}
{"condition":64,"total":216,"team":"story4","level":60,"stage":20,"element":"CRYO","wins":1,"losses":0,"seconds":11.379999999999999,"materials":4,"rate":21.0896309314587,"rests":0,"stop":"LIMIT"}
{"condition":65,"total":216,"team":"story4","level":60,"stage":25,"element":"CRYO","wins":1,"losses":0,"seconds":15.690000000000001,"materials":6,"rate":22.94455066921606,"rests":0,"stop":"LIMIT"}
{"condition":66,"total":216,"team":"story4","level":60,"stage":30,"element":"CRYO","wins":1,"losses":0,"seconds":11.379999999999999,"materials":8,"rate":42.1792618629174,"rests":0,"stop":"LIMIT"}
{"condition":67,"total":216,"team":"story4","level":60,"stage":35,"element":"CRYO","wins":1,"losses":0,"seconds":14.58,"materials":20,"rate":82.3045267489712,"rests":0,"stop":"LIMIT"}
{"condition":68,"total":216,"team":"story4","level":60,"stage":40,"element":"CRYO","wins":1,"losses":0,"seconds":15.690000000000001,"materials":35,"rate":133.84321223709367,"rests":0,"stop":"LIMIT"}
{"condition":69,"total":216,"team":"story4","level":60,"stage":45,"element":"CRYO","wins":1,"losses":0,"seconds":15.690000000000001,"materials":80,"rate":305.9273422562141,"rests":0,"stop":"LIMIT"}
{"condition":70,"total":216,"team":"story4","level":60,"stage":50,"element":"CRYO","wins":1,"losses":0,"seconds":19.02,"materials":180,"rate":567.8233438485804,"rests":0,"stop":"LIMIT"}
{"condition":71,"total":216,"team":"story4","level":60,"stage":55,"element":"CRYO","wins":1,"losses":0,"seconds":36.32,"materials":600,"rate":991.1894273127754,"rests":0,"stop":"LIMIT"}
{"condition":72,"total":216,"team":"story4","level":60,"stage":60,"element":"CRYO","wins":1,"losses":0,"seconds":42.980000000000004,"materials":1500,"rate":2093.9972080037223,"rests":0,"stop":"LIMIT"}
{"condition":73,"total":216,"team":"story4","level":60,"stage":5,"element":"GEO","wins":1,"losses":0,"seconds":11.51,"materials":1,"rate":5.212858384013901,"rests":0,"stop":"LIMIT"}
{"condition":74,"total":216,"team":"story4","level":60,"stage":10,"element":"GEO","wins":1,"losses":0,"seconds":11.51,"materials":2,"rate":10.425716768027803,"rests":0,"stop":"LIMIT"}
{"condition":75,"total":216,"team":"story4","level":60,"stage":15,"element":"GEO","wins":1,"losses":0,"seconds":11.51,"materials":3,"rate":15.638575152041703,"rests":0,"stop":"LIMIT"}
{"condition":76,"total":216,"team":"story4","level":60,"stage":20,"element":"GEO","wins":1,"losses":0,"seconds":11.379999999999999,"materials":4,"rate":21.0896309314587,"rests":0,"stop":"LIMIT"}
{"condition":77,"total":216,"team":"story4","level":60,"stage":25,"element":"GEO","wins":1,"losses":0,"seconds":15.690000000000001,"materials":6,"rate":22.94455066921606,"rests":0,"stop":"LIMIT"}
{"condition":78,"total":216,"team":"story4","level":60,"stage":30,"element":"GEO","wins":1,"losses":0,"seconds":11.379999999999999,"materials":8,"rate":42.1792618629174,"rests":0,"stop":"LIMIT"}
{"condition":79,"total":216,"team":"story4","level":60,"stage":35,"element":"GEO","wins":1,"losses":0,"seconds":14.58,"materials":20,"rate":82.3045267489712,"rests":0,"stop":"LIMIT"}
{"condition":80,"total":216,"team":"story4","level":60,"stage":40,"element":"GEO","wins":1,"losses":0,"seconds":15.690000000000001,"materials":35,"rate":133.84321223709367,"rests":0,"stop":"LIMIT"}
{"condition":81,"total":216,"team":"story4","level":60,"stage":45,"element":"GEO","wins":1,"losses":0,"seconds":15.690000000000001,"materials":80,"rate":305.9273422562141,"rests":0,"stop":"LIMIT"}
{"condition":82,"total":216,"team":"story4","level":60,"stage":50,"element":"GEO","wins":1,"losses":0,"seconds":15.690000000000001,"materials":180,"rate":688.3365200764817,"rests":0,"stop":"LIMIT"}
{"condition":83,"total":216,"team":"story4","level":60,"stage":55,"element":"GEO","wins":1,"losses":0,"seconds":15.690000000000001,"materials":600,"rate":2294.455066921606,"rests":0,"stop":"LIMIT"}
{"condition":84,"total":216,"team":"story4","level":60,"stage":60,"element":"GEO","wins":1,"losses":0,"seconds":17.91,"materials":1500,"rate":5025.125628140703,"rests":0,"stop":"LIMIT"}
{"condition":85,"total":216,"team":"story4","level":60,"stage":5,"element":"DENDRO","wins":1,"losses":0,"seconds":11.51,"materials":1,"rate":5.212858384013901,"rests":0,"stop":"LIMIT"}
{"condition":86,"total":216,"team":"story4","level":60,"stage":10,"element":"DENDRO","wins":1,"losses":0,"seconds":11.51,"materials":2,"rate":10.425716768027803,"rests":0,"stop":"LIMIT"}
{"condition":87,"total":216,"team":"story4","level":60,"stage":15,"element":"DENDRO","wins":1,"losses":0,"seconds":11.51,"materials":3,"rate":15.638575152041703,"rests":0,"stop":"LIMIT"}
{"condition":88,"total":216,"team":"story4","level":60,"stage":20,"element":"DENDRO","wins":1,"losses":0,"seconds":11.51,"materials":4,"rate":20.851433536055605,"rests":0,"stop":"LIMIT"}
{"condition":89,"total":216,"team":"story4","level":60,"stage":25,"element":"DENDRO","wins":1,"losses":0,"seconds":14.58,"materials":6,"rate":24.691358024691358,"rests":0,"stop":"LIMIT"}
{"condition":90,"total":216,"team":"story4","level":60,"stage":30,"element":"DENDRO","wins":1,"losses":0,"seconds":11.379999999999999,"materials":8,"rate":42.1792618629174,"rests":0,"stop":"LIMIT"}
{"condition":91,"total":216,"team":"story4","level":60,"stage":35,"element":"DENDRO","wins":1,"losses":0,"seconds":11.379999999999999,"materials":20,"rate":105.4481546572935,"rests":0,"stop":"LIMIT"}
{"condition":92,"total":216,"team":"story4","level":60,"stage":40,"element":"DENDRO","wins":1,"losses":0,"seconds":11.379999999999999,"materials":35,"rate":184.53427065026364,"rests":0,"stop":"LIMIT"}
{"condition":93,"total":216,"team":"story4","level":60,"stage":45,"element":"DENDRO","wins":1,"losses":0,"seconds":11.379999999999999,"materials":80,"rate":421.792618629174,"rests":0,"stop":"LIMIT"}
{"condition":94,"total":216,"team":"story4","level":60,"stage":50,"element":"DENDRO","wins":1,"losses":0,"seconds":14.71,"materials":180,"rate":734.1944255608429,"rests":0,"stop":"LIMIT"}
{"condition":95,"total":216,"team":"story4","level":60,"stage":55,"element":"DENDRO","wins":1,"losses":0,"seconds":15.690000000000001,"materials":600,"rate":2294.455066921606,"rests":0,"stop":"LIMIT"}
{"condition":96,"total":216,"team":"story4","level":60,"stage":60,"element":"DENDRO","wins":1,"losses":0,"seconds":16.8,"materials":1500,"rate":5357.142857142857,"rests":0,"stop":"LIMIT"}
{"condition":97,"total":216,"team":"story4","level":60,"stage":5,"element":"NEUTRAL","wins":1,"losses":0,"seconds":11.51,"materials":1,"rate":5.212858384013901,"rests":0,"stop":"LIMIT"}
{"condition":98,"total":216,"team":"story4","level":60,"stage":10,"element":"NEUTRAL","wins":1,"losses":0,"seconds":14.84,"materials":2,"rate":8.086253369272237,"rests":0,"stop":"LIMIT"}
{"condition":99,"total":216,"team":"story4","level":60,"stage":15,"element":"NEUTRAL","wins":1,"losses":0,"seconds":14.58,"materials":10,"rate":41.1522633744856,"rests":0,"stop":"LIMIT"}
{"condition":100,"total":216,"team":"story4","level":60,"stage":20,"element":"NEUTRAL","wins":1,"losses":0,"seconds":15.690000000000001,"materials":20,"rate":76.48183556405353,"rests":0,"stop":"LIMIT"}
{"condition":101,"total":216,"team":"story4","level":60,"stage":25,"element":"NEUTRAL","wins":1,"losses":0,"seconds":15.690000000000001,"materials":32,"rate":122.37093690248565,"rests":0,"stop":"LIMIT"}
{"condition":102,"total":216,"team":"story4","level":60,"stage":30,"element":"NEUTRAL","wins":1,"losses":0,"seconds":11.379999999999999,"materials":6,"rate":31.634446397188054,"rests":0,"stop":"LIMIT"}
{"condition":103,"total":216,"team":"story4","level":60,"stage":35,"element":"NEUTRAL","wins":1,"losses":0,"seconds":11.379999999999999,"materials":8,"rate":42.1792618629174,"rests":0,"stop":"LIMIT"}
{"condition":104,"total":216,"team":"story4","level":60,"stage":40,"element":"NEUTRAL","wins":1,"losses":0,"seconds":14.58,"materials":10,"rate":41.1522633744856,"rests":0,"stop":"LIMIT"}
{"condition":105,"total":216,"team":"story4","level":60,"stage":45,"element":"NEUTRAL","wins":1,"losses":0,"seconds":16.8,"materials":12,"rate":42.857142857142854,"rests":0,"stop":"LIMIT"}
{"condition":106,"total":216,"team":"story4","level":60,"stage":50,"element":"NEUTRAL","wins":1,"losses":0,"seconds":17.91,"materials":24,"rate":80.40201005025125,"rests":0,"stop":"LIMIT"}
{"condition":107,"total":216,"team":"story4","level":60,"stage":55,"element":"NEUTRAL","wins":1,"losses":0,"seconds":19.02,"materials":36,"rate":113.56466876971609,"rests":0,"stop":"LIMIT"}
{"condition":108,"total":216,"team":"story4","level":60,"stage":60,"element":"NEUTRAL","wins":1,"losses":0,"seconds":19.02,"materials":80,"rate":252.36593059936908,"rests":0,"stop":"LIMIT"}
{"condition":109,"total":216,"team":"five0","level":60,"stage":5,"element":"NEUTRAL","wins":1,"losses":0,"seconds":11.51,"materials":1,"rate":5.212858384013901,"rests":0,"stop":"LIMIT"}
{"condition":110,"total":216,"team":"five0","level":60,"stage":10,"element":"NEUTRAL","wins":1,"losses":0,"seconds":11.51,"materials":2,"rate":10.425716768027803,"rests":0,"stop":"LIMIT"}
{"condition":111,"total":216,"team":"five0","level":60,"stage":15,"element":"NEUTRAL","wins":1,"losses":0,"seconds":11.51,"materials":3,"rate":15.638575152041703,"rests":0,"stop":"LIMIT"}
{"condition":112,"total":216,"team":"five0","level":60,"stage":20,"element":"NEUTRAL","wins":1,"losses":0,"seconds":11.379999999999999,"materials":4,"rate":21.0896309314587,"rests":0,"stop":"LIMIT"}
{"condition":113,"total":216,"team":"five0","level":60,"stage":25,"element":"NEUTRAL","wins":1,"losses":0,"seconds":13.6,"materials":6,"rate":26.47058823529412,"rests":0,"stop":"LIMIT"}
{"condition":114,"total":216,"team":"five0","level":60,"stage":30,"element":"NEUTRAL","wins":1,"losses":0,"seconds":11.379999999999999,"materials":8,"rate":42.1792618629174,"rests":0,"stop":"LIMIT"}
{"condition":115,"total":216,"team":"five0","level":60,"stage":35,"element":"NEUTRAL","wins":1,"losses":0,"seconds":11.379999999999999,"materials":20,"rate":105.4481546572935,"rests":0,"stop":"LIMIT"}
{"condition":116,"total":216,"team":"five0","level":60,"stage":40,"element":"NEUTRAL","wins":1,"losses":0,"seconds":11.379999999999999,"materials":35,"rate":184.53427065026364,"rests":0,"stop":"LIMIT"}
{"condition":117,"total":216,"team":"five0","level":60,"stage":45,"element":"NEUTRAL","wins":1,"losses":0,"seconds":13.6,"materials":80,"rate":352.94117647058823,"rests":0,"stop":"LIMIT"}
{"condition":118,"total":216,"team":"five0","level":60,"stage":50,"element":"NEUTRAL","wins":1,"losses":0,"seconds":13.6,"materials":180,"rate":794.1176470588235,"rests":0,"stop":"LIMIT"}
{"condition":119,"total":216,"team":"five0","level":60,"stage":55,"element":"NEUTRAL","wins":1,"losses":0,"seconds":14.71,"materials":600,"rate":2447.3147518694764,"rests":0,"stop":"LIMIT"}
{"condition":120,"total":216,"team":"five0","level":60,"stage":60,"element":"NEUTRAL","wins":1,"losses":0,"seconds":16.93,"materials":1500,"rate":5316.007088009451,"rests":0,"stop":"LIMIT"}
{"condition":121,"total":216,"team":"five0","level":60,"stage":5,"element":"PYRO","wins":1,"losses":0,"seconds":11.51,"materials":1,"rate":5.212858384013901,"rests":0,"stop":"LIMIT"}
{"condition":122,"total":216,"team":"five0","level":60,"stage":10,"element":"PYRO","wins":1,"losses":0,"seconds":11.51,"materials":2,"rate":10.425716768027803,"rests":0,"stop":"LIMIT"}
{"condition":123,"total":216,"team":"five0","level":60,"stage":15,"element":"PYRO","wins":1,"losses":0,"seconds":11.51,"materials":3,"rate":15.638575152041703,"rests":0,"stop":"LIMIT"}
{"condition":124,"total":216,"team":"five0","level":60,"stage":20,"element":"PYRO","wins":1,"losses":0,"seconds":11.379999999999999,"materials":4,"rate":21.0896309314587,"rests":0,"stop":"LIMIT"}
{"condition":125,"total":216,"team":"five0","level":60,"stage":25,"element":"PYRO","wins":1,"losses":0,"seconds":16.93,"materials":6,"rate":21.264028352037805,"rests":0,"stop":"LIMIT"}
{"condition":126,"total":216,"team":"five0","level":60,"stage":30,"element":"PYRO","wins":1,"losses":0,"seconds":11.379999999999999,"materials":8,"rate":42.1792618629174,"rests":0,"stop":"LIMIT"}
{"condition":127,"total":216,"team":"five0","level":60,"stage":35,"element":"PYRO","wins":1,"losses":0,"seconds":14.71,"materials":20,"rate":81.5771583956492,"rests":0,"stop":"LIMIT"}
{"condition":128,"total":216,"team":"five0","level":60,"stage":40,"element":"PYRO","wins":1,"losses":0,"seconds":16.93,"materials":35,"rate":124.04016538688718,"rests":0,"stop":"LIMIT"}
{"condition":129,"total":216,"team":"five0","level":60,"stage":45,"element":"PYRO","wins":1,"losses":0,"seconds":19.15,"materials":80,"rate":250.65274151436034,"rests":0,"stop":"LIMIT"}
{"condition":130,"total":216,"team":"five0","level":60,"stage":50,"element":"PYRO","wins":1,"losses":0,"seconds":23.59,"materials":180,"rate":457.8211106401017,"rests":0,"stop":"LIMIT"}
{"condition":131,"total":216,"team":"five0","level":60,"stage":55,"element":"PYRO","wins":1,"losses":0,"seconds":49.05,"materials":600,"rate":733.9449541284404,"rests":0,"stop":"LIMIT"}
{"condition":132,"total":216,"team":"five0","level":60,"stage":60,"element":"PYRO","wins":1,"losses":0,"seconds":55.38,"materials":1500,"rate":1625.1354279523293,"rests":0,"stop":"LIMIT"}
{"condition":133,"total":216,"team":"five0","level":60,"stage":5,"element":"HYDRO","wins":1,"losses":0,"seconds":11.51,"materials":1,"rate":5.212858384013901,"rests":0,"stop":"LIMIT"}
{"condition":134,"total":216,"team":"five0","level":60,"stage":10,"element":"HYDRO","wins":1,"losses":0,"seconds":11.51,"materials":2,"rate":10.425716768027803,"rests":0,"stop":"LIMIT"}
{"condition":135,"total":216,"team":"five0","level":60,"stage":15,"element":"HYDRO","wins":1,"losses":0,"seconds":11.51,"materials":3,"rate":15.638575152041703,"rests":0,"stop":"LIMIT"}
{"condition":136,"total":216,"team":"five0","level":60,"stage":20,"element":"HYDRO","wins":1,"losses":0,"seconds":11.379999999999999,"materials":4,"rate":21.0896309314587,"rests":0,"stop":"LIMIT"}
{"condition":137,"total":216,"team":"five0","level":60,"stage":25,"element":"HYDRO","wins":1,"losses":0,"seconds":12.49,"materials":6,"rate":28.823058446757404,"rests":0,"stop":"LIMIT"}
{"condition":138,"total":216,"team":"five0","level":60,"stage":30,"element":"HYDRO","wins":1,"losses":0,"seconds":11.379999999999999,"materials":8,"rate":42.1792618629174,"rests":0,"stop":"LIMIT"}
{"condition":139,"total":216,"team":"five0","level":60,"stage":35,"element":"HYDRO","wins":1,"losses":0,"seconds":12.49,"materials":20,"rate":96.07686148919134,"rests":0,"stop":"LIMIT"}
{"condition":140,"total":216,"team":"five0","level":60,"stage":40,"element":"HYDRO","wins":1,"losses":0,"seconds":12.49,"materials":35,"rate":168.13450760608487,"rests":0,"stop":"LIMIT"}
{"condition":141,"total":216,"team":"five0","level":60,"stage":45,"element":"HYDRO","wins":1,"losses":0,"seconds":12.49,"materials":80,"rate":384.3074459567654,"rests":0,"stop":"LIMIT"}
{"condition":142,"total":216,"team":"five0","level":60,"stage":50,"element":"HYDRO","wins":1,"losses":0,"seconds":14.71,"materials":180,"rate":734.1944255608429,"rests":0,"stop":"LIMIT"}
{"condition":143,"total":216,"team":"five0","level":60,"stage":55,"element":"HYDRO","wins":1,"losses":0,"seconds":26.33,"materials":600,"rate":1367.2616786935057,"rests":0,"stop":"LIMIT"}
{"condition":144,"total":216,"team":"five0","level":60,"stage":60,"element":"HYDRO","wins":1,"losses":0,"seconds":37.1,"materials":1500,"rate":2425.876010781671,"rests":0,"stop":"LIMIT"}
{"condition":145,"total":216,"team":"five0","level":60,"stage":5,"element":"ANEMO","wins":1,"losses":0,"seconds":13.6,"materials":1,"rate":4.411764705882353,"rests":0,"stop":"LIMIT"}
{"condition":146,"total":216,"team":"five0","level":60,"stage":10,"element":"ANEMO","wins":1,"losses":0,"seconds":13.6,"materials":2,"rate":8.823529411764707,"rests":0,"stop":"LIMIT"}
{"condition":147,"total":216,"team":"five0","level":60,"stage":15,"element":"ANEMO","wins":1,"losses":0,"seconds":18.04,"materials":3,"rate":9.977827050997783,"rests":0,"stop":"LIMIT"}
{"condition":148,"total":216,"team":"five0","level":60,"stage":20,"element":"ANEMO","wins":1,"losses":0,"seconds":12.49,"materials":4,"rate":19.21537229783827,"rests":0,"stop":"LIMIT"}
{"condition":149,"total":216,"team":"five0","level":60,"stage":25,"element":"ANEMO","wins":1,"losses":0,"seconds":12.49,"materials":6,"rate":28.823058446757404,"rests":0,"stop":"LIMIT"}
{"condition":150,"total":216,"team":"five0","level":60,"stage":30,"element":"ANEMO","wins":1,"losses":0,"seconds":18.04,"materials":8,"rate":26.607538802660756,"rests":0,"stop":"LIMIT"}
{"condition":151,"total":216,"team":"five0","level":60,"stage":35,"element":"ANEMO","wins":1,"losses":0,"seconds":12.49,"materials":20,"rate":96.07686148919134,"rests":0,"stop":"LIMIT"}
{"condition":152,"total":216,"team":"five0","level":60,"stage":40,"element":"ANEMO","wins":1,"losses":0,"seconds":18.04,"materials":35,"rate":116.4079822616408,"rests":0,"stop":"LIMIT"}
{"condition":153,"total":216,"team":"five0","level":60,"stage":45,"element":"ANEMO","wins":1,"losses":0,"seconds":12.49,"materials":80,"rate":384.3074459567654,"rests":0,"stop":"LIMIT"}
{"condition":154,"total":216,"team":"five0","level":60,"stage":50,"element":"ANEMO","wins":1,"losses":0,"seconds":18.04,"materials":180,"rate":598.669623059867,"rests":0,"stop":"LIMIT"}
{"condition":155,"total":216,"team":"five0","level":60,"stage":55,"element":"ANEMO","wins":1,"losses":0,"seconds":20.259999999999998,"materials":600,"rate":1776.9002961500496,"rests":0,"stop":"LIMIT"}
{"condition":156,"total":216,"team":"five0","level":60,"stage":60,"element":"ANEMO","wins":1,"losses":0,"seconds":28.68,"materials":1500,"rate":3138.0753138075315,"rests":0,"stop":"LIMIT"}
{"condition":157,"total":216,"team":"five0","level":60,"stage":5,"element":"ELECTRO","wins":1,"losses":0,"seconds":11.51,"materials":1,"rate":5.212858384013901,"rests":0,"stop":"LIMIT"}
{"condition":158,"total":216,"team":"five0","level":60,"stage":10,"element":"ELECTRO","wins":1,"losses":0,"seconds":11.51,"materials":2,"rate":10.425716768027803,"rests":0,"stop":"LIMIT"}
{"condition":159,"total":216,"team":"five0","level":60,"stage":15,"element":"ELECTRO","wins":1,"losses":0,"seconds":11.51,"materials":3,"rate":15.638575152041703,"rests":0,"stop":"LIMIT"}
{"condition":160,"total":216,"team":"five0","level":60,"stage":20,"element":"ELECTRO","wins":1,"losses":0,"seconds":11.379999999999999,"materials":4,"rate":21.0896309314587,"rests":0,"stop":"LIMIT"}
{"condition":161,"total":216,"team":"five0","level":60,"stage":25,"element":"ELECTRO","wins":1,"losses":0,"seconds":12.49,"materials":6,"rate":28.823058446757404,"rests":0,"stop":"LIMIT"}
{"condition":162,"total":216,"team":"five0","level":60,"stage":30,"element":"ELECTRO","wins":1,"losses":0,"seconds":11.379999999999999,"materials":8,"rate":42.1792618629174,"rests":0,"stop":"LIMIT"}
{"condition":163,"total":216,"team":"five0","level":60,"stage":35,"element":"ELECTRO","wins":1,"losses":0,"seconds":12.49,"materials":20,"rate":96.07686148919134,"rests":0,"stop":"LIMIT"}
{"condition":164,"total":216,"team":"five0","level":60,"stage":40,"element":"ELECTRO","wins":1,"losses":0,"seconds":12.49,"materials":35,"rate":168.13450760608487,"rests":0,"stop":"LIMIT"}
{"condition":165,"total":216,"team":"five0","level":60,"stage":45,"element":"ELECTRO","wins":1,"losses":0,"seconds":12.49,"materials":80,"rate":384.3074459567654,"rests":0,"stop":"LIMIT"}
{"condition":166,"total":216,"team":"five0","level":60,"stage":50,"element":"ELECTRO","wins":1,"losses":0,"seconds":12.49,"materials":180,"rate":864.6917534027222,"rests":0,"stop":"LIMIT"}
{"condition":167,"total":216,"team":"five0","level":60,"stage":55,"element":"ELECTRO","wins":1,"losses":0,"seconds":14.71,"materials":600,"rate":2447.3147518694764,"rests":0,"stop":"LIMIT"}
{"condition":168,"total":216,"team":"five0","level":60,"stage":60,"element":"ELECTRO","wins":1,"losses":0,"seconds":16.93,"materials":1500,"rate":5316.007088009451,"rests":0,"stop":"LIMIT"}
{"condition":169,"total":216,"team":"five0","level":60,"stage":5,"element":"CRYO","wins":1,"losses":0,"seconds":11.51,"materials":1,"rate":5.212858384013901,"rests":0,"stop":"LIMIT"}
{"condition":170,"total":216,"team":"five0","level":60,"stage":10,"element":"CRYO","wins":1,"losses":0,"seconds":11.51,"materials":2,"rate":10.425716768027803,"rests":0,"stop":"LIMIT"}
{"condition":171,"total":216,"team":"five0","level":60,"stage":15,"element":"CRYO","wins":1,"losses":0,"seconds":11.51,"materials":3,"rate":15.638575152041703,"rests":0,"stop":"LIMIT"}
{"condition":172,"total":216,"team":"five0","level":60,"stage":20,"element":"CRYO","wins":1,"losses":0,"seconds":11.379999999999999,"materials":4,"rate":21.0896309314587,"rests":0,"stop":"LIMIT"}
{"condition":173,"total":216,"team":"five0","level":60,"stage":25,"element":"CRYO","wins":1,"losses":0,"seconds":12.49,"materials":6,"rate":28.823058446757404,"rests":0,"stop":"LIMIT"}
{"condition":174,"total":216,"team":"five0","level":60,"stage":30,"element":"CRYO","wins":1,"losses":0,"seconds":11.379999999999999,"materials":8,"rate":42.1792618629174,"rests":0,"stop":"LIMIT"}
{"condition":175,"total":216,"team":"five0","level":60,"stage":35,"element":"CRYO","wins":1,"losses":0,"seconds":12.49,"materials":20,"rate":96.07686148919134,"rests":0,"stop":"LIMIT"}
{"condition":176,"total":216,"team":"five0","level":60,"stage":40,"element":"CRYO","wins":1,"losses":0,"seconds":12.49,"materials":35,"rate":168.13450760608487,"rests":0,"stop":"LIMIT"}
{"condition":177,"total":216,"team":"five0","level":60,"stage":45,"element":"CRYO","wins":1,"losses":0,"seconds":12.49,"materials":80,"rate":384.3074459567654,"rests":0,"stop":"LIMIT"}
{"condition":178,"total":216,"team":"five0","level":60,"stage":50,"element":"CRYO","wins":1,"losses":0,"seconds":12.49,"materials":180,"rate":864.6917534027222,"rests":0,"stop":"LIMIT"}
{"condition":179,"total":216,"team":"five0","level":60,"stage":55,"element":"CRYO","wins":1,"losses":0,"seconds":28.55,"materials":600,"rate":1260.9457092819614,"rests":0,"stop":"LIMIT"}
{"condition":180,"total":216,"team":"five0","level":60,"stage":60,"element":"CRYO","wins":1,"losses":0,"seconds":30.77,"materials":1500,"rate":2924.9268768280795,"rests":0,"stop":"LIMIT"}
{"condition":181,"total":216,"team":"five0","level":60,"stage":5,"element":"GEO","wins":1,"losses":0,"seconds":11.51,"materials":1,"rate":5.212858384013901,"rests":0,"stop":"LIMIT"}
{"condition":182,"total":216,"team":"five0","level":60,"stage":10,"element":"GEO","wins":1,"losses":0,"seconds":11.51,"materials":2,"rate":10.425716768027803,"rests":0,"stop":"LIMIT"}
{"condition":183,"total":216,"team":"five0","level":60,"stage":15,"element":"GEO","wins":1,"losses":0,"seconds":11.51,"materials":3,"rate":15.638575152041703,"rests":0,"stop":"LIMIT"}
{"condition":184,"total":216,"team":"five0","level":60,"stage":20,"element":"GEO","wins":1,"losses":0,"seconds":11.379999999999999,"materials":4,"rate":21.0896309314587,"rests":0,"stop":"LIMIT"}
{"condition":185,"total":216,"team":"five0","level":60,"stage":25,"element":"GEO","wins":1,"losses":0,"seconds":12.49,"materials":6,"rate":28.823058446757404,"rests":0,"stop":"LIMIT"}
{"condition":186,"total":216,"team":"five0","level":60,"stage":30,"element":"GEO","wins":1,"losses":0,"seconds":11.379999999999999,"materials":8,"rate":42.1792618629174,"rests":0,"stop":"LIMIT"}
{"condition":187,"total":216,"team":"five0","level":60,"stage":35,"element":"GEO","wins":1,"losses":0,"seconds":12.49,"materials":20,"rate":96.07686148919134,"rests":0,"stop":"LIMIT"}
{"condition":188,"total":216,"team":"five0","level":60,"stage":40,"element":"GEO","wins":1,"losses":0,"seconds":12.49,"materials":35,"rate":168.13450760608487,"rests":0,"stop":"LIMIT"}
{"condition":189,"total":216,"team":"five0","level":60,"stage":45,"element":"GEO","wins":1,"losses":0,"seconds":16.93,"materials":80,"rate":283.5203780271707,"rests":0,"stop":"LIMIT"}
{"condition":190,"total":216,"team":"five0","level":60,"stage":50,"element":"GEO","wins":1,"losses":0,"seconds":16.93,"materials":180,"rate":637.9208505611341,"rests":0,"stop":"LIMIT"}
{"condition":191,"total":216,"team":"five0","level":60,"stage":55,"element":"GEO","wins":1,"losses":0,"seconds":21.369999999999997,"materials":600,"rate":1684.6045858680395,"rests":0,"stop":"LIMIT"}
{"condition":192,"total":216,"team":"five0","level":60,"stage":60,"element":"GEO","wins":1,"losses":0,"seconds":29.14,"materials":1500,"rate":3088.538091969801,"rests":0,"stop":"LIMIT"}
{"condition":193,"total":216,"team":"five0","level":60,"stage":5,"element":"DENDRO","wins":1,"losses":0,"seconds":11.51,"materials":1,"rate":5.212858384013901,"rests":0,"stop":"LIMIT"}
{"condition":194,"total":216,"team":"five0","level":60,"stage":10,"element":"DENDRO","wins":1,"losses":0,"seconds":11.51,"materials":2,"rate":10.425716768027803,"rests":0,"stop":"LIMIT"}
{"condition":195,"total":216,"team":"five0","level":60,"stage":15,"element":"DENDRO","wins":1,"losses":0,"seconds":11.51,"materials":3,"rate":15.638575152041703,"rests":0,"stop":"LIMIT"}
{"condition":196,"total":216,"team":"five0","level":60,"stage":20,"element":"DENDRO","wins":1,"losses":0,"seconds":11.51,"materials":4,"rate":20.851433536055605,"rests":0,"stop":"LIMIT"}
{"condition":197,"total":216,"team":"five0","level":60,"stage":25,"element":"DENDRO","wins":1,"losses":0,"seconds":13.6,"materials":6,"rate":26.47058823529412,"rests":0,"stop":"LIMIT"}
{"condition":198,"total":216,"team":"five0","level":60,"stage":30,"element":"DENDRO","wins":1,"losses":0,"seconds":11.379999999999999,"materials":8,"rate":42.1792618629174,"rests":0,"stop":"LIMIT"}
{"condition":199,"total":216,"team":"five0","level":60,"stage":35,"element":"DENDRO","wins":1,"losses":0,"seconds":11.379999999999999,"materials":20,"rate":105.4481546572935,"rests":0,"stop":"LIMIT"}
{"condition":200,"total":216,"team":"five0","level":60,"stage":40,"element":"DENDRO","wins":1,"losses":0,"seconds":11.379999999999999,"materials":35,"rate":184.53427065026364,"rests":0,"stop":"LIMIT"}
{"condition":201,"total":216,"team":"five0","level":60,"stage":45,"element":"DENDRO","wins":1,"losses":0,"seconds":11.379999999999999,"materials":80,"rate":421.792618629174,"rests":0,"stop":"LIMIT"}
{"condition":202,"total":216,"team":"five0","level":60,"stage":50,"element":"DENDRO","wins":1,"losses":0,"seconds":14.71,"materials":180,"rate":734.1944255608429,"rests":0,"stop":"LIMIT"}
{"condition":203,"total":216,"team":"five0","level":60,"stage":55,"element":"DENDRO","wins":1,"losses":0,"seconds":14.71,"materials":600,"rate":2447.3147518694764,"rests":0,"stop":"LIMIT"}
{"condition":204,"total":216,"team":"five0","level":60,"stage":60,"element":"DENDRO","wins":1,"losses":0,"seconds":18.04,"materials":1500,"rate":4988.913525498891,"rests":0,"stop":"LIMIT"}
{"condition":205,"total":216,"team":"five0","level":60,"stage":5,"element":"NEUTRAL","wins":1,"losses":0,"seconds":11.51,"materials":1,"rate":5.212858384013901,"rests":0,"stop":"LIMIT"}
{"condition":206,"total":216,"team":"five0","level":60,"stage":10,"element":"NEUTRAL","wins":1,"losses":0,"seconds":13.73,"materials":2,"rate":8.73998543335761,"rests":0,"stop":"LIMIT"}
{"condition":207,"total":216,"team":"five0","level":60,"stage":15,"element":"NEUTRAL","wins":1,"losses":0,"seconds":13.6,"materials":10,"rate":44.11764705882353,"rests":0,"stop":"LIMIT"}
{"condition":208,"total":216,"team":"five0","level":60,"stage":20,"element":"NEUTRAL","wins":1,"losses":0,"seconds":13.6,"materials":20,"rate":88.23529411764706,"rests":0,"stop":"LIMIT"}
{"condition":209,"total":216,"team":"five0","level":60,"stage":25,"element":"NEUTRAL","wins":1,"losses":0,"seconds":13.6,"materials":32,"rate":141.1764705882353,"rests":0,"stop":"LIMIT"}
{"condition":210,"total":216,"team":"five0","level":60,"stage":30,"element":"NEUTRAL","wins":1,"losses":0,"seconds":11.379999999999999,"materials":6,"rate":31.634446397188054,"rests":0,"stop":"LIMIT"}
{"condition":211,"total":216,"team":"five0","level":60,"stage":35,"element":"NEUTRAL","wins":1,"losses":0,"seconds":11.379999999999999,"materials":8,"rate":42.1792618629174,"rests":0,"stop":"LIMIT"}
{"condition":212,"total":216,"team":"five0","level":60,"stage":40,"element":"NEUTRAL","wins":1,"losses":0,"seconds":14.71,"materials":10,"rate":40.7885791978246,"rests":0,"stop":"LIMIT"}
{"condition":213,"total":216,"team":"five0","level":60,"stage":45,"element":"NEUTRAL","wins":1,"losses":0,"seconds":14.71,"materials":12,"rate":48.946295037389525,"rests":0,"stop":"LIMIT"}
{"condition":214,"total":216,"team":"five0","level":60,"stage":50,"element":"NEUTRAL","wins":1,"losses":0,"seconds":13.6,"materials":24,"rate":105.88235294117648,"rests":0,"stop":"LIMIT"}
{"condition":215,"total":216,"team":"five0","level":60,"stage":55,"element":"NEUTRAL","wins":1,"losses":0,"seconds":16.93,"materials":36,"rate":127.58417011222681,"rests":0,"stop":"LIMIT"}
{"condition":216,"total":216,"team":"five0","level":60,"stage":60,"element":"NEUTRAL","wins":1,"losses":0,"seconds":31.88,"materials":80,"rate":150.56461731493098,"rests":0,"stop":"LIMIT"}
