PASS eight elements share the selected table and future 25/50-win final payments
{"ascensionObserved":{"successful":1866,"blocked":42,"min":1.0045863519513907,"top":1.113916742858971}}
PASS all 1866 completed low/high observations avoid reversal, with highest at least ten percent
{"region":"MOND","talentObserved":{"successful":100,"blocked":0,"min":1.2108579738245273,"top":1.248411497730711}}
{"region":"LIYUE","talentObserved":{"successful":311,"blocked":0,"min":1.0581125058112504,"top":1.2696275278332174}}
PASS regional talent currencies retain 63 highest wins and every successful observation has at least five percent
PASS eight K25 candidate native samples prove growth-only payouts preserve exact combat timings, HP and recovery bills
/workspace/scratch/a62414469990/crpg-v01618-work/genshin-crpg/tests/test_material_efficiency_v01622.cjs:19
check('final K35 selected native samples retain actual payouts and no completed lower-stage reversal',()=>{const x=read(path.join(P,'pivot35_final_assessment.json'));assert.equal(x.selectedCounts.conditions,16);assert.equal(x.selectedCounts.nativeBattles,47);assert.equal(x.selectedCounts.wins,46);assert.equal(x.selectedCounts.losses,1);assert.equal(x.ascension.successful,10);assert.equal(x.ascension.blocked,1);assert(x.ascension.minimumFactor>=1);assert(x.ascension.highestMinimumFactor>=1.1);assert(x.talent.minimumFactor>=1.05);for(const row of x.selectedRows){const pay=row.kind==='ASCENSION'?G.domainAscensionGems[row.element][row.stage]:G.domainTalentBooks[row.stage<=25?'MOND':'LIYUE'][row.stage];assert.equal(row.materials,row.wins*pay);for(const fight of row.battles)if(fight.result.victory){assert.equal(fight.materials,pay);assert.equal(fight.promised.items[row.item],pay);}}assert.equal(x.productHashes.runtime_growth_v01522.js,require('node:crypto').createHash('sha256').update(fs.readFileSync(path.join(root,'source/runtime_growth_v01522.js'))).digest('hex'));assert.equal(x.productHashes.runtime_rules.js,require('node:crypto').createHash('sha256').update(fs.readFileSync(path.join(root,'source/runtime_rules.js'))).digest('hex'));console.log(JSON.stringify({finalK35:x.ascension,talent:x.talent,blocked:x.blockedCondition}));});
                                                                                                                                                                                                                                                                                                                                                                                                                                                                                                                                                                                                                                                                                                                                                                                                                                                                                                                                                                            ^

TypeError: Cannot read properties of undefined (reading 'js')
    at /workspace/scratch/a62414469990/crpg-v01618-work/genshin-crpg/tests/test_material_efficiency_v01622.cjs:19:941
    at check (/workspace/scratch/a62414469990/crpg-v01618-work/genshin-crpg/tests/test_material_efficiency_v01622.cjs:9:38)
    at Object.<anonymous> (/workspace/scratch/a62414469990/crpg-v01618-work/genshin-crpg/tests/test_material_efficiency_v01622.cjs:19:1)
    at Module._compile (node:internal/modules/cjs/loader:1872:14)
    at Object..js (node:internal/modules/cjs/loader:2003:10)
    at Module.load (node:internal/modules/cjs/loader:1594:32)
    at Module._load (node:internal/modules/cjs/loader:1396:12)
    at wrapModuleLoad (node:internal/modules/cjs/loader:255:19)
    at Module.executeUserEntryPoint [as runMain] (node:internal/modules/run_main:154:5)
    at node:internal/main/run_main_module:33:47

Node.js v24.19.0
