node:fs:622
  return binding.open(
                 ^

Error: ENOENT: no such file or directory, open 'docs/data/balance_v01622/growth/pivot35_final_cases.json'
    at Object.openSync (node:fs:622:18)
    at Object.readFileSync (node:fs:488:35)
    at main (/workspace/scratch/a62414469990/crpg-v01618-work/genshin-crpg/docs/data/balance_v01622/growth/audit_growth_v01622.cjs:23:1031)
    at Object.<anonymous> (/workspace/scratch/a62414469990/crpg-v01618-work/genshin-crpg/docs/data/balance_v01622/growth/audit_growth_v01622.cjs:24:26)
    at Module._compile (node:internal/modules/cjs/loader:1872:14)
    at Object..js (node:internal/modules/cjs/loader:2003:10)
    at Module.load (node:internal/modules/cjs/loader:1594:32)
    at Module._load (node:internal/modules/cjs/loader:1396:12)
    at wrapModuleLoad (node:internal/modules/cjs/loader:255:19)
    at Module.executeUserEntryPoint [as runMain] (node:internal/modules/run_main:154:5) {
  errno: -2,
  code: 'ENOENT',
  syscall: 'open',
  path: 'docs/data/balance_v01622/growth/pivot35_final_cases.json'
}

Node.js v24.19.0
