{"condition":1,"total":152,"team":"story4","level":55,"stage":15,"element":"PYRO","wins":3,"losses":0,"seconds":34.14,"materials":9,"rate":15.817223198594025,"rests":0,"stop":"LIMIT"}
{"condition":2,"total":152,"team":"story4","level":55,"stage":15,"element":"PYRO","wins":3,"losses":0,"seconds":34.14,"materials":9,"rate":15.817223198594025,"rests":0,"stop":"LIMIT"}
{"condition":3,"total":152,"team":"story4","level":55,"stage":20,"element":"PYRO","wins":3,"losses":0,"seconds":53.730000000000004,"materials":12,"rate":13.400335008375208,"rests":0,"stop":"LIMIT"}
{"condition":4,"total":152,"team":"story4","level":55,"stage":20,"element":"PYRO","wins":3,"losses":0,"seconds":50.400000000000006,"materials":12,"rate":14.285714285714285,"rests":0,"stop":"LIMIT"}
{"condition":5,"total":152,"team":"story4","level":25,"stage":20,"element":"ELECTRO","wins":3,"losses":0,"seconds":114.63,"materials":12,"rate":6.281078251766553,"rests":0,"stop":"LIMIT"}
{"condition":6,"total":152,"team":"story4","level":25,"stage":20,"element":"ELECTRO","wins":3,"losses":0,"seconds":229.8,"materials":12,"rate":3.1331592689295036,"rests":1,"stop":"LIMIT"}
{"condition":7,"total":152,"team":"story4","level":25,"stage":25,"element":"ELECTRO","wins":3,"losses":0,"seconds":340.1,"materials":18,"rate":3.1755366068803292,"rests":2,"stop":"LIMIT"}
{"condition":8,"total":152,"team":"story4","level":25,"stage":25,"element":"ELECTRO","wins":3,"losses":0,"seconds":391.29999999999995,"materials":18,"rate":2.7600306670074115,"rests":2,"stop":"LIMIT"}
{"condition":9,"total":152,"team":"story4","level":25,"stage":25,"element":"DENDRO","wins":3,"losses":0,"seconds":91.47,"materials":18,"rate":11.807149885208265,"rests":0,"stop":"LIMIT"}
{"condition":10,"total":152,"team":"story4","level":25,"stage":25,"element":"DENDRO","wins":3,"losses":0,"seconds":87.03,"materials":18,"rate":12.409513960703206,"rests":0,"stop":"LIMIT"}
{"condition":11,"total":152,"team":"story4","level":25,"stage":30,"element":"DENDRO","wins":3,"losses":0,"seconds":88.78999999999999,"materials":24,"rate":16.218042572361753,"rests":0,"stop":"LIMIT"}
{"condition":12,"total":152,"team":"story4","level":25,"stage":30,"element":"DENDRO","wins":3,"losses":0,"seconds":99.43,"materials":24,"rate":14.482550538066981,"rests":0,"stop":"LIMIT"}
{"condition":13,"total":152,"team":"story4","level":55,"stage":30,"element":"CRYO","wins":3,"losses":0,"seconds":34.14,"materials":24,"rate":42.1792618629174,"rests":0,"stop":"LIMIT"}
{"condition":14,"total":152,"team":"story4","level":55,"stage":30,"element":"CRYO","wins":3,"losses":0,"seconds":34.14,"materials":24,"rate":42.1792618629174,"rests":0,"stop":"LIMIT"}
{"condition":15,"total":152,"team":"story4","level":55,"stage":35,"element":"CRYO","wins":3,"losses":0,"seconds":74.55,"materials":60,"rate":48.289738430583505,"rests":0,"stop":"LIMIT"}
{"condition":16,"total":152,"team":"story4","level":55,"stage":35,"element":"CRYO","wins":3,"losses":0,"seconds":75.66,"materials":60,"rate":47.58128469468676,"rests":0,"stop":"LIMIT"}
{"condition":17,"total":152,"team":"story4","level":55,"stage":35,"element":"ELECTRO","wins":3,"losses":0,"seconds":49.29,"materials":60,"rate":73.03712720632988,"rests":0,"stop":"LIMIT"}
{"condition":18,"total":152,"team":"story4","level":55,"stage":35,"element":"ELECTRO","wins":3,"losses":0,"seconds":54.84,"materials":60,"rate":65.64551422319474,"rests":0,"stop":"LIMIT"}
{"condition":19,"total":152,"team":"story4","level":55,"stage":40,"element":"ELECTRO","wins":3,"losses":0,"seconds":71.22,"materials":105,"rate":88.45829823083403,"rests":0,"stop":"LIMIT"}
{"condition":20,"total":152,"team":"story4","level":55,"stage":40,"element":"ELECTRO","wins":3,"losses":0,"seconds":66.13,"materials":105,"rate":95.2668985331922,"rests":0,"stop":"LIMIT"}
{"condition":21,"total":152,"team":"story4","level":55,"stage":40,"element":"NEUTRAL","wins":3,"losses":0,"seconds":39.3,"materials":105,"rate":160.3053435114504,"rests":0,"stop":"LIMIT"}
{"condition":22,"total":152,"team":"story4","level":55,"stage":40,"element":"NEUTRAL","wins":3,"losses":0,"seconds":42.629999999999995,"materials":105,"rate":147.78325123152712,"rests":0,"stop":"LIMIT"}
{"condition":23,"total":152,"team":"story4","level":55,"stage":45,"element":"NEUTRAL","wins":3,"losses":0,"seconds":81.21,"materials":240,"rate":177.31806427779833,"rests":0,"stop":"LIMIT"}
{"condition":24,"total":152,"team":"story4","level":55,"stage":45,"element":"NEUTRAL","wins":3,"losses":0,"seconds":80.1,"materials":240,"rate":179.77528089887642,"rests":0,"stop":"LIMIT"}
{"condition":25,"total":152,"team":"story4","level":55,"stage":45,"element":"CRYO","wins":3,"losses":0,"seconds":185.97,"materials":240,"rate":77.43184384578157,"rests":1,"stop":"LIMIT"}
{"condition":26,"total":152,"team":"story4","level":55,"stage":45,"element":"CRYO","wins":3,"losses":0,"seconds":187.41000000000003,"materials":240,"rate":76.83688170321753,"rests":1,"stop":"LIMIT"}
{"condition":27,"total":152,"team":"story4","level":55,"stage":50,"element":"CRYO","wins":3,"losses":0,"seconds":244.20000000000002,"materials":540,"rate":132.67813267813267,"rests":1,"stop":"LIMIT"}
{"condition":28,"total":152,"team":"story4","level":55,"stage":50,"element":"CRYO","wins":3,"losses":0,"seconds":209.83999999999997,"materials":540,"rate":154.40335493709495,"rests":1,"stop":"LIMIT"}
{"condition":29,"total":152,"team":["MOND_KAEYA","LIYUE_XINGQIU","MOND_BARBARA"],"level":55,"stage":50,"element":"PYRO","wins":3,"losses":0,"seconds":246.87,"materials":540,"rate":131.24316441851985,"rests":1,"stop":"LIMIT"}
{"condition":30,"total":152,"team":["MOND_KAEYA","LIYUE_XINGQIU","MOND_BARBARA"],"level":55,"stage":50,"element":"PYRO","wins":3,"losses":0,"seconds":232.35000000000002,"materials":540,"rate":139.44480309877338,"rests":1,"stop":"LIMIT"}
{"condition":31,"total":152,"team":["MOND_KAEYA","LIYUE_XINGQIU","MOND_BARBARA"],"level":55,"stage":55,"element":"PYRO","wins":0,"losses":1,"seconds":167.49,"materials":0,"rate":0,"rests":0,"stop":"DEFEAT"}
{"condition":32,"total":152,"team":["MOND_KAEYA","LIYUE_XINGQIU","MOND_BARBARA"],"level":55,"stage":55,"element":"PYRO","wins":0,"losses":1,"seconds":163.18,"materials":0,"rate":0,"rests":0,"stop":"DEFEAT"}
{"condition":33,"total":152,"team":"story4","level":55,"stage":55,"element":"GEO","wins":3,"losses":0,"seconds":87.86999999999999,"materials":1800,"rate":1229.0884260839878,"rests":0,"stop":"LIMIT"}
{"condition":34,"total":152,"team":"story4","level":55,"stage":55,"element":"GEO","wins":3,"losses":0,"seconds":150,"materials":1800,"rate":720,"rests":1,"stop":"LIMIT"}
{"condition":35,"total":152,"team":"story4","level":55,"stage":60,"element":"GEO","wins":3,"losses":0,"seconds":231.13000000000002,"materials":4500,"rate":1168.1737550296368,"rests":2,"stop":"LIMIT"}
{"condition":36,"total":152,"team":"story4","level":55,"stage":60,"element":"GEO","wins":2,"losses":1,"seconds":222.52,"materials":3000,"rate":808.9160524896638,"rests":1,"stop":"DEFEAT"}
{"condition":37,"total":152,"team":"story4","level":60,"stage":55,"element":"NEUTRAL","wins":3,"losses":0,"seconds":51.510000000000005,"materials":1800,"rate":2096.68025626092,"rests":0,"stop":"LIMIT"}
{"condition":38,"total":152,"team":"story4","level":60,"stage":55,"element":"NEUTRAL","wins":3,"losses":0,"seconds":52.489999999999995,"materials":1800,"rate":2057.5347685273387,"rests":0,"stop":"LIMIT"}
{"condition":39,"total":152,"team":"story4","level":60,"stage":60,"element":"NEUTRAL","wins":3,"losses":0,"seconds":54.84,"materials":4500,"rate":4923.413566739606,"rests":0,"stop":"LIMIT"}
{"condition":40,"total":152,"team":"story4","level":60,"stage":60,"element":"NEUTRAL","wins":3,"losses":0,"seconds":58.04,"materials":4500,"rate":4651.964162646451,"rests":0,"stop":"LIMIT"}
{"condition":41,"total":152,"team":"story4","level":60,"stage":55,"element":"PYRO","wins":3,"losses":0,"seconds":135.21,"materials":1800,"rate":798.7574883514533,"rests":0,"stop":"LIMIT"}
{"condition":42,"total":152,"team":"story4","level":60,"stage":55,"element":"PYRO","wins":3,"losses":0,"seconds":177.48999999999998,"materials":1800,"rate":608.4849850695814,"rests":1,"stop":"LIMIT"}
{"condition":43,"total":152,"team":"story4","level":60,"stage":60,"element":"PYRO","wins":3,"losses":0,"seconds":177.21,"materials":4500,"rate":1523.6160487557136,"rests":1,"stop":"LIMIT"}
{"condition":44,"total":152,"team":"story4","level":60,"stage":60,"element":"PYRO","wins":3,"losses":0,"seconds":195.85999999999999,"materials":4500,"rate":1378.5356887572757,"rests":1,"stop":"LIMIT"}
{"condition":45,"total":152,"team":"story4","level":60,"stage":55,"element":"HYDRO","wins":3,"losses":0,"seconds":113.86,"materials":1800,"rate":948.5332864921834,"rests":0,"stop":"LIMIT"}
{"condition":46,"total":152,"team":"story4","level":60,"stage":55,"element":"HYDRO","wins":3,"losses":0,"seconds":114.50999999999999,"materials":1800,"rate":943.1490699502227,"rests":0,"stop":"LIMIT"}
{"condition":47,"total":152,"team":"story4","level":60,"stage":60,"element":"HYDRO","wins":3,"losses":0,"seconds":133.05,"materials":4500,"rate":2029.312288613303,"rests":0,"stop":"LIMIT"}
{"condition":48,"total":152,"team":"story4","level":60,"stage":60,"element":"HYDRO","wins":3,"losses":0,"seconds":178.99,"materials":4500,"rate":1508.464160008939,"rests":1,"stop":"LIMIT"}
{"condition":49,"total":152,"team":"story4","level":60,"stage":5,"element":"ANEMO","wins":3,"losses":0,"seconds":43.02,"materials":3,"rate":4.184100418410042,"rests":0,"stop":"LIMIT"}
{"condition":50,"total":152,"team":"story4","level":60,"stage":5,"element":"ANEMO","wins":3,"losses":0,"seconds":43.02,"materials":3,"rate":4.184100418410042,"rests":0,"stop":"LIMIT"}
{"condition":51,"total":152,"team":"story4","level":60,"stage":10,"element":"ANEMO","wins":3,"losses":0,"seconds":43.02,"materials":6,"rate":8.368200836820083,"rests":0,"stop":"LIMIT"}
{"condition":52,"total":152,"team":"story4","level":60,"stage":10,"element":"ANEMO","wins":3,"losses":0,"seconds":44.13,"materials":6,"rate":8.157715839564922,"rests":0,"stop":"LIMIT"}
{"condition":53,"total":152,"team":"story4","level":60,"stage":15,"element":"ANEMO","wins":3,"losses":0,"seconds":43.02,"materials":9,"rate":12.552301255230125,"rests":0,"stop":"LIMIT"}
{"condition":54,"total":152,"team":"story4","level":60,"stage":15,"element":"ANEMO","wins":3,"losses":0,"seconds":44.13,"materials":9,"rate":12.236573759347381,"rests":0,"stop":"LIMIT"}
{"condition":55,"total":152,"team":"story4","level":60,"stage":20,"element":"ANEMO","wins":3,"losses":0,"seconds":43.74,"materials":12,"rate":16.46090534979424,"rests":0,"stop":"LIMIT"}
{"condition":56,"total":152,"team":"story4","level":60,"stage":20,"element":"ANEMO","wins":3,"losses":0,"seconds":42.629999999999995,"materials":12,"rate":16.88951442646024,"rests":0,"stop":"LIMIT"}
{"condition":57,"total":152,"team":"story4","level":60,"stage":25,"element":"ANEMO","wins":3,"losses":0,"seconds":43.74,"materials":18,"rate":24.691358024691358,"rests":0,"stop":"LIMIT"}
{"condition":58,"total":152,"team":"story4","level":60,"stage":25,"element":"ANEMO","wins":3,"losses":0,"seconds":43.74,"materials":18,"rate":24.691358024691358,"rests":0,"stop":"LIMIT"}
{"condition":59,"total":152,"team":"story4","level":60,"stage":30,"element":"ANEMO","wins":3,"losses":0,"seconds":44.13,"materials":24,"rate":32.63086335825969,"rests":0,"stop":"LIMIT"}
{"condition":60,"total":152,"team":"story4","level":60,"stage":30,"element":"ANEMO","wins":3,"losses":0,"seconds":44.13,"materials":24,"rate":32.63086335825969,"rests":0,"stop":"LIMIT"}
{"condition":61,"total":152,"team":"story4","level":60,"stage":55,"element":"ANEMO","wins":3,"losses":0,"seconds":47.07000000000001,"materials":1800,"rate":2294.455066921606,"rests":0,"stop":"LIMIT"}
{"condition":62,"total":152,"team":"story4","level":60,"stage":55,"element":"ANEMO","wins":3,"losses":0,"seconds":47.07000000000001,"materials":1800,"rate":2294.455066921606,"rests":0,"stop":"LIMIT"}
{"condition":63,"total":152,"team":"story4","level":60,"stage":60,"element":"ANEMO","wins":3,"losses":0,"seconds":47.07000000000001,"materials":4500,"rate":5736.137667304014,"rests":0,"stop":"LIMIT"}
{"condition":64,"total":152,"team":"story4","level":60,"stage":60,"element":"ANEMO","wins":3,"losses":0,"seconds":47.07000000000001,"materials":4500,"rate":5736.137667304014,"rests":0,"stop":"LIMIT"}
{"condition":65,"total":152,"team":"story4","level":60,"stage":55,"element":"ELECTRO","wins":3,"losses":0,"seconds":93.41999999999999,"materials":1800,"rate":1156.0693641618498,"rests":0,"stop":"LIMIT"}
{"condition":66,"total":152,"team":"story4","level":60,"stage":55,"element":"ELECTRO","wins":3,"losses":0,"seconds":153.32999999999998,"materials":1800,"rate":704.3631383290942,"rests":1,"stop":"LIMIT"}
{"condition":67,"total":152,"team":"story4","level":60,"stage":60,"element":"ELECTRO","wins":3,"losses":0,"seconds":171.87,"materials":4500,"rate":1570.9547914121138,"rests":1,"stop":"LIMIT"}
{"condition":68,"total":152,"team":"story4","level":60,"stage":60,"element":"ELECTRO","wins":3,"losses":0,"seconds":150.96,"materials":4500,"rate":1788.5532591414944,"rests":1,"stop":"LIMIT"}
{"condition":69,"total":152,"team":"story4","level":60,"stage":55,"element":"CRYO","wins":3,"losses":0,"seconds":149.85,"materials":1800,"rate":720.7207207207207,"rests":1,"stop":"LIMIT"}
{"condition":70,"total":152,"team":"story4","level":60,"stage":55,"element":"CRYO","wins":3,"losses":0,"seconds":118.94999999999999,"materials":1800,"rate":907.9445145018916,"rests":0,"stop":"LIMIT"}
{"condition":71,"total":152,"team":"story4","level":60,"stage":60,"element":"CRYO","wins":3,"losses":0,"seconds":186.63000000000002,"materials":4500,"rate":1446.7127471467609,"rests":1,"stop":"LIMIT"}
{"condition":72,"total":152,"team":"story4","level":60,"stage":60,"element":"CRYO","wins":3,"losses":0,"seconds":205.78,"materials":4500,"rate":1312.0808630576344,"rests":1,"stop":"LIMIT"}
{"condition":73,"total":152,"team":"story4","level":60,"stage":55,"element":"GEO","wins":3,"losses":0,"seconds":47.07000000000001,"materials":1800,"rate":2294.455066921606,"rests":0,"stop":"LIMIT"}
{"condition":74,"total":152,"team":"story4","level":60,"stage":55,"element":"GEO","wins":3,"losses":0,"seconds":47.07000000000001,"materials":1800,"rate":2294.455066921606,"rests":0,"stop":"LIMIT"}
{"condition":75,"total":152,"team":"story4","level":60,"stage":60,"element":"GEO","wins":3,"losses":0,"seconds":53.730000000000004,"materials":4500,"rate":5025.125628140703,"rests":0,"stop":"LIMIT"}
{"condition":76,"total":152,"team":"story4","level":60,"stage":60,"element":"GEO","wins":3,"losses":0,"seconds":54.84,"materials":4500,"rate":4923.413566739606,"rests":0,"stop":"LIMIT"}
{"condition":77,"total":152,"team":"story4","level":60,"stage":55,"element":"DENDRO","wins":3,"losses":0,"seconds":54.84,"materials":1800,"rate":1969.3654266958424,"rests":0,"stop":"LIMIT"}
{"condition":78,"total":152,"team":"story4","level":60,"stage":55,"element":"DENDRO","wins":3,"losses":0,"seconds":61.50000000000001,"materials":1800,"rate":1756.0975609756094,"rests":0,"stop":"LIMIT"}
{"condition":79,"total":152,"team":"story4","level":60,"stage":60,"element":"DENDRO","wins":3,"losses":0,"seconds":59.28000000000001,"materials":4500,"rate":4554.655870445344,"rests":0,"stop":"LIMIT"}
{"condition":80,"total":152,"team":"story4","level":60,"stage":60,"element":"DENDRO","wins":3,"losses":0,"seconds":61.50000000000001,"materials":4500,"rate":4390.243902439024,"rests":0,"stop":"LIMIT"}
{"condition":81,"total":152,"team":"story4","level":60,"stage":30,"element":"NEUTRAL","wins":3,"losses":0,"seconds":34.14,"materials":18,"rate":31.63444639718805,"rests":0,"stop":"LIMIT"}
{"condition":82,"total":152,"team":"story4","level":60,"stage":30,"element":"NEUTRAL","wins":3,"losses":0,"seconds":34.14,"materials":18,"rate":31.63444639718805,"rests":0,"stop":"LIMIT"}
{"condition":83,"total":152,"team":"story4","level":60,"stage":35,"element":"NEUTRAL","wins":3,"losses":0,"seconds":34.14,"materials":24,"rate":42.1792618629174,"rests":0,"stop":"LIMIT"}
{"condition":84,"total":152,"team":"story4","level":60,"stage":35,"element":"NEUTRAL","wins":3,"losses":0,"seconds":34.14,"materials":24,"rate":42.1792618629174,"rests":0,"stop":"LIMIT"}
{"condition":85,"total":152,"team":"story4","level":60,"stage":40,"element":"NEUTRAL","wins":3,"losses":0,"seconds":45.96000000000001,"materials":30,"rate":39.164490861618795,"rests":0,"stop":"LIMIT"}
{"condition":86,"total":152,"team":"story4","level":60,"stage":40,"element":"NEUTRAL","wins":3,"losses":0,"seconds":44.85,"materials":30,"rate":40.13377926421405,"rests":0,"stop":"LIMIT"}
{"condition":87,"total":152,"team":"story4","level":60,"stage":45,"element":"NEUTRAL","wins":3,"losses":0,"seconds":49.290000000000006,"materials":36,"rate":43.82227632379792,"rests":0,"stop":"LIMIT"}
{"condition":88,"total":152,"team":"story4","level":60,"stage":45,"element":"NEUTRAL","wins":3,"losses":0,"seconds":50.400000000000006,"materials":36,"rate":42.857142857142854,"rests":0,"stop":"LIMIT"}
{"condition":89,"total":152,"team":"story4","level":60,"stage":50,"element":"NEUTRAL","wins":3,"losses":0,"seconds":55.95,"materials":72,"rate":77.21179624664879,"rests":0,"stop":"LIMIT"}
{"condition":90,"total":152,"team":"story4","level":60,"stage":50,"element":"NEUTRAL","wins":3,"losses":0,"seconds":54.84,"materials":72,"rate":78.77461706783369,"rests":0,"stop":"LIMIT"}
{"condition":91,"total":152,"team":"story4","level":60,"stage":55,"element":"NEUTRAL","wins":3,"losses":0,"seconds":58.17,"materials":108,"rate":111.397627643115,"rests":0,"stop":"LIMIT"}
{"condition":92,"total":152,"team":"story4","level":60,"stage":55,"element":"NEUTRAL","wins":3,"losses":0,"seconds":58.17,"materials":108,"rate":111.397627643115,"rests":0,"stop":"LIMIT"}
{"condition":93,"total":152,"team":"story4","level":60,"stage":60,"element":"NEUTRAL","wins":3,"losses":0,"seconds":71.94,"materials":240,"rate":200.16680567139284,"rests":0,"stop":"LIMIT"}
{"condition":94,"total":152,"team":"story4","level":60,"stage":60,"element":"NEUTRAL","wins":3,"losses":0,"seconds":81.21,"materials":240,"rate":177.31806427779833,"rests":0,"stop":"LIMIT"}
{"condition":95,"total":152,"team":"five0","level":60,"stage":55,"element":"NEUTRAL","wins":3,"losses":0,"seconds":50.79,"materials":1800,"rate":2126.4028352037803,"rests":0,"stop":"LIMIT"}
{"condition":96,"total":152,"team":"five0","level":60,"stage":55,"element":"NEUTRAL","wins":3,"losses":0,"seconds":40.8,"materials":1800,"rate":2647.058823529412,"rests":0,"stop":"LIMIT"}
{"condition":97,"total":152,"team":"five0","level":60,"stage":60,"element":"NEUTRAL","wins":3,"losses":0,"seconds":51.9,"materials":4500,"rate":5202.312138728324,"rests":0,"stop":"LIMIT"}
{"condition":98,"total":152,"team":"five0","level":60,"stage":60,"element":"NEUTRAL","wins":3,"losses":0,"seconds":51.9,"materials":4500,"rate":5202.312138728324,"rests":0,"stop":"LIMIT"}
{"condition":99,"total":152,"team":"five0","level":60,"stage":55,"element":"PYRO","wins":3,"losses":0,"seconds":122.53999999999999,"materials":1800,"rate":881.34486698221,"rests":0,"stop":"LIMIT"}
{"condition":100,"total":152,"team":"five0","level":60,"stage":55,"element":"PYRO","wins":3,"losses":0,"seconds":118.1,"materials":1800,"rate":914.4792548687553,"rests":0,"stop":"LIMIT"}
{"condition":101,"total":152,"team":"five0","level":60,"stage":60,"element":"PYRO","wins":3,"losses":0,"seconds":153.48000000000002,"materials":4500,"rate":1759.1868647380763,"rests":0,"stop":"LIMIT"}
{"condition":102,"total":152,"team":"five0","level":60,"stage":60,"element":"PYRO","wins":3,"losses":0,"seconds":145.26,"materials":4500,"rate":1858.7360594795541,"rests":0,"stop":"LIMIT"}
{"condition":103,"total":152,"team":"five0","level":60,"stage":55,"element":"HYDRO","wins":3,"losses":0,"seconds":106.53999999999999,"materials":1800,"rate":1013.7037732307116,"rests":0,"stop":"LIMIT"}
{"condition":104,"total":152,"team":"five0","level":60,"stage":55,"element":"HYDRO","wins":3,"losses":0,"seconds":122.21000000000001,"materials":1800,"rate":883.7247361099746,"rests":0,"stop":"LIMIT"}
{"condition":105,"total":152,"team":"five0","level":60,"stage":60,"element":"HYDRO","wins":3,"losses":0,"seconds":127.30000000000001,"materials":4500,"rate":2120.9740769835034,"rests":0,"stop":"LIMIT"}
{"condition":106,"total":152,"team":"five0","level":60,"stage":60,"element":"HYDRO","wins":3,"losses":0,"seconds":130.3,"materials":4500,"rate":2072.141212586339,"rests":0,"stop":"LIMIT"}
{"condition":107,"total":152,"team":"five0","level":60,"stage":5,"element":"ANEMO","wins":3,"losses":0,"seconds":38.58,"materials":3,"rate":4.665629860031104,"rests":0,"stop":"LIMIT"}
{"condition":108,"total":152,"team":"five0","level":60,"stage":5,"element":"ANEMO","wins":3,"losses":0,"seconds":40.800000000000004,"materials":3,"rate":4.411764705882352,"rests":0,"stop":"LIMIT"}
{"condition":109,"total":152,"team":"five0","level":60,"stage":10,"element":"ANEMO","wins":3,"losses":0,"seconds":39.69,"materials":6,"rate":9.070294784580499,"rests":0,"stop":"LIMIT"}
{"condition":110,"total":152,"team":"five0","level":60,"stage":10,"element":"ANEMO","wins":3,"losses":0,"seconds":40.800000000000004,"materials":6,"rate":8.823529411764705,"rests":0,"stop":"LIMIT"}
{"condition":111,"total":152,"team":"five0","level":60,"stage":15,"element":"ANEMO","wins":3,"losses":0,"seconds":48.57,"materials":9,"rate":11.11797405806053,"rests":0,"stop":"LIMIT"}
{"condition":112,"total":152,"team":"five0","level":60,"stage":15,"element":"ANEMO","wins":3,"losses":0,"seconds":55.23,"materials":9,"rate":9.77729494839761,"rests":0,"stop":"LIMIT"}
{"condition":113,"total":152,"team":"five0","level":60,"stage":20,"element":"ANEMO","wins":3,"losses":0,"seconds":43.019999999999996,"materials":12,"rate":16.73640167364017,"rests":0,"stop":"LIMIT"}
{"condition":114,"total":152,"team":"five0","level":60,"stage":20,"element":"ANEMO","wins":3,"losses":0,"seconds":49.68,"materials":12,"rate":14.492753623188406,"rests":0,"stop":"LIMIT"}
{"condition":115,"total":152,"team":"five0","level":60,"stage":25,"element":"ANEMO","wins":3,"losses":0,"seconds":45.24,"materials":18,"rate":23.872679045092838,"rests":0,"stop":"LIMIT"}
{"condition":116,"total":152,"team":"five0","level":60,"stage":25,"element":"ANEMO","wins":3,"losses":0,"seconds":54.12,"materials":18,"rate":19.955654101995567,"rests":0,"stop":"LIMIT"}
{"condition":117,"total":152,"team":"five0","level":60,"stage":30,"element":"ANEMO","wins":3,"losses":0,"seconds":48.57,"materials":24,"rate":29.64793082149475,"rests":0,"stop":"LIMIT"}
{"condition":118,"total":152,"team":"five0","level":60,"stage":30,"element":"ANEMO","wins":3,"losses":0,"seconds":55.23,"materials":24,"rate":26.072786529060295,"rests":0,"stop":"LIMIT"}
{"condition":119,"total":152,"team":"five0","level":60,"stage":55,"element":"ANEMO","wins":3,"losses":0,"seconds":68.55,"materials":1800,"rate":1575.492341356674,"rests":0,"stop":"LIMIT"}
{"condition":120,"total":152,"team":"five0","level":60,"stage":55,"element":"ANEMO","wins":3,"losses":0,"seconds":78.54,"materials":1800,"rate":1375.0954927425514,"rests":0,"stop":"LIMIT"}
{"condition":121,"total":152,"team":"five0","level":60,"stage":60,"element":"ANEMO","wins":3,"losses":0,"seconds":80.94999999999999,"materials":4500,"rate":3335.39221741816,"rests":0,"stop":"LIMIT"}
{"condition":122,"total":152,"team":"five0","level":60,"stage":60,"element":"ANEMO","wins":3,"losses":0,"seconds":141.45,"materials":4500,"rate":1908.8016967126196,"rests":1,"stop":"LIMIT"}
{"condition":123,"total":152,"team":"five0","level":60,"stage":55,"element":"ELECTRO","wins":3,"losses":0,"seconds":57.449999999999996,"materials":1800,"rate":1879.8955613577025,"rests":0,"stop":"LIMIT"}
{"condition":124,"total":152,"team":"five0","level":60,"stage":55,"element":"ELECTRO","wins":3,"losses":0,"seconds":64.10999999999999,"materials":1800,"rate":1684.6045858680397,"rests":0,"stop":"LIMIT"}
{"condition":125,"total":152,"team":"five0","level":60,"stage":60,"element":"ELECTRO","wins":3,"losses":0,"seconds":68.09,"materials":4500,"rate":3965.3399911881334,"rests":0,"stop":"LIMIT"}
{"condition":126,"total":152,"team":"five0","level":60,"stage":60,"element":"ELECTRO","wins":3,"losses":0,"seconds":81.41,"materials":4500,"rate":3316.545878884658,"rests":0,"stop":"LIMIT"}
{"condition":127,"total":152,"team":"five0","level":60,"stage":55,"element":"CRYO","wins":3,"losses":0,"seconds":88.98,"materials":1800,"rate":1213.7559002022927,"rests":0,"stop":"LIMIT"}
{"condition":128,"total":152,"team":"five0","level":60,"stage":55,"element":"CRYO","wins":3,"losses":0,"seconds":72.14,"materials":1800,"rate":1497.0889936235099,"rests":0,"stop":"LIMIT"}
{"condition":129,"total":152,"team":"five0","level":60,"stage":60,"element":"CRYO","wins":3,"losses":0,"seconds":97.86,"materials":4500,"rate":2759.0435315757204,"rests":0,"stop":"LIMIT"}
{"condition":130,"total":152,"team":"five0","level":60,"stage":60,"element":"CRYO","wins":3,"losses":0,"seconds":114.24000000000001,"materials":4500,"rate":2363.4453781512602,"rests":0,"stop":"LIMIT"}
{"condition":131,"total":152,"team":"five0","level":60,"stage":55,"element":"GEO","wins":3,"losses":0,"seconds":64.10999999999999,"materials":1800,"rate":1684.6045858680397,"rests":0,"stop":"LIMIT"}
{"condition":132,"total":152,"team":"five0","level":60,"stage":55,"element":"GEO","wins":3,"losses":0,"seconds":71.88,"materials":1800,"rate":1502.5041736227047,"rests":0,"stop":"LIMIT"}
{"condition":133,"total":152,"team":"five0","level":60,"stage":60,"element":"GEO","wins":3,"losses":0,"seconds":85.52000000000001,"materials":4500,"rate":3157.1562207670718,"rests":0,"stop":"LIMIT"}
{"condition":134,"total":152,"team":"five0","level":60,"stage":60,"element":"GEO","wins":3,"losses":0,"seconds":96.49000000000001,"materials":4500,"rate":2798.2174318582233,"rests":0,"stop":"LIMIT"}
{"condition":135,"total":152,"team":"five0","level":60,"stage":55,"element":"DENDRO","wins":3,"losses":0,"seconds":58.559999999999995,"materials":1800,"rate":1844.2622950819673,"rests":0,"stop":"LIMIT"}
{"condition":136,"total":152,"team":"five0","level":60,"stage":55,"element":"DENDRO","wins":3,"losses":0,"seconds":60.78,"materials":1800,"rate":1776.9002961500494,"rests":0,"stop":"LIMIT"}
{"condition":137,"total":152,"team":"five0","level":60,"stage":60,"element":"DENDRO","wins":3,"losses":0,"seconds":58.559999999999995,"materials":4500,"rate":4610.6557377049185,"rests":0,"stop":"LIMIT"}
{"condition":138,"total":152,"team":"five0","level":60,"stage":60,"element":"DENDRO","wins":3,"losses":0,"seconds":61.88999999999999,"materials":4500,"rate":4362.578768783325,"rests":0,"stop":"LIMIT"}
{"condition":139,"total":152,"team":"five0","level":60,"stage":30,"element":"NEUTRAL","wins":3,"losses":0,"seconds":34.14,"materials":18,"rate":31.63444639718805,"rests":0,"stop":"LIMIT"}
{"condition":140,"total":152,"team":"five0","level":60,"stage":30,"element":"NEUTRAL","wins":3,"losses":0,"seconds":34.14,"materials":18,"rate":31.63444639718805,"rests":0,"stop":"LIMIT"}
{"condition":141,"total":152,"team":"five0","level":60,"stage":35,"element":"NEUTRAL","wins":3,"losses":0,"seconds":34.14,"materials":24,"rate":42.1792618629174,"rests":0,"stop":"LIMIT"}
{"condition":142,"total":152,"team":"five0","level":60,"stage":35,"element":"NEUTRAL","wins":3,"losses":0,"seconds":34.14,"materials":24,"rate":42.1792618629174,"rests":0,"stop":"LIMIT"}
{"condition":143,"total":152,"team":"five0","level":60,"stage":40,"element":"NEUTRAL","wins":3,"losses":0,"seconds":43.02,"materials":30,"rate":41.84100418410041,"rests":0,"stop":"LIMIT"}
{"condition":144,"total":152,"team":"five0","level":60,"stage":40,"element":"NEUTRAL","wins":3,"losses":0,"seconds":43.02,"materials":30,"rate":41.84100418410041,"rests":0,"stop":"LIMIT"}
{"condition":145,"total":152,"team":"five0","level":60,"stage":45,"element":"NEUTRAL","wins":3,"losses":0,"seconds":44.13,"materials":36,"rate":48.946295037389525,"rests":0,"stop":"LIMIT"}
{"condition":146,"total":152,"team":"five0","level":60,"stage":45,"element":"NEUTRAL","wins":3,"losses":0,"seconds":39.69,"materials":36,"rate":54.421768707483,"rests":0,"stop":"LIMIT"}
{"condition":147,"total":152,"team":"five0","level":60,"stage":50,"element":"NEUTRAL","wins":3,"losses":0,"seconds":50.79,"materials":72,"rate":85.05611340815122,"rests":0,"stop":"LIMIT"}
{"condition":148,"total":152,"team":"five0","level":60,"stage":50,"element":"NEUTRAL","wins":3,"losses":0,"seconds":53.01,"materials":72,"rate":81.49405772495756,"rests":0,"stop":"LIMIT"}
{"condition":149,"total":152,"team":"five0","level":60,"stage":55,"element":"NEUTRAL","wins":3,"losses":0,"seconds":56.34,"materials":108,"rate":115.01597444089457,"rests":0,"stop":"LIMIT"}
{"condition":150,"total":152,"team":"five0","level":60,"stage":55,"element":"NEUTRAL","wins":3,"losses":0,"seconds":54.12,"materials":108,"rate":119.73392461197339,"rests":0,"stop":"LIMIT"}
{"condition":151,"total":152,"team":"five0","level":60,"stage":60,"element":"NEUTRAL","wins":3,"losses":0,"seconds":92.89999999999999,"materials":240,"rate":155.005382131324,"rests":0,"stop":"LIMIT"}
{"condition":152,"total":152,"team":"five0","level":60,"stage":60,"element":"NEUTRAL","wins":3,"losses":0,"seconds":97.99,"materials":240,"rate":146.95377079293806,"rests":0,"stop":"LIMIT"}
