{"boss":"FB_ANEMO_HYPOSTASIS","inv":"FOUR_C0","seed":717,"policy":"REPEAT","state":"WIN","round":16,"hp":0.34427136870404046,"ko":0,"inputs":16,"revives":2,"reflections":0,"heads":0}
{"boss":"FB_ANEMO_HYPOSTASIS","inv":"FOUR_C0","seed":717,"policy":"MANUAL","state":"WIN","round":12,"hp":0.6430774096623705,"ko":0,"inputs":12,"revives":1,"reflections":0,"heads":0}
{"boss":"FB_ANEMO_HYPOSTASIS","inv":"FIVE_C0","seed":717,"policy":"REPEAT","state":"WIN","round":20,"hp":0.8505437767768868,"ko":0,"inputs":20,"revives":3,"reflections":0,"heads":0}
{"boss":"FB_ANEMO_HYPOSTASIS","inv":"FIVE_C0","seed":717,"policy":"MANUAL","state":"WIN","round":71,"hp":0.9573766890036252,"ko":0,"inputs":71,"revives":13,"reflections":0,"heads":0}
{"boss":"FB_CRYO_HYPOSTASIS","inv":"FOUR_C0","seed":717,"policy":"REPEAT","state":"WIN","round":15,"hp":0.5400240384615385,"ko":1,"inputs":14,"revives":0,"reflections":0,"heads":0}
{"boss":"FB_CRYO_HYPOSTASIS","inv":"FOUR_C0","seed":717,"policy":"MANUAL","state":"WIN","round":19,"hp":0.44318910256410254,"ko":1,"inputs":18,"revives":0,"reflections":0,"heads":0}
{"boss":"FB_CRYO_HYPOSTASIS","inv":"FIVE_C0","seed":717,"policy":"REPEAT","state":"WIN","round":5,"hp":0.9435429153002375,"ko":0,"inputs":3,"revives":0,"reflections":0,"heads":0}
{"boss":"FB_CRYO_HYPOSTASIS","inv":"FIVE_C0","seed":717,"policy":"MANUAL","state":"WIN","round":5,"hp":0.9620603867465792,"ko":0,"inputs":5,"revives":0,"reflections":0,"heads":0}
{"boss":"FB_OCEANID","inv":"FOUR_C0","seed":717,"policy":"REPEAT","state":"WIN","round":5,"hp":0.5258045770263166,"ko":1,"inputs":4,"revives":0,"reflections":0,"heads":0}
{"boss":"FB_OCEANID","inv":"FOUR_C0","seed":717,"policy":"MANUAL","state":"WIN","round":5,"hp":0.5333868334394112,"ko":0,"inputs":4,"revives":0,"reflections":0,"heads":0}
{"boss":"FB_OCEANID","inv":"FIVE_C0","seed":717,"policy":"REPEAT","state":"WIN","round":5,"hp":0.958927852378368,"ko":0,"inputs":4,"revives":0,"reflections":0,"heads":0}
{"boss":"FB_OCEANID","inv":"FIVE_C0","seed":717,"policy":"MANUAL","state":"WIN","round":5,"hp":0.9693797160314431,"ko":0,"inputs":4,"revives":0,"reflections":0,"heads":0}
{"boss":"FB_GEO_HYPOSTASIS","inv":"FOUR_C0","seed":717,"policy":"REPEAT","state":"DEFEAT","round":325,"hp":0.5755090440325625,"ko":1,"inputs":6,"revives":42,"reflections":0,"heads":0}
{"boss":"FB_GEO_HYPOSTASIS","inv":"FOUR_C0","seed":717,"policy":"MANUAL","state":"WIN","round":12,"hp":0.8089080168091111,"ko":0,"inputs":12,"revives":0,"reflections":0,"heads":0}
{"boss":"FB_GEO_HYPOSTASIS","inv":"FIVE_C0","seed":717,"policy":"REPEAT","state":"WIN","round":6,"hp":0.9951802403204273,"ko":0,"inputs":6,"revives":0,"reflections":0,"heads":0}
{"boss":"FB_GEO_HYPOSTASIS","inv":"FIVE_C0","seed":717,"policy":"MANUAL","state":"WIN","round":6,"hp":1,"ko":0,"inputs":6,"revives":0,"reflections":0,"heads":0}
{"boss":"FB_PRIMO_GEOVISHAP","inv":"FOUR_C0","seed":717,"policy":"REPEAT","state":"DEFEAT","round":18,"hp":0,"ko":4,"inputs":4,"revives":0,"reflections":3,"heads":0}
{"boss":"FB_PRIMO_GEOVISHAP","inv":"FOUR_C0","seed":717,"policy":"MANUAL","state":"WIN","round":9,"hp":0.5286254961691129,"ko":0,"inputs":8,"revives":0,"reflections":3,"heads":0}
{"boss":"FB_PRIMO_GEOVISHAP","inv":"FIVE_C0","seed":717,"policy":"REPEAT","state":"WIN","round":6,"hp":0.9187841396800625,"ko":0,"inputs":6,"revives":0,"reflections":2,"heads":0}
{"boss":"FB_PRIMO_GEOVISHAP","inv":"FIVE_C0","seed":717,"policy":"MANUAL","state":"WIN","round":7,"hp":1,"ko":0,"inputs":6,"revives":0,"reflections":2,"heads":0}
{"boss":"FB_RUIN_SERPENT","inv":"FOUR_C0","seed":717,"policy":"REPEAT","state":"DEFEAT","round":86,"hp":0,"ko":4,"inputs":13,"revives":0,"reflections":0,"heads":21}
{"boss":"FB_RUIN_SERPENT","inv":"FOUR_C0","seed":717,"policy":"MANUAL","state":"WIN","round":21,"hp":0.6887118091645174,"ko":0,"inputs":16,"revives":0,"reflections":0,"heads":5}
{"boss":"FB_RUIN_SERPENT","inv":"FIVE_C0","seed":717,"policy":"REPEAT","state":"WIN","round":8,"hp":0.9841348497156783,"ko":0,"inputs":8,"revives":0,"reflections":0,"heads":2}
{"boss":"FB_RUIN_SERPENT","inv":"FIVE_C0","seed":717,"policy":"MANUAL","state":"WIN","round":8,"hp":1,"ko":0,"inputs":8,"revives":0,"reflections":0,"heads":2}
