node:fs:622
  return binding.open(
                 ^

Error: ENOENT: no such file or directory, open 'docs/data/abyss_audit_v01625/native/last_pyro_cases.json'
    at Object.openSync (node:fs:622:18)
    at Object.readFileSync (node:fs:488:35)
    at Object.<anonymous> (/workspace/scratch/a62414469990/crpg-v01618-work/genshin-crpg/docs/data/abyss_audit_v01625/native/audit_native.cjs:10:27)
    at Module._compile (node:internal/modules/cjs/loader:1872:14)
    at Object..js (node:internal/modules/cjs/loader:2003:10)
    at Module.load (node:internal/modules/cjs/loader:1594:32)
    at Module._load (node:internal/modules/cjs/loader:1396:12)
    at wrapModuleLoad (node:internal/modules/cjs/loader:255:19)
    at Module.executeUserEntryPoint [as runMain] (node:internal/modules/run_main:154:5)
    at node:internal/main/run_main_module:33:47 {
  errno: -2,
  code: 'ENOENT',
  syscall: 'open',
  path: 'docs/data/abyss_audit_v01625/native/last_pyro_cases.json'
}

Node.js v24.19.0
