PASS new4_two_timeouts_then_real_counter:FB_ANEMO_HYPOSTASIS
PASS new4_two_timeouts_then_real_counter:FB_ELECTRO_HYPOSTASIS
PASS new4_two_timeouts_then_real_counter:FB_GEO_HYPOSTASIS
PASS new4_two_timeouts_then_real_counter:FB_CRYO_HYPOSTASIS
PASS legacy_one_timeout_then_body_kill:2:FB_ANEMO_HYPOSTASIS
PASS legacy_one_timeout_then_body_kill:2:FB_ELECTRO_HYPOSTASIS
PASS legacy_one_timeout_then_body_kill:2:FB_GEO_HYPOSTASIS
PASS legacy_one_timeout_then_body_kill:2:FB_CRYO_HYPOSTASIS
PASS legacy_one_timeout_then_body_kill:unmarked:FB_ANEMO_HYPOSTASIS
PASS legacy_one_timeout_then_body_kill:unmarked:FB_ELECTRO_HYPOSTASIS
PASS legacy_one_timeout_then_body_kill:unmarked:FB_GEO_HYPOSTASIS
PASS legacy_one_timeout_then_body_kill:unmarked:FB_CRYO_HYPOSTASIS
PASS new4_native_air_access_and_typed_delayed_packets
PASS new4_range_scope_does_not_leak_into_nested_reaction_or_throw
PASS new4_native_guoba_ranged_field_reaches_anemo_core
PASS legacy2_air_core_gate_stays_unchanged
PASS repeated_revival_does_not_multiply_final_rewards_or_wins
PASS new_and_saved_behavior_versions_and_cryo_countdown_validation
PASS saved3_repeated_revival_preserved:FB_ANEMO_HYPOSTASIS
PASS saved3_repeated_revival_preserved:FB_ELECTRO_HYPOSTASIS
PASS saved3_repeated_revival_preserved:FB_GEO_HYPOSTASIS
PASS saved3_repeated_revival_preserved:FB_CRYO_HYPOSTASIS
PASS primo_counter_window:4
PASS primo_counter_window:3
PASS primo_counter_window:2
PASS primo_counter_window:unmarked
PASS serpent_next_burrow_closes_armor:4
PASS serpent_next_burrow_closes_armor:3
PASS serpent_next_burrow_closes_armor:2
PASS serpent_next_burrow_closes_armor:unmarked
PASS saved3_air_range_scope_preserved
PASS new4_cryo_hit_count_and_deadline_not_tightened
{"output":"/workspace/scratch/a62414469990/crpg-v01618-work/genshin-crpg/docs/data/balance_v01623/three_engines/source-test_field_boss_strategy_v01623.cjs.json","total":32,"passed":32,"failed":0}
PASS new4_two_timeouts_then_real_counter:FB_ANEMO_HYPOSTASIS
PASS new4_two_timeouts_then_real_counter:FB_ELECTRO_HYPOSTASIS
PASS new4_two_timeouts_then_real_counter:FB_GEO_HYPOSTASIS
PASS new4_two_timeouts_then_real_counter:FB_CRYO_HYPOSTASIS
PASS legacy_one_timeout_then_body_kill:2:FB_ANEMO_HYPOSTASIS
PASS legacy_one_timeout_then_body_kill:2:FB_ELECTRO_HYPOSTASIS
PASS legacy_one_timeout_then_body_kill:2:FB_GEO_HYPOSTASIS
PASS legacy_one_timeout_then_body_kill:2:FB_CRYO_HYPOSTASIS
PASS legacy_one_timeout_then_body_kill:unmarked:FB_ANEMO_HYPOSTASIS
PASS legacy_one_timeout_then_body_kill:unmarked:FB_ELECTRO_HYPOSTASIS
PASS legacy_one_timeout_then_body_kill:unmarked:FB_GEO_HYPOSTASIS
PASS legacy_one_timeout_then_body_kill:unmarked:FB_CRYO_HYPOSTASIS
PASS new4_native_air_access_and_typed_delayed_packets
PASS new4_range_scope_does_not_leak_into_nested_reaction_or_throw
PASS new4_native_guoba_ranged_field_reaches_anemo_core
PASS legacy2_air_core_gate_stays_unchanged
PASS repeated_revival_does_not_multiply_final_rewards_or_wins
PASS new_and_saved_behavior_versions_and_cryo_countdown_validation
PASS saved3_repeated_revival_preserved:FB_ANEMO_HYPOSTASIS
PASS saved3_repeated_revival_preserved:FB_ELECTRO_HYPOSTASIS
PASS saved3_repeated_revival_preserved:FB_GEO_HYPOSTASIS
PASS saved3_repeated_revival_preserved:FB_CRYO_HYPOSTASIS
PASS primo_counter_window:4
PASS primo_counter_window:3
PASS primo_counter_window:2
PASS primo_counter_window:unmarked
PASS serpent_next_burrow_closes_armor:4
PASS serpent_next_burrow_closes_armor:3
PASS serpent_next_burrow_closes_armor:2
PASS serpent_next_burrow_closes_armor:unmarked
PASS saved3_air_range_scope_preserved
PASS new4_cryo_hit_count_and_deadline_not_tightened
{"output":"/workspace/scratch/a62414469990/crpg-v01618-work/genshin-crpg/docs/data/balance_v01623/three_engines/browser-test_field_boss_strategy_v01623.cjs.json","total":32,"passed":32,"failed":0}
PASS new4_two_timeouts_then_real_counter:FB_ANEMO_HYPOSTASIS
PASS new4_two_timeouts_then_real_counter:FB_ELECTRO_HYPOSTASIS
PASS new4_two_timeouts_then_real_counter:FB_GEO_HYPOSTASIS
PASS new4_two_timeouts_then_real_counter:FB_CRYO_HYPOSTASIS
PASS legacy_one_timeout_then_body_kill:2:FB_ANEMO_HYPOSTASIS
PASS legacy_one_timeout_then_body_kill:2:FB_ELECTRO_HYPOSTASIS
PASS legacy_one_timeout_then_body_kill:2:FB_GEO_HYPOSTASIS
PASS legacy_one_timeout_then_body_kill:2:FB_CRYO_HYPOSTASIS
PASS legacy_one_timeout_then_body_kill:unmarked:FB_ANEMO_HYPOSTASIS
PASS legacy_one_timeout_then_body_kill:unmarked:FB_ELECTRO_HYPOSTASIS
PASS legacy_one_timeout_then_body_kill:unmarked:FB_GEO_HYPOSTASIS
PASS legacy_one_timeout_then_body_kill:unmarked:FB_CRYO_HYPOSTASIS
PASS new4_native_air_access_and_typed_delayed_packets
PASS new4_range_scope_does_not_leak_into_nested_reaction_or_throw
PASS new4_native_guoba_ranged_field_reaches_anemo_core
PASS legacy2_air_core_gate_stays_unchanged
PASS repeated_revival_does_not_multiply_final_rewards_or_wins
PASS new_and_saved_behavior_versions_and_cryo_countdown_validation
PASS saved3_repeated_revival_preserved:FB_ANEMO_HYPOSTASIS
PASS saved3_repeated_revival_preserved:FB_ELECTRO_HYPOSTASIS
PASS saved3_repeated_revival_preserved:FB_GEO_HYPOSTASIS
PASS saved3_repeated_revival_preserved:FB_CRYO_HYPOSTASIS
PASS primo_counter_window:4
PASS primo_counter_window:3
PASS primo_counter_window:2
PASS primo_counter_window:unmarked
PASS serpent_next_burrow_closes_armor:4
PASS serpent_next_burrow_closes_armor:3
PASS serpent_next_burrow_closes_armor:2
PASS serpent_next_burrow_closes_armor:unmarked
PASS saved3_air_range_scope_preserved
PASS new4_cryo_hit_count_and_deadline_not_tightened
{"output":"/workspace/scratch/a62414469990/crpg-v01618-work/genshin-crpg/docs/data/balance_v01623/three_engines/server-test_field_boss_strategy_v01623.cjs.json","total":32,"passed":32,"failed":0}
PASS new_daily_marker_precedes_enemy_execution_and_survives_pending_save
PASS new_daily_selected_back_ally_first_max2:ECARD_TARTAGLIA_HYDRO_SWEEP
PASS new_daily_selected_back_ally_first_max2:ECARD_TARTAGLIA_ELECTRO_ARC
PASS new_daily_selected_back_ally_first_max2:ECARD_TARTAGLIA_FOUL_LEGACY_WAVE
PASS new_daily_dead_primary_and_unknown_primary_use_legal_alive_fallback
PASS new_daily_followup_does_not_retarget_after_primary_ko
PASS new_daily_native_guard_still_halves_selected_primary_damage
PASS new_daily_existing_taunt_ai_branch_retains_supplied_primary
PASS new_daily_existing_single_target_unchanged:ECARD_TARTAGLIA_HYDRO_SHOT
PASS new_daily_existing_single_target_unchanged:ECARD_TARTAGLIA_ELECTRO_THRUST
PASS new_daily_existing_single_target_unchanged:ECARD_TARTAGLIA_FOUL_LEGACY_STRIKE
PASS saved_unmarked_daily_keeps_front_slice:ECARD_TARTAGLIA_HYDRO_SWEEP
PASS saved_unmarked_daily_keeps_front_slice:ECARD_TARTAGLIA_ELECTRO_ARC
PASS saved_unmarked_daily_keeps_front_slice:ECARD_TARTAGLIA_FOUL_LEGACY_WAVE
PASS story_tartaglia_retains_old_targets_and_has_no_marker
PASS azhdaha_and_osial_do_not_receive_daily_tartaglia_marker
PASS daily_targeting_save_values_and_scope_are_validated
{"output":"/workspace/scratch/a62414469990/crpg-v01618-work/genshin-crpg/docs/data/balance_v01623/three_engines/source-test_daily_boss_targeting_v01623.cjs.json","total":17,"passed":17,"failed":0,"rawDbUnchanged":true}
PASS new_daily_marker_precedes_enemy_execution_and_survives_pending_save
PASS new_daily_selected_back_ally_first_max2:ECARD_TARTAGLIA_HYDRO_SWEEP
PASS new_daily_selected_back_ally_first_max2:ECARD_TARTAGLIA_ELECTRO_ARC
PASS new_daily_selected_back_ally_first_max2:ECARD_TARTAGLIA_FOUL_LEGACY_WAVE
PASS new_daily_dead_primary_and_unknown_primary_use_legal_alive_fallback
PASS new_daily_followup_does_not_retarget_after_primary_ko
PASS new_daily_native_guard_still_halves_selected_primary_damage
PASS new_daily_existing_taunt_ai_branch_retains_supplied_primary
PASS new_daily_existing_single_target_unchanged:ECARD_TARTAGLIA_HYDRO_SHOT
PASS new_daily_existing_single_target_unchanged:ECARD_TARTAGLIA_ELECTRO_THRUST
PASS new_daily_existing_single_target_unchanged:ECARD_TARTAGLIA_FOUL_LEGACY_STRIKE
PASS saved_unmarked_daily_keeps_front_slice:ECARD_TARTAGLIA_HYDRO_SWEEP
PASS saved_unmarked_daily_keeps_front_slice:ECARD_TARTAGLIA_ELECTRO_ARC
PASS saved_unmarked_daily_keeps_front_slice:ECARD_TARTAGLIA_FOUL_LEGACY_WAVE
PASS story_tartaglia_retains_old_targets_and_has_no_marker
PASS azhdaha_and_osial_do_not_receive_daily_tartaglia_marker
PASS daily_targeting_save_values_and_scope_are_validated
{"output":"/workspace/scratch/a62414469990/crpg-v01618-work/genshin-crpg/docs/data/balance_v01623/three_engines/browser-test_daily_boss_targeting_v01623.cjs.json","total":17,"passed":17,"failed":0,"rawDbUnchanged":true}
PASS new_daily_marker_precedes_enemy_execution_and_survives_pending_save
PASS new_daily_selected_back_ally_first_max2:ECARD_TARTAGLIA_HYDRO_SWEEP
PASS new_daily_selected_back_ally_first_max2:ECARD_TARTAGLIA_ELECTRO_ARC
PASS new_daily_selected_back_ally_first_max2:ECARD_TARTAGLIA_FOUL_LEGACY_WAVE
PASS new_daily_dead_primary_and_unknown_primary_use_legal_alive_fallback
PASS new_daily_followup_does_not_retarget_after_primary_ko
PASS new_daily_native_guard_still_halves_selected_primary_damage
PASS new_daily_existing_taunt_ai_branch_retains_supplied_primary
PASS new_daily_existing_single_target_unchanged:ECARD_TARTAGLIA_HYDRO_SHOT
PASS new_daily_existing_single_target_unchanged:ECARD_TARTAGLIA_ELECTRO_THRUST
PASS new_daily_existing_single_target_unchanged:ECARD_TARTAGLIA_FOUL_LEGACY_STRIKE
PASS saved_unmarked_daily_keeps_front_slice:ECARD_TARTAGLIA_HYDRO_SWEEP
PASS saved_unmarked_daily_keeps_front_slice:ECARD_TARTAGLIA_ELECTRO_ARC
PASS saved_unmarked_daily_keeps_front_slice:ECARD_TARTAGLIA_FOUL_LEGACY_WAVE
PASS story_tartaglia_retains_old_targets_and_has_no_marker
PASS azhdaha_and_osial_do_not_receive_daily_tartaglia_marker
PASS daily_targeting_save_values_and_scope_are_validated
{"output":"/workspace/scratch/a62414469990/crpg-v01618-work/genshin-crpg/docs/data/balance_v01623/three_engines/server-test_daily_boss_targeting_v01623.cjs.json","total":17,"passed":17,"failed":0,"rawDbUnchanged":true}
{"total":147,"passed":147,"failed":0,"engineFingerprint":"engine3-36c3def16949b2fc3577bd965e94d3a4e5cfec2661283b433070cd28d15f7f70"}
