{"recipes":108,"categories":{"LEGACY_DISABLED":2,"RECOVERY":45,"BUFF":61},"ingredients":56,"foodItemsWithoutRecipe":0,"recoveryCurrentMissing":[{"food":"FOOD_SNEZ_GLUPOV_RYE_BREAD","missing":["ING_RYE"]},{"food":"FOOD_SNEZ_BERRY_ICE_CREAM","missing":["ING_ICE_STAR_FRUIT"]}]}
┌─────────┬────────────────────────┬────────────────────────────────┬──────┬──────┬──────────────────────────────────────────────────────┬──────┬─────────────────────┬─────────────────────┬────────────┬──────────────────────┬────────────────────────────────────────────────────────────┐
│ (index) │ name                   │ food                           │ base │ cook │ items                                                │ cash │ field               │ fieldOpt            │ processing │ missing              │ unlock                                                     │
├─────────┼────────────────────────┼────────────────────────────────┼──────┼──────┼──────────────────────────────────────────────────────┼──────┼─────────────────────┼─────────────────────┼────────────┼──────────────────────┼────────────────────────────────────────────────────────────┤
│ 0       │ '티바트 달걀 프라이'   │ 'FOOD_TEA_BREAK_PANCAKE'       │ 90   │ 4    │ '새알×1'                                             │ 4    │ 0.25396825396825395 │ 0.25396825396825395 │ 0          │ ''                   │ '전투 중 아님'                                             │
│ 1       │ '달콤달콤 닭고기 스튜' │ 'FOOD_SWEET_MADAME'            │ 180  │ 4    │ '새고기×2 · 달콤달콤꽃×2'                            │ 4    │ 1.5407407407407407  │ 1.5407407407407407  │ 0          │ ''                   │ '전투 중 아님'                                             │
│ 2       │ '몬드 감자전'          │ 'FOOD_HASH_BROWN'              │ 340  │ 2    │ '솔방울×2 · 감자×1 · 과일잼×1'                       │ 42   │ 5.229629629629629   │ 5.229629629629629   │ 1          │ ''                   │ '전투 중 아님'                                             │
│ 3       │ '버섯고기말이'         │ 'FOOD_MATSUTAKE_ROLL'          │ 300  │ 2    │ '송이버섯×2 · 짐승고기×2'                            │ 2    │ 3.659259259259259   │ 3.659259259259259   │ 0          │ ''                   │ '전투 중 아님'                                             │
│ 4       │ '세계 평화'            │ 'FOOD_UNIVERSAL_PEACE'         │ 280  │ 3    │ '쌀×2 · 연꽃받침×1 · 당근×1 · 라즈베리×1'            │ 63   │ 1.8455026455026458  │ 1.8455026455026458  │ 0          │ ''                   │ '전투 중 아님'                                             │
│ 5       │ '버섯피자'             │ 'FOOD_PIZZA'                   │ 260  │ 4    │ '버섯×3 · 밀가루×2 · 양배추×1 · 치즈×1'              │ 110  │ 0.7407407407407408  │ 0.7407407407407408  │ 0          │ ''                   │ '전투 중 아님'                                             │
│ 6       │ '벚꽃 모찌'            │ 'FOOD_SAKURA_MOCHI'            │ 190  │ 3    │ '쌀×2 · 설탕×1 · 달콤달콤꽃×1'                       │ 87   │ 0.41481481481481486 │ 0.41481481481481486 │ 0          │ ''                   │ '전투 중 아님'                                             │
│ 7       │ '타친'                 │ 'FOOD_TAHCHIN'                 │ 240  │ 3    │ '쌀×2 · 새고기×1 · 생선 살코기×1'                    │ 63   │ 0.6888888888888889  │ 0.6888888888888889  │ 0          │ ''                   │ '전투 중 아님'                                             │
│ 8       │ '글루포프 호밀빵'      │ 'FOOD_SNEZ_GLUPOV_RYE_BREAD'   │ 200  │ 3    │ '호밀 가루×2 · 소금×1 · 설탕×1'                      │ 37   │ null                │ null                │ 1          │ 'ING_RYE'            │ '전투 중 아님'                                             │
│ 9       │ '베리 아이스크림'      │ 'FOOD_SNEZ_BERRY_ICE_CREAM'    │ 200  │ 3    │ '얼음별 열매×2 · 크림×1 · 달콤달콤꽃×1'              │ 23   │ null                │ null                │ 1          │ 'ING_ICE_STAR_FRUIT' │ '전투 중 아님'                                             │
│ 10      │ '옛뜰 훈제 소시지'     │ 'FOOD_SNEZ_OLD_GARDEN_SAUSAGE' │ 250  │ 4    │ '소시지×2 · 후추×1'                                  │ 52   │ 0.8                 │ 0.8                 │ 1          │ ''                   │ 'STK_SNEZ_BUT_001 또는 STK_V014_MOND_SNEZ_REC_01 구매완료' │
│ 11      │ '메도빅'               │ 'FOOD_SNEZ_MEDOVIK'            │ 280  │ 3    │ '밀가루×2 · 사워크림×1 · 달콤달콤꽃×2'               │ 59   │ 0.8296296296296297  │ 0.8296296296296297  │ 1          │ ''                   │ 'STK_SNEZ_BUT_003 또는 STK_V014_MOND_SNEZ_REC_03 구매완료' │
│ 12      │ '자르코예'             │ 'FOOD_SNEZ_ZHARKOYE'           │ 320  │ 3    │ '짐승고기×2 · 감자×2 · 사워크림×1'                   │ 55   │ 0.4                 │ 0.4                 │ 1          │ ''                   │ 'STK_SNEZ_TOL_001 또는 STK_V014_MOND_SNEZ_REC_04 구매완료' │
│ 13      │ '스테이크'             │ 'FOOD_STEAK'                   │ 110  │ 4    │ '짐승고기×2'                                         │ 4    │ 0.4                 │ 0.4                 │ 0          │ ''                   │ '기본 해금'                                                │
│ 14      │ '버섯 닭꼬치'          │ 'FOOD_CHICKEN_SKEWER'          │ 120  │ 3    │ '버섯×1 · 새고기×1'                                  │ 3    │ 0.6024691358024692  │ 0.6024691358024692  │ 0          │ ''                   │ '기본 해금'                                                │
│ 15      │ '몬드 생선구이'        │ 'FOOD_MOND_GRILLED_FISH'       │ 120  │ 3    │ '생선 살코기×1 · 후추×1'                             │ 19   │ 0.3333333333333333  │ 0.3333333333333333  │ 0          │ ''                   │ '기본 해금'                                                │
│ 16      │ '무 수프'              │ 'FOOD_RADISH_SOUP'             │ 110  │ 4    │ '흰 무×1 · 민트×1'                                   │ 4    │ 0.9417989417989417  │ 0.9417989417989417  │ 0          │ ''                   │ '기본 해금'                                                │
│ 17      │ '민트 젤리'            │ 'FOOD_MINT_JELLY'              │ 110  │ 4    │ '민트×1 · 설탕×1'                                    │ 28   │ 0.37037037037037035 │ 0.37037037037037035 │ 0          │ ''                   │ '기본 해금'                                                │
│ 18      │ '장원 팬케이크'        │ 'FOOD_PANCAKE_TEA_BREAK'       │ 240  │ 3    │ '라즈베리×3 · 밀가루×2 · 새알×1'                     │ 39   │ 1.3206349206349206  │ 1.3206349206349206  │ 0          │ ''                   │ 'STK_V014_MOND_REC_02 구매완료'                            │
│ 19      │ '불꽃 미트 스파게티'   │ 'FOOD_BOLOGNESE'               │ 210  │ 4    │ '밀가루×2 · 짐승고기×2 · 토마토×1'                   │ 56   │ 0.4                 │ 0.4                 │ 0          │ ''                   │ 'STK_V014_MOND_REC_06 구매완료'                            │
│ 20      │ '북극 사과고기찜'      │ 'FOOD_APPLE_STEW'              │ 380  │ 3    │ '짐승고기×3 · 사과×3 · 버터×1 · 후추×1'              │ 61   │ 3.888888888888889   │ 3.888888888888889   │ 0          │ ''                   │ 'STK_V014_MOND_REC_10 구매완료'                            │
│ 21      │ '바삭바삭 치킨버거'    │ 'FOOD_CHICKEN_BURGER'          │ 320  │ 4    │ '새고기×3 · 밀가루×2 · 양배추×2 · 버터×1'            │ 114  │ 1.0666666666666667  │ 1.0666666666666667  │ 0          │ ''                   │ 'STK_V014_MOND_REC_12 구매완료'                            │
│ 22      │ '모라육'               │ 'FOOD_MORA_MEAT'               │ 120  │ 4    │ '짐승고기×1 · 밀가루×1'                              │ 22   │ 0.2                 │ 0.2                 │ 0          │ ''                   │ '기본 해금'                                                │
│ 23      │ '고기볶음'             │ 'FOOD_STIR_FRIED_FILET'        │ 180  │ 3    │ '짐승고기×1 · 절운고추×1'                            │ 243  │ 0.2                 │ 0.7714285714285714  │ 0          │ ''                   │ '기본 해금'                                                │
│ 24      │ '수정 새우딤섬'        │ 'FOOD_CRYSTAL_SHRIMP'          │ 220  │ 4    │ '쌀×2 · 생새우살×2 · 당근×1'                         │ 184  │ 0.5714285714285714  │ 0.5714285714285714  │ 0          │ ''                   │ 'STK_V014_LIYUE_REC_05 구매완료'                           │
│ 25      │ '채식 전복'            │ 'FOOD_VEGETARIAN_ABALONE'      │ 360  │ 2    │ '송이버섯×2 · 금어초×2'                              │ 2    │ 6.320987654320987   │ 6.320987654320987   │ 0          │ ''                   │ 'STK_V014_LIYUE_REC_08 구매완료'                           │
│ 26      │ '탕수어'               │ 'FOOD_SQUIRREL_FISH'           │ 380  │ 3    │ '생선 살코기×3 · 토마토×2 · 밀가루×2 · 설탕×1'       │ 95   │ 1                   │ 1                   │ 0          │ ''                   │ 'STK_V014_LIYUE_REC_11 구매완료'                           │
│ 27      │ '황금 새우볼'          │ 'FOOD_SHRIMP_BALLS'            │ 340  │ 3    │ '생새우살×4 · 감자×3 · 밀가루×2'                     │ 327  │ 0                   │ 0                   │ 0          │ ''                   │ 'STK_V014_LIYUE_REC_12 구매완료'                           │
│ 28      │ '죽순 수프'            │ 'FOOD_BAMBOO_SOUP'             │ 400  │ 3    │ '짐승고기×2 · 햄×2 · 죽순×1'                         │ 23   │ 2.177777777777778   │ 2.177777777777778   │ 1          │ ''                   │ 'STK_V014_LIYUE_REC_13 구매완료'                           │
│ 29      │ '삶은 검정 농어'       │ 'FOOD_PERCH_STEW'              │ 440  │ 2    │ '생선 살코기×3 · 절운고추×1 · 소금×1 · 유리주머니×1' │ 492  │ 1                   │ 1.9215969215969215  │ 0          │ ''                   │ 'STK_V014_LIYUE_REC_19 구매완료'                           │
│ 30      │ '꽃게알 야채찜'        │ 'FOOD_CRAB_HAM_BAKE'           │ 400  │ 3    │ '양배추×1 · 꽃게알×1 · 크림×1 · 햄×1'                │ 145  │ 0.4                 │ 1.0137566137566139  │ 3          │ ''                   │ 'STK_V0143_MOND_REC_04 구매완료'                           │
│ 31      │ '바삭 쉬림프 카나페'   │ 'FOOD_POTATO_SHRIMP_PLATTER'   │ 340  │ 4    │ '민트×3 · 라즈베리×2 · 감자×2 · 생새우살×3'          │ 216  │ 1.8222222222222224  │ 1.8222222222222224  │ 0          │ ''                   │ 'STK_V0143_MOND_REC_07 구매완료'                           │
│ 32      │ '흘호어 구이'          │ 'FOOD_GRILLED_TIGER_FISH'      │ 120  │ 3    │ '후추×1 · 생선 살코기×1'                             │ 19   │ 0.3333333333333333  │ 0.3333333333333333  │ 0          │ ''                   │ 'STK_V0143_WANGSHU_REC_01 구매완료'                        │
│ 33      │ '쌀 찐빵'              │ 'FOOD_RICE_BUNS'               │ 110  │ 3    │ '말총×1 · 쌀×1'                                      │ 48   │ 0                   │ 0.4232804232804233  │ 0          │ ''                   │ 'STK_V0143_WANGSHU_REC_02 구매완료'                        │
│ 34      │ '차와 보름달'          │ 'FOOD_FINE_TEA_FULL_MOON'      │ 280  │ 3    │ '새알×2 · 침옥 선잎×2 · 밀가루×2 · 설탕×1'           │ 111  │ 0.5079365079365079  │ 0.5079365079365079  │ 0          │ ''                   │ 'STK_V0143_CHENYU_REC_01 구매완료'                         │
│ 35      │ '옥무늬 찻잎 달걀'     │ 'FOOD_JADEVEIN_TEA_EGGS'       │ 100  │ 3    │ '새알×1 · 침옥 선잎×1'                               │ 27   │ 0.25396825396825395 │ 0.25396825396825395 │ 0          │ ''                   │ 'STK_V0143_CHENYU_REC_02 구매완료'                         │
│ 36      │ '차향 훈제 비둘기'     │ 'FOOD_TEA_SMOKED_SQUAB'        │ 210  │ 3    │ '새고기×2 · 침옥 선잎×2'                             │ 51   │ 0.7111111111111111  │ 0.7111111111111111  │ 0          │ ''                   │ 'STK_V0143_CHENYU_REC_03 구매완료'                         │
│ 37      │ '침옥 차 이슬'         │ 'FOOD_CHENYU_BREW'             │ 90   │ 3    │ '침옥 선잎×2'                                        │ 51   │ 0                   │ 0                   │ 0          │ ''                   │ 'STK_V0143_CHENYU_REC_05 구매완료'                         │
│ 38      │ '꽃게알 두부'          │ 'FOOD_CRAB_ROE_TOFU'           │ 280  │ 3    │ '꽃게알×1 · 두부×1'                                  │ 123  │ 0                   │ 0.6137566137566137  │ 1          │ ''                   │ 'STK_V0143_WANMIN_REC_01 구매완료'                         │
│ 39      │ '명월 딤섬'            │ 'FOOD_FULLMOON_EGG'            │ 420  │ 3    │ '새알×2 · 생선 살코기×3 · 생새우살×2 · 밀가루×1'     │ 141  │ 1.507936507936508   │ 1.507936507936508   │ 0          │ ''                   │ 'STK_V0143_WANMIN_REC_02 구매완료'                         │
│ 40      │ '생선 볶음면'          │ 'FOOD_FISH_NOODLES'            │ 360  │ 3    │ '금어초×2 · 생선 살코기×2 · 쌀×2'                    │ 63   │ 3.728395061728395   │ 3.728395061728395   │ 0          │ ''                   │ 'STK_V0143_WANMIN_REC_04 구매완료'                         │
│ 41      │ '만족의 기쁨'          │ 'FOOD_HUMBLY_ENOUGH'           │ 340  │ 3    │ '절운고추×2 · 두부×2 · 밀가루×1 · 설탕×1'            │ 573  │ 0                   │ 1.1428571428571428  │ 0          │ ''                   │ 'STK_V0143_WANMIN_REC_12 구매완료'                         │
│ 42      │ '꿀 차사오'            │ 'FOOD_HONEY_CHAR_SIU'          │ 120  │ 3    │ '짐승고기×1 · 설탕×1'                                │ 27   │ 0.2                 │ 0.2                 │ 0          │ ''                   │ 'STK_V0143_WANMIN_REC_17 구매완료'                         │
│ 43      │ '풍요 백설기'          │ 'FOOD_LUCKY_SNOW_DELIGHT'      │ 440  │ 2    │ '연꽃받침×2 · 청심×2 · 쌀×2 · 설탕×1'                │ 566  │ 1.8370370370370372  │ 2.503703703703704   │ 0          │ ''                   │ 'STK_V0143_WANMIN_REC_19 구매완료'                         │
│ 44      │ '빛나는 냉옥'          │ 'FOOD_GOLDEN_TEMPERED_JADE'    │ 180  │ 4    │ '새고기×2 · 소금×2'                                  │ 24   │ 0.7111111111111111  │ 0.7111111111111111  │ 0          │ ''                   │ 'STK_V0143_WANMIN_REC_21 구매완료'                         │
└─────────┴────────────────────────┴────────────────────────────────┴──────┴──────┴──────────────────────────────────────────────────────┴──────┴─────────────────────┴─────────────────────┴────────────┴──────────────────────┴────────────────────────────────────────────────────────────┘
