{"kind": "gate_start", "index": 2, "total": 177, "test": "tests/test_noelle_healing_v01621.cjs"}
{"kind": "gate_start", "index": 1, "total": 177, "test": "tests/test_growth_balance_v01621.cjs"}
{"kind": "gate_result", "index": 2, "test": "tests/test_noelle_healing_v01621.cjs", "ok": true, "returnCode": 0, "timedOut": false, "exception": null, "seconds": 18.737, "startedAt": "2026-10-10T02:50:21.672619+00:00", "endedAt": "2026-10-10T02:50:40.409483+00:00", "log": "logs/002_test_noelle_healing_v01621.cjs.log.gz", "logBytes": 555, "logSha256": "428de569bc15dd86170d8fe5ae88378ecf8cda51a231cd97d224e889e1ecaff0", "failureClassification": null}
{"kind": "gate_start", "index": 3, "total": 177, "test": "tests/test_weekly_retirement_v01621.cjs"}
{"kind": "gate_result", "index": 3, "test": "tests/test_weekly_retirement_v01621.cjs", "ok": true, "returnCode": 0, "timedOut": false, "exception": null, "seconds": 3.23, "startedAt": "2026-10-10T02:50:40.410649+00:00", "endedAt": "2026-10-10T02:50:43.640659+00:00", "log": "logs/003_test_weekly_retirement_v01621.cjs.log.gz", "logBytes": 52, "logSha256": "efe83de1c4956f94dc06a41439c9ef72fa02e84f0eafd027780b1efa92196d8c", "failureClassification": null}
{"kind": "gate_start", "index": 4, "total": 177, "test": "tests/test_food_balance_v01620.cjs"}
{"kind": "gate_result", "index": 1, "test": "tests/test_growth_balance_v01621.cjs", "ok": true, "returnCode": 0, "timedOut": false, "exception": null, "seconds": 23.021, "startedAt": "2026-10-10T02:50:21.672855+00:00", "endedAt": "2026-10-10T02:50:44.693501+00:00", "log": "logs/001_test_growth_balance_v01621.cjs.log.gz", "logBytes": 819, "logSha256": "59696e0f102a84c04cb4505ea5e6d1f32dd7dcbdbcc12b936381faf3c317ee2d", "failureClassification": null}
{"kind": "gate_start", "index": 5, "total": 177, "test": "tests/test_reaction_fixes_v01619.cjs"}
{"kind": "gate_result", "index": 4, "test": "tests/test_food_balance_v01620.cjs", "ok": true, "returnCode": 0, "timedOut": false, "exception": null, "seconds": 21.023, "startedAt": "2026-10-10T02:50:43.641791+00:00", "endedAt": "2026-10-10T02:51:04.664558+00:00", "log": "logs/004_test_food_balance_v01620.cjs.log.gz", "logBytes": 1341, "logSha256": "37009c13a6df23e98130fe83f271f5eac6b1124514a8a0f7caee2313dfce007e", "failureClassification": null}
{"kind": "gate_start", "index": 6, "total": 177, "test": "tests/test_control_grace_v01619.cjs"}
{"kind": "gate_result", "index": 6, "test": "tests/test_control_grace_v01619.cjs", "ok": true, "returnCode": 0, "timedOut": false, "exception": null, "seconds": 9.949, "startedAt": "2026-10-10T02:51:04.665550+00:00", "endedAt": "2026-10-10T02:51:14.614813+00:00", "log": "logs/006_test_control_grace_v01619.cjs.log.gz", "logBytes": 2469, "logSha256": "ec5d8e8e2cbbfcb9242f517ca137f07de5be99c05f136dd1a2ec279ed09e9678", "failureClassification": null}
{"kind": "gate_start", "index": 7, "total": 177, "test": "tests/test_healing_v01619.cjs"}
{"kind": "gate_result", "index": 7, "test": "tests/test_healing_v01619.cjs", "ok": true, "returnCode": 0, "timedOut": false, "exception": null, "seconds": 16.982, "startedAt": "2026-10-10T02:51:14.616357+00:00", "endedAt": "2026-10-10T02:51:31.598151+00:00", "log": "logs/007_test_healing_v01619.cjs.log.gz", "logBytes": 484, "logSha256": "b8d57e7be61649a6e4166ce82dfebec72fa2069c92d74a45f1bfe97e1c84a0f0", "failureClassification": null}
{"kind": "gate_start", "index": 8, "total": 177, "test": "tests/test_shield_balance_v01619.cjs"}
{"kind": "gate_result", "index": 5, "test": "tests/test_reaction_fixes_v01619.cjs", "ok": true, "returnCode": 0, "timedOut": false, "exception": null, "seconds": 59.136, "startedAt": "2026-10-10T02:50:44.697974+00:00", "endedAt": "2026-10-10T02:51:43.833504+00:00", "log": "logs/005_test_reaction_fixes_v01619.cjs.log.gz", "logBytes": 3380, "logSha256": "b358c801b81da7ddf1fbce48f2da11f8231178f0f96d5fbd77595857ea2e4156", "failureClassification": null}
{"kind": "gate_start", "index": 9, "total": 177, "test": "tests/test_shield_meter_v01619.cjs"}
{"kind": "gate_result", "index": 8, "test": "tests/test_shield_balance_v01619.cjs", "ok": true, "returnCode": 0, "timedOut": false, "exception": null, "seconds": 12.278, "startedAt": "2026-10-10T02:51:31.599500+00:00", "endedAt": "2026-10-10T02:51:43.877828+00:00", "log": "logs/008_test_shield_balance_v01619.cjs.log.gz", "logBytes": 1043, "logSha256": "d2c95bce77ae8891863436ec613977a8fe63260f0578e5a41a0e300032ef7052", "failureClassification": null}
{"kind": "gate_start", "index": 10, "total": 177, "test": "tests/test_shield_playback_v01619.cjs"}
{"kind": "gate_result", "index": 9, "test": "tests/test_shield_meter_v01619.cjs", "ok": true, "returnCode": 0, "timedOut": false, "exception": null, "seconds": 0.117, "startedAt": "2026-10-10T02:51:43.834342+00:00", "endedAt": "2026-10-10T02:51:43.950900+00:00", "log": "logs/009_test_shield_meter_v01619.cjs.log.gz", "logBytes": 370, "logSha256": "066e7c1f39a4959b6b30bfe6180648e6fc897852d711c93cccd3c00ee3c44f3f", "failureClassification": null}
{"kind": "gate_start", "index": 11, "total": 177, "test": "tools/test_boss_boundaries_v01619.cjs"}
{"kind": "gate_result", "index": 10, "test": "tests/test_shield_playback_v01619.cjs", "ok": true, "returnCode": 0, "timedOut": false, "exception": null, "seconds": 0.115, "startedAt": "2026-10-10T02:51:43.879023+00:00", "endedAt": "2026-10-10T02:51:43.993649+00:00", "log": "logs/010_test_shield_playback_v01619.cjs.log.gz", "logBytes": 112, "logSha256": "85f18ea2c2efaeba20022bf88d8546ef411e8878a39e3e8728dbdb9ff42ede32", "failureClassification": null}
{"kind": "gate_start", "index": 12, "total": 177, "test": "tools/test_other_healers_v01619.cjs"}
{"kind": "gate_result", "index": 12, "test": "tools/test_other_healers_v01619.cjs", "ok": true, "returnCode": 0, "timedOut": false, "exception": null, "seconds": 16.437, "startedAt": "2026-10-10T02:51:43.994813+00:00", "endedAt": "2026-10-10T02:52:00.431882+00:00", "log": "logs/012_test_other_healers_v01619.cjs.log.gz", "logBytes": 865, "logSha256": "6fb408e67f869c0db846bdc5582c9724c4008f0f9e93df6e6b59acf9b53f8496", "failureClassification": null}
{"kind": "gate_start", "index": 13, "total": 177, "test": "tests/test_element_immunity_v01618.cjs"}
{"kind": "gate_result", "index": 11, "test": "tools/test_boss_boundaries_v01619.cjs", "ok": true, "returnCode": 0, "timedOut": false, "exception": null, "seconds": 24.585, "startedAt": "2026-10-10T02:51:43.951724+00:00", "endedAt": "2026-10-10T02:52:08.536695+00:00", "log": "logs/011_test_boss_boundaries_v01619.cjs.log.gz", "logBytes": 1233, "logSha256": "223b89ede99010d8085958c5f91653a568061594e2a10dcbd15fa999832ffe36", "failureClassification": null}
{"kind": "gate_start", "index": 14, "total": 177, "test": "tests/test_monster_control_fixes_v01618.cjs"}
{"kind": "gate_result", "index": 14, "test": "tests/test_monster_control_fixes_v01618.cjs", "ok": true, "returnCode": 0, "timedOut": false, "exception": null, "seconds": 13.912, "startedAt": "2026-10-10T02:52:08.537773+00:00", "endedAt": "2026-10-10T02:52:22.449347+00:00", "log": "logs/014_test_monster_control_fixes_v01618.cjs.log.gz", "logBytes": 3668, "logSha256": "dc0d947af1105b3dde10ad1f7fa5a80661908770212dc2834521c5e0cfdfb0d1", "failureClassification": null}
{"kind": "gate_start", "index": 15, "total": 177, "test": "tools/test_field_boss_immunity_v01618.cjs"}
{"kind": "gate_result", "index": 13, "test": "tests/test_element_immunity_v01618.cjs", "ok": true, "returnCode": 0, "timedOut": false, "exception": null, "seconds": 36.207, "startedAt": "2026-10-10T02:52:00.432930+00:00", "endedAt": "2026-10-10T02:52:36.640158+00:00", "log": "logs/013_test_element_immunity_v01618.cjs.log.gz", "logBytes": 950, "logSha256": "fea3973d21283a33ccebf041facb0105a38be8b2f002baa7fd25c006b831869c", "failureClassification": null}
{"kind": "gate_start", "index": 16, "total": 177, "test": "tests/test_shop_supply_v01618.cjs"}
{"kind": "gate_result", "index": 16, "test": "tests/test_shop_supply_v01618.cjs", "ok": true, "returnCode": 0, "timedOut": false, "exception": null, "seconds": 7.446, "startedAt": "2026-10-10T02:52:36.641177+00:00", "endedAt": "2026-10-10T02:52:44.087150+00:00", "log": "logs/016_test_shop_supply_v01618.cjs.log.gz", "logBytes": 575, "logSha256": "c885be844f621da2c32cdff5f88a1f50858abc699ac4617051e15d4c3f60e887", "failureClassification": null}
{"kind": "gate_start", "index": 17, "total": 177, "test": "tests/test_protagonist_support_v01618.cjs"}
{"kind": "gate_result", "index": 17, "test": "tests/test_protagonist_support_v01618.cjs", "ok": true, "returnCode": 0, "timedOut": false, "exception": null, "seconds": 16.532, "startedAt": "2026-10-10T02:52:44.088302+00:00", "endedAt": "2026-10-10T02:53:00.620322+00:00", "log": "logs/017_test_protagonist_support_v01618.cjs.log.gz", "logBytes": 976, "logSha256": "fa7e897d75b5514c0a0fd9df4149fcf0333c5340bdc195e17702bfc95c135efb", "failureClassification": null}
{"kind": "gate_start", "index": 18, "total": 177, "test": "tests/test_food_lodging_v01617.cjs"}
{"kind": "gate_result", "index": 15, "test": "tools/test_field_boss_immunity_v01618.cjs", "ok": true, "returnCode": 0, "timedOut": false, "exception": null, "seconds": 46.848, "startedAt": "2026-10-10T02:52:22.451077+00:00", "endedAt": "2026-10-10T02:53:09.299487+00:00", "log": "logs/015_test_field_boss_immunity_v01618.cjs.log.gz", "logBytes": 1375, "logSha256": "33df3842e353e06231312ccf1d118568808c7d3f0694b335e1dc5b884822861d", "failureClassification": null}
{"kind": "gate_start", "index": 19, "total": 177, "test": "tests/test_material_rewards_v01616.cjs"}
{"kind": "gate_result", "index": 18, "test": "tests/test_food_lodging_v01617.cjs", "ok": true, "returnCode": 0, "timedOut": false, "exception": null, "seconds": 48.124, "startedAt": "2026-10-10T02:53:00.621607+00:00", "endedAt": "2026-10-10T02:53:48.745368+00:00", "log": "logs/018_test_food_lodging_v01617.cjs.log.gz", "logBytes": 975, "logSha256": "286ee78ee0efb80cf340019970fac2a77fc9b520e53a403708d013c589d4131f", "failureClassification": null}
{"kind": "gate_start", "index": 20, "total": 177, "test": "tests/test_inn_recovery_pricing_v01615.cjs"}
{"kind": "gate_result", "index": 20, "test": "tests/test_inn_recovery_pricing_v01615.cjs", "ok": true, "returnCode": 0, "timedOut": false, "exception": null, "seconds": 16.823, "startedAt": "2026-10-10T02:53:48.747294+00:00", "endedAt": "2026-10-10T02:54:05.570288+00:00", "log": "logs/020_test_inn_recovery_pricing_v01615.cjs.log.gz", "logBytes": 1215, "logSha256": "db4e773fbaf942e6e9bb89e2444426ec6f8572e9df582dd851fabedccfe53ba5", "failureClassification": null}
{"kind": "gate_start", "index": 21, "total": 177, "test": "tests/test_material_budget_v01615.cjs"}
{"kind": "gate_result", "index": 21, "test": "tests/test_material_budget_v01615.cjs", "ok": true, "returnCode": 0, "timedOut": false, "exception": null, "seconds": 26.384, "startedAt": "2026-10-10T02:54:05.572249+00:00", "endedAt": "2026-10-10T02:54:31.956446+00:00", "log": "logs/021_test_material_budget_v01615.cjs.log.gz", "logBytes": 812, "logSha256": "739d173fbfb66297618ae04fbb9bdc2620e68eade76216be34217a18eedd2939", "failureClassification": null}
{"kind": "gate_start", "index": 22, "total": 177, "test": "tests/test_ascension_balance_v01614.cjs"}
{"kind": "gate_result", "index": 19, "test": "tests/test_material_rewards_v01616.cjs", "ok": true, "returnCode": 0, "timedOut": false, "exception": null, "seconds": 145.819, "startedAt": "2026-10-10T02:53:09.300959+00:00", "endedAt": "2026-10-10T02:55:35.119521+00:00", "log": "logs/019_test_material_rewards_v01616.cjs.log.gz", "logBytes": 1389, "logSha256": "eb817331370d3c9907f167b7cdc4a980c13bfaed92054560bc86b45d5a06a962", "failureClassification": null}
{"kind": "gate_start", "index": 23, "total": 177, "test": "tests/test_ascension_efficiency_v01613.cjs"}
{"kind": "gate_result", "index": 22, "test": "tests/test_ascension_balance_v01614.cjs", "ok": true, "returnCode": 0, "timedOut": false, "exception": null, "seconds": 66.858, "startedAt": "2026-10-10T02:54:31.958222+00:00", "endedAt": "2026-10-10T02:55:38.816637+00:00", "log": "logs/022_test_ascension_balance_v01614.cjs.log.gz", "logBytes": 1370, "logSha256": "f2dd09d262c20d47e6c0edcc0952990e969a86014384c31588738595eee57393", "failureClassification": null}
{"kind": "gate_start", "index": 24, "total": 177, "test": "tests/test_starlight_price_v01613.cjs"}
{"kind": "gate_result", "index": 24, "test": "tests/test_starlight_price_v01613.cjs", "ok": true, "returnCode": 0, "timedOut": false, "exception": null, "seconds": 7.806, "startedAt": "2026-10-10T02:55:38.818340+00:00", "endedAt": "2026-10-10T02:55:46.624291+00:00", "log": "logs/024_test_starlight_price_v01613.cjs.log.gz", "logBytes": 548, "logSha256": "4dad5ab45642b22e57a0d2001f49242b2259804147dba6ebdbcee87c2797e347", "failureClassification": null}
{"kind": "gate_start", "index": 25, "total": 177, "test": "tests/test_katheryne_facility_v01613.cjs"}
{"kind": "gate_result", "index": 25, "test": "tests/test_katheryne_facility_v01613.cjs", "ok": true, "returnCode": 0, "timedOut": false, "exception": null, "seconds": 6.092, "startedAt": "2026-10-10T02:55:46.626076+00:00", "endedAt": "2026-10-10T02:55:52.718096+00:00", "log": "logs/025_test_katheryne_facility_v01613.cjs.log.gz", "logBytes": 751, "logSha256": "94252caf225c1ee2075a19903523e99efbbba2f82b29e8db3de489ad970ed51d", "failureClassification": null}
{"kind": "gate_start", "index": 26, "total": 177, "test": "tests/test_task_wording_v01613.cjs"}
{"kind": "gate_result", "index": 26, "test": "tests/test_task_wording_v01613.cjs", "ok": true, "returnCode": 0, "timedOut": false, "exception": null, "seconds": 5.283, "startedAt": "2026-10-10T02:55:52.719097+00:00", "endedAt": "2026-10-10T02:55:58.002096+00:00", "log": "logs/026_test_task_wording_v01613.cjs.log.gz", "logBytes": 563, "logSha256": "2a1d29f68029e7d9a396d2aabcf70d326f641ef741cbc673940fe04673ee776f", "failureClassification": null}
{"kind": "gate_start", "index": 27, "total": 177, "test": "tests/test_task_branches_v01612.cjs"}
{"kind": "gate_result", "index": 23, "test": "tests/test_ascension_efficiency_v01613.cjs", "ok": true, "returnCode": 0, "timedOut": false, "exception": null, "seconds": 26.414, "startedAt": "2026-10-10T02:55:35.120722+00:00", "endedAt": "2026-10-10T02:56:01.534866+00:00", "log": "logs/023_test_ascension_efficiency_v01613.cjs.log.gz", "logBytes": 680, "logSha256": "582128cae9d9353c2c53d845cd317eaca3c016277a6dd1fc9615d21ec18265b6", "failureClassification": null}
{"kind": "gate_start", "index": 28, "total": 177, "test": "tests/test_task_branches_v01611.cjs"}
{"kind": "gate_result", "index": 27, "test": "tests/test_task_branches_v01612.cjs", "ok": true, "returnCode": 0, "timedOut": false, "exception": null, "seconds": 25.639, "startedAt": "2026-10-10T02:55:58.003147+00:00", "endedAt": "2026-10-10T02:56:23.642270+00:00", "log": "logs/027_test_task_branches_v01612.cjs.log.gz", "logBytes": 1190, "logSha256": "e412e3a4be0a8342a131a274c867da3d5a5d18bb86f381af4f6a8a2e3015b2e8", "failureClassification": null}
{"kind": "gate_start", "index": 29, "total": 177, "test": "tests/test_tasks_v0169.cjs"}
{"kind": "gate_result", "index": 28, "test": "tests/test_task_branches_v01611.cjs", "ok": true, "returnCode": 0, "timedOut": false, "exception": null, "seconds": 45.288, "startedAt": "2026-10-10T02:56:01.536562+00:00", "endedAt": "2026-10-10T02:56:46.824430+00:00", "log": "logs/028_test_task_branches_v01611.cjs.log.gz", "logBytes": 1992, "logSha256": "9bc88b73a9977f83216028827b60a8a0169468ea087d50f6895f7d15d1ede0de", "failureClassification": null}
{"kind": "gate_start", "index": 30, "total": 177, "test": "tests/test_task_catalog_v0169.cjs"}
{"kind": "gate_result", "index": 30, "test": "tests/test_task_catalog_v0169.cjs", "ok": true, "returnCode": 0, "timedOut": false, "exception": null, "seconds": 0.115, "startedAt": "2026-10-10T02:56:46.826081+00:00", "endedAt": "2026-10-10T02:56:46.941038+00:00", "log": "logs/030_test_task_catalog_v0169.cjs.log.gz", "logBytes": 125, "logSha256": "608a87eaf11472f00dd47c83c5836d3c7106f5651b8adc58f5079b2a8f17c3fd", "failureClassification": null}
{"kind": "gate_start", "index": 31, "total": 177, "test": "tests/test_task_learning_delivery_v0169.cjs"}
{"kind": "gate_result", "index": 29, "test": "tests/test_tasks_v0169.cjs", "ok": true, "returnCode": 0, "timedOut": false, "exception": null, "seconds": 32.634, "startedAt": "2026-10-10T02:56:23.643461+00:00", "endedAt": "2026-10-10T02:56:56.277122+00:00", "log": "logs/029_test_tasks_v0169.cjs.log.gz", "logBytes": 798, "logSha256": "466c7013fc9aa7b63670442f8092718156190134bb03279c3f23770a79c149cd", "failureClassification": null}
{"kind": "gate_start", "index": 32, "total": 177, "test": "tests/test_task_board_v0169.cjs"}
{"kind": "gate_result", "index": 32, "test": "tests/test_task_board_v0169.cjs", "ok": true, "returnCode": 0, "timedOut": false, "exception": null, "seconds": 3.985, "startedAt": "2026-10-10T02:56:56.278908+00:00", "endedAt": "2026-10-10T02:57:00.264334+00:00", "log": "logs/032_test_task_board_v0169.cjs.log.gz", "logBytes": 559, "logSha256": "52b4a148ac21609eb4ca21a4faf3114e444201fba878fe403263397268c99c9f", "failureClassification": null}
{"kind": "gate_start", "index": 33, "total": 177, "test": "tests/test_battle_inspection_v0169.cjs"}
{"kind": "gate_result", "index": 31, "test": "tests/test_task_learning_delivery_v0169.cjs", "ok": true, "returnCode": 0, "timedOut": false, "exception": null, "seconds": 15.081, "startedAt": "2026-10-10T02:56:46.942557+00:00", "endedAt": "2026-10-10T02:57:02.023302+00:00", "log": "logs/031_test_task_learning_delivery_v0169.cjs.log.gz", "logBytes": 1368, "logSha256": "737cdd04bb75e7dabdd384855c4e8e108d01d6f1d8781779820378bf5a5d4a1d", "failureClassification": null}
{"kind": "gate_start", "index": 34, "total": 177, "test": "tests/test_skill_owner_v0169.cjs"}
{"kind": "gate_result", "index": 33, "test": "tests/test_battle_inspection_v0169.cjs", "ok": true, "returnCode": 0, "timedOut": false, "exception": null, "seconds": 12.162, "startedAt": "2026-10-10T02:57:00.266052+00:00", "endedAt": "2026-10-10T02:57:12.427638+00:00", "log": "logs/033_test_battle_inspection_v0169.cjs.log.gz", "logBytes": 1463, "logSha256": "4fa52279f62393746bf5b4f4323d9af67cf39f9631b5876c186d1f9c3f045954", "failureClassification": null}
{"kind": "gate_start", "index": 35, "total": 177, "test": "tests/test_live_actor_playback_v0169.cjs"}
{"kind": "gate_result", "index": 35, "test": "tests/test_live_actor_playback_v0169.cjs", "ok": true, "returnCode": 0, "timedOut": false, "exception": null, "seconds": 3.786, "startedAt": "2026-10-10T02:57:12.428946+00:00", "endedAt": "2026-10-10T02:57:16.214551+00:00", "log": "logs/035_test_live_actor_playback_v0169.cjs.log.gz", "logBytes": 2321, "logSha256": "bb2789b0f953a218240e40b15bfaeb678fa75753ab6f9e79372b80aa3574d9b1", "failureClassification": null}
{"kind": "gate_start", "index": 36, "total": 177, "test": "tests/test_task_materials_v0169.cjs"}
{"kind": "gate_result", "index": 34, "test": "tests/test_skill_owner_v0169.cjs", "ok": true, "returnCode": 0, "timedOut": false, "exception": null, "seconds": 34.157, "startedAt": "2026-10-10T02:57:02.024780+00:00", "endedAt": "2026-10-10T02:57:36.181457+00:00", "log": "logs/034_test_skill_owner_v0169.cjs.log.gz", "logBytes": 431, "logSha256": "55425b376a32bc52633ed914ec71ae5c1ee007dca8282c12eeda364576c637ad", "failureClassification": null}
{"kind": "gate_start", "index": 37, "total": 177, "test": "tools/audit_task_materials_v0169.cjs"}
{"kind": "gate_result", "index": 37, "test": "tools/audit_task_materials_v0169.cjs", "ok": true, "returnCode": 0, "timedOut": false, "exception": null, "seconds": 9.357, "startedAt": "2026-10-10T02:57:36.183245+00:00", "endedAt": "2026-10-10T02:57:45.539937+00:00", "log": "logs/037_audit_task_materials_v0169.cjs.log.gz", "logBytes": 237, "logSha256": "4fd1160d15285b6371ce2116084713547c454e9c587005cf89aad5cbafd96ccc", "failureClassification": null}
{"kind": "gate_start", "index": 38, "total": 177, "test": "tests/test_combat_boundaries_v0168.cjs"}
{"kind": "gate_result", "index": 36, "test": "tests/test_task_materials_v0169.cjs", "ok": true, "returnCode": 0, "timedOut": false, "exception": null, "seconds": 29.682, "startedAt": "2026-10-10T02:57:16.216477+00:00", "endedAt": "2026-10-10T02:57:45.898501+00:00", "log": "logs/036_test_task_materials_v0169.cjs.log.gz", "logBytes": 891, "logSha256": "1b57c199209e66bd122adf67f6bf9b38972ee392b02318575dd270c611672c9a", "failureClassification": null}
{"kind": "gate_start", "index": 39, "total": 177, "test": "tests/test_control_reactions_v0168.cjs"}
{"kind": "gate_result", "index": 38, "test": "tests/test_combat_boundaries_v0168.cjs", "ok": true, "returnCode": 0, "timedOut": false, "exception": null, "seconds": 21.796, "startedAt": "2026-10-10T02:57:45.541239+00:00", "endedAt": "2026-10-10T02:58:07.337568+00:00", "log": "logs/038_test_combat_boundaries_v0168.cjs.log.gz", "logBytes": 1966, "logSha256": "29483e79c865d5ec7549789643dff5e23d5bb4385f21441e8fc67475d8d70ff6", "failureClassification": null}
{"kind": "gate_start", "index": 40, "total": 177, "test": "tests/test_gear_effects_v0168.cjs"}
{"kind": "gate_result", "index": 40, "test": "tests/test_gear_effects_v0168.cjs", "ok": true, "returnCode": 0, "timedOut": false, "exception": null, "seconds": 5.583, "startedAt": "2026-10-10T02:58:07.339091+00:00", "endedAt": "2026-10-10T02:58:12.922317+00:00", "log": "logs/040_test_gear_effects_v0168.cjs.log.gz", "logBytes": 450, "logSha256": "a237a9fa5d8b5b20f6c4f49f59249932bd73ef69e6b9ec07acb90062325219c4", "failureClassification": null}
{"kind": "gate_start", "index": 41, "total": 177, "test": "tests/test_food_economy_v0168.cjs"}
{"kind": "gate_result", "index": 39, "test": "tests/test_control_reactions_v0168.cjs", "ok": true, "returnCode": 0, "timedOut": false, "exception": null, "seconds": 46.985, "startedAt": "2026-10-10T02:57:45.899738+00:00", "endedAt": "2026-10-10T02:58:32.884601+00:00", "log": "logs/039_test_control_reactions_v0168.cjs.log.gz", "logBytes": 1281, "logSha256": "47be5b52ed2c86b32f5c7730928becb2a58c2a93fc9206a98f2d34047a4c3663", "failureClassification": null}
{"kind": "gate_start", "index": 42, "total": 177, "test": "tools/audit_economy_v0168.cjs"}
{"kind": "gate_result", "index": 42, "test": "tools/audit_economy_v0168.cjs", "ok": true, "returnCode": 0, "timedOut": false, "exception": null, "seconds": 2.12, "startedAt": "2026-10-10T02:58:32.886162+00:00", "endedAt": "2026-10-10T02:58:35.006225+00:00", "log": "logs/042_audit_economy_v0168.cjs.log.gz", "logBytes": 767, "logSha256": "a9b90d9a41414478cf81cd5b00ebecb91e7a76140ca1d93dd69390c61ac7ca3f", "failureClassification": null}
{"kind": "gate_start", "index": 43, "total": 177, "test": "tests/test_task_catalog_v0168.cjs"}
{"kind": "gate_result", "index": 43, "test": "tests/test_task_catalog_v0168.cjs", "ok": true, "returnCode": 0, "timedOut": false, "exception": null, "seconds": 1.321, "startedAt": "2026-10-10T02:58:35.007470+00:00", "endedAt": "2026-10-10T02:58:36.328355+00:00", "log": "logs/043_test_task_catalog_v0168.cjs.log.gz", "logBytes": 173, "logSha256": "365831773cf15257ec1c7b15ad6f866612eb8696fca40949c75ad1210dd7b84a", "failureClassification": null}
{"kind": "gate_start", "index": 44, "total": 177, "test": "tests/test_tasks_expanded_v0168.cjs"}
{"kind": "gate_result", "index": 41, "test": "tests/test_food_economy_v0168.cjs", "ok": true, "returnCode": 0, "timedOut": false, "exception": null, "seconds": 24.291, "startedAt": "2026-10-10T02:58:12.923814+00:00", "endedAt": "2026-10-10T02:58:37.214415+00:00", "log": "logs/041_test_food_economy_v0168.cjs.log.gz", "logBytes": 830, "logSha256": "839355da76352185b3d37104240fa99b736b576acb177f150c20944fd14eea7b", "failureClassification": null}
{"kind": "gate_start", "index": 45, "total": 177, "test": "tests/test_tasks_edge_v0168.cjs"}
{"kind": "gate_result", "index": 44, "test": "tests/test_tasks_expanded_v0168.cjs", "ok": true, "returnCode": 0, "timedOut": false, "exception": null, "seconds": 13.914, "startedAt": "2026-10-10T02:58:36.329659+00:00", "endedAt": "2026-10-10T02:58:50.243947+00:00", "log": "logs/044_test_tasks_expanded_v0168.cjs.log.gz", "logBytes": 1387, "logSha256": "0ff16a9c0d41e109504edc6b1671b93e3302be8072781c9d169da0bb6bb27f61", "failureClassification": null}
{"kind": "gate_start", "index": 46, "total": 177, "test": "tests/test_xp_pacing_v0168.cjs"}
{"kind": "gate_result", "index": 45, "test": "tests/test_tasks_edge_v0168.cjs", "ok": true, "returnCode": 0, "timedOut": false, "exception": null, "seconds": 15.214, "startedAt": "2026-10-10T02:58:37.216529+00:00", "endedAt": "2026-10-10T02:58:52.430874+00:00", "log": "logs/045_test_tasks_edge_v0168.cjs.log.gz", "logBytes": 952, "logSha256": "31e49b32ccd9358e700182a76d93bf52162c7cf8ac48729307a8c3583efbf6d2", "failureClassification": null}
{"kind": "gate_start", "index": 47, "total": 177, "test": "tests/test_coop_receipt_v0168.mjs"}
{"kind": "gate_result", "index": 47, "test": "tests/test_coop_receipt_v0168.mjs", "ok": true, "returnCode": 0, "timedOut": false, "exception": null, "seconds": 39.342, "startedAt": "2026-10-10T02:58:52.432544+00:00", "endedAt": "2026-10-10T02:59:31.774456+00:00", "log": "logs/047_test_coop_receipt_v0168.mjs.log.gz", "logBytes": 1175, "logSha256": "1a278dffdfb37332daf15d48f0fadcc1fecdff3efa80b7b51150aed5f7f18702", "failureClassification": null}
{"kind": "gate_start", "index": 48, "total": 177, "test": "tests/test_playback_pause_v0168.cjs"}
{"kind": "gate_result", "index": 48, "test": "tests/test_playback_pause_v0168.cjs", "ok": true, "returnCode": 0, "timedOut": false, "exception": null, "seconds": 0.115, "startedAt": "2026-10-10T02:59:31.775935+00:00", "endedAt": "2026-10-10T02:59:31.890671+00:00", "log": "logs/048_test_playback_pause_v0168.cjs.log.gz", "logBytes": 957, "logSha256": "7dcc330f0f521c4f86458a8f25389154ec8d8339e085cc0d5d2306a4ae01b801", "failureClassification": null}
{"kind": "gate_start", "index": 49, "total": 177, "test": "tests/test_defeat_settlement_v0166.cjs"}
{"kind": "gate_result", "index": 49, "test": "tests/test_defeat_settlement_v0166.cjs", "ok": true, "returnCode": 0, "timedOut": false, "exception": null, "seconds": 6.566, "startedAt": "2026-10-10T02:59:31.892029+00:00", "endedAt": "2026-10-10T02:59:38.457950+00:00", "log": "logs/049_test_defeat_settlement_v0166.cjs.log.gz", "logBytes": 703, "logSha256": "2e8578eb32669f9ea872b095909fda7e5e1aeb7aa2c738b425f8ba506f5f25ba", "failureClassification": null}
{"kind": "gate_start", "index": 50, "total": 177, "test": "tests/test_balance_saves_v0166.cjs"}
{"kind": "gate_result", "index": 50, "test": "tests/test_balance_saves_v0166.cjs", "ok": true, "returnCode": 0, "timedOut": false, "exception": null, "seconds": 20.118, "startedAt": "2026-10-10T02:59:38.462117+00:00", "endedAt": "2026-10-10T02:59:58.580565+00:00", "log": "logs/050_test_balance_saves_v0166.cjs.log.gz", "logBytes": 697, "logSha256": "6ad2aba6007cb16155dcaf29710ee3bbdca3f3c66d6e67ee0083825ae3243a3f", "failureClassification": null}
{"kind": "gate_start", "index": 51, "total": 177, "test": "tests/test_skill_fx_v0162.cjs"}
{"kind": "gate_result", "index": 46, "test": "tests/test_xp_pacing_v0168.cjs", "ok": true, "returnCode": 0, "timedOut": false, "exception": null, "seconds": 86.058, "startedAt": "2026-10-10T02:58:50.245346+00:00", "endedAt": "2026-10-10T03:00:16.303576+00:00", "log": "logs/046_test_xp_pacing_v0168.cjs.log.gz", "logBytes": 720, "logSha256": "d9f4879dd957652f1d13d99e804e4cef20a0756169599bfa2b972f5595d25209", "failureClassification": null}
{"kind": "gate_start", "index": 52, "total": 177, "test": "tests/test_rewards_balance_v0161.cjs"}
{"kind": "gate_result", "index": 51, "test": "tests/test_skill_fx_v0162.cjs", "ok": true, "returnCode": 0, "timedOut": false, "exception": null, "seconds": 35.628, "startedAt": "2026-10-10T02:59:58.582316+00:00", "endedAt": "2026-10-10T03:00:34.210819+00:00", "log": "logs/051_test_skill_fx_v0162.cjs.log.gz", "logBytes": 1163, "logSha256": "8dae7354ad2a01ff80a1c999977164ddc1a3681c852c4db0c993499cb02f2c16", "failureClassification": null}
{"kind": "gate_start", "index": 53, "total": 177, "test": "tests/test_growth_pacing_v0161.cjs"}
{"kind": "gate_result", "index": 52, "test": "tests/test_rewards_balance_v0161.cjs", "ok": true, "returnCode": 0, "timedOut": false, "exception": null, "seconds": 20.48, "startedAt": "2026-10-10T03:00:16.305080+00:00", "endedAt": "2026-10-10T03:00:36.785089+00:00", "log": "logs/052_test_rewards_balance_v0161.cjs.log.gz", "logBytes": 894, "logSha256": "b0fe96d33b670a5a10e964d38c828e16210f52adb719360ee6c84b4b36b4042f", "failureClassification": null}
{"kind": "gate_start", "index": 54, "total": 177, "test": "tests/test_server_coop_retry_v0161.mjs"}
{"kind": "gate_result", "index": 54, "test": "tests/test_server_coop_retry_v0161.mjs", "ok": true, "returnCode": 0, "timedOut": false, "exception": null, "seconds": 11.522, "startedAt": "2026-10-10T03:00:36.786968+00:00", "endedAt": "2026-10-10T03:00:48.308998+00:00", "log": "logs/054_test_server_coop_retry_v0161.mjs.log.gz", "logBytes": 502, "logSha256": "351c39a410e8fd5f120e34d2c18aae7b7d8c8fce87c4af7c6f3abec41f2bf063", "failureClassification": null}
{"kind": "gate_start", "index": 55, "total": 177, "test": "tests/test_osial_pattern_v0161.cjs"}
{"kind": "gate_result", "index": 55, "test": "tests/test_osial_pattern_v0161.cjs", "ok": true, "returnCode": 0, "timedOut": false, "exception": null, "seconds": 9.963, "startedAt": "2026-10-10T03:00:48.310481+00:00", "endedAt": "2026-10-10T03:00:58.273882+00:00", "log": "logs/055_test_osial_pattern_v0161.cjs.log.gz", "logBytes": 585, "logSha256": "78efed3a0e986a00faa779299220189e8414277260f0a5de734e60f7df93eaba", "failureClassification": null}
{"kind": "gate_start", "index": 56, "total": 177, "test": "tests/test_life_v0162.cjs"}
{"kind": "gate_result", "index": 53, "test": "tests/test_growth_pacing_v0161.cjs", "ok": true, "returnCode": 0, "timedOut": false, "exception": null, "seconds": 38.318, "startedAt": "2026-10-10T03:00:34.212357+00:00", "endedAt": "2026-10-10T03:01:12.530335+00:00", "log": "logs/053_test_growth_pacing_v0161.cjs.log.gz", "logBytes": 0, "logSha256": "e3b0c44298fc1c149afbf4c8996fb92427ae41e4649b934ca495991b7852b855", "failureClassification": null}
{"kind": "gate_start", "index": 57, "total": 177, "test": "tests/test_life_v010.cjs"}
{"kind": "gate_result", "index": 57, "test": "tests/test_life_v010.cjs", "ok": true, "returnCode": 0, "timedOut": false, "exception": null, "seconds": 16.522, "startedAt": "2026-10-10T03:01:12.532814+00:00", "endedAt": "2026-10-10T03:01:29.054886+00:00", "log": "logs/057_test_life_v010.cjs.log.gz", "logBytes": 236, "logSha256": "758c269fee146420233d7ab21de7481d89333a66b0b863daffcafc221436027c", "failureClassification": null}
{"kind": "gate_start", "index": 58, "total": 177, "test": "tests/test_v01525.cjs"}
{"kind": "gate_result", "index": 56, "test": "tests/test_life_v0162.cjs", "ok": true, "returnCode": 0, "timedOut": false, "exception": null, "seconds": 34.238, "startedAt": "2026-10-10T03:00:58.276541+00:00", "endedAt": "2026-10-10T03:01:32.514295+00:00", "log": "logs/056_test_life_v0162.cjs.log.gz", "logBytes": 606, "logSha256": "5acbb5602917ce0d8fcb2afda2a7574d5a9329f0f136a0953af65849daf01019", "failureClassification": null}
{"kind": "gate_start", "index": 59, "total": 177, "test": "tests/test_v01524.cjs"}
{"kind": "gate_result", "index": 59, "test": "tests/test_v01524.cjs", "ok": true, "returnCode": 0, "timedOut": false, "exception": null, "seconds": 0.115, "startedAt": "2026-10-10T03:01:32.515981+00:00", "endedAt": "2026-10-10T03:01:32.630693+00:00", "log": "logs/059_test_v01524.cjs.log.gz", "logBytes": 1254, "logSha256": "3b28a17758f544fdf10db18f1ed70cb6e7f976ea88708730f67bc246bf9dad7b", "failureClassification": null}
{"kind": "gate_start", "index": 60, "total": 177, "test": "tests/test_combat_stalemate_v01523.cjs"}
{"kind": "gate_result", "index": 60, "test": "tests/test_combat_stalemate_v01523.cjs", "ok": true, "returnCode": 0, "timedOut": false, "exception": null, "seconds": 6.097, "startedAt": "2026-10-10T03:01:32.632250+00:00", "endedAt": "2026-10-10T03:01:38.729702+00:00", "log": "logs/060_test_combat_stalemate_v01523.cjs.log.gz", "logBytes": 268, "logSha256": "52c78a217160a2f5781309f018491bb0c9b615ff491a706322edddc29022bf0d", "failureClassification": null}
{"kind": "gate_start", "index": 61, "total": 177, "test": "tests/test_tutorial_v01523.cjs"}
{"kind": "gate_result", "index": 61, "test": "tests/test_tutorial_v01523.cjs", "ok": true, "returnCode": 0, "timedOut": false, "exception": null, "seconds": 25.658, "startedAt": "2026-10-10T03:01:38.733904+00:00", "endedAt": "2026-10-10T03:02:04.392387+00:00", "log": "logs/061_test_tutorial_v01523.cjs.log.gz", "logBytes": 978, "logSha256": "0b3c9d92b07834d249a00eb69839578e571de8c3454e2b67e854436d2fb21958", "failureClassification": null}
{"kind": "gate_result", "index": 58, "test": "tests/test_v01525.cjs", "ok": true, "returnCode": 0, "timedOut": false, "exception": null, "seconds": 175.563, "startedAt": "2026-10-10T03:01:29.056767+00:00", "endedAt": "2026-10-10T03:04:24.619727+00:00", "log": "logs/058_test_v01525.cjs.log.gz", "logBytes": 2118, "logSha256": "ace37bf504c38d97aada7f068f5b5365fd6bdd11e8035915340590bb5b71fcb4", "failureClassification": null}
{"kind": "release_complete", "schemaVersion": 2, "snapshotRole": "final_original_four_source_changes", "complete": false, "paused": true, "gateCount": 177, "completed": 61, "passed": 61, "failed": 0, "inputDrift": [], "totalGateSeconds": 1545.571, "runnerWallSecondsThisSession": 843.038, "finishedAt": "2026-10-10T03:04:24.706843+00:00", "failures": []}
{"kind": "gate_start", "index": 63, "total": 177, "test": "tests/test_growth_v01522.cjs"}
{"kind": "gate_start", "index": 62, "total": 177, "test": "tests/test_tutorial_online_v01523.mjs"}
{"kind": "gate_start", "index": 64, "total": 177, "test": "tests/test_growth_online_v01522.mjs"}
{"kind": "gate_result", "index": 62, "test": "tests/test_tutorial_online_v01523.mjs", "ok": true, "returnCode": 0, "timedOut": false, "exception": null, "seconds": 9.927, "startedAt": "2026-10-10T03:05:53.366721+00:00", "endedAt": "2026-10-10T03:06:03.293500+00:00", "log": "logs/062_test_tutorial_online_v01523.mjs.log.gz", "logBytes": 5413, "logSha256": "adfc24d09d28912fff479a8b2150452eb18b980a748a2877d37af0268336f796", "failureClassification": null}
{"kind": "gate_start", "index": 65, "total": 177, "test": "tests/test_growth_balance_v01522.cjs"}
{"kind": "gate_result", "index": 64, "test": "tests/test_growth_online_v01522.mjs", "ok": true, "returnCode": 0, "timedOut": false, "exception": null, "seconds": 15.13, "startedAt": "2026-10-10T03:05:53.367583+00:00", "endedAt": "2026-10-10T03:06:08.497919+00:00", "log": "logs/064_test_growth_online_v01522.mjs.log.gz", "logBytes": 6132, "logSha256": "76a51c971d7302001e0f997c453a718f822427c2d595d64e66e80c9dcf03d549", "failureClassification": null}
{"kind": "gate_start", "index": 66, "total": 177, "test": "tests/test_durable_account.mjs"}
{"kind": "gate_result", "index": 66, "test": "tests/test_durable_account.mjs", "ok": true, "returnCode": 0, "timedOut": false, "exception": null, "seconds": 4.284, "startedAt": "2026-10-10T03:06:08.505242+00:00", "endedAt": "2026-10-10T03:06:12.788961+00:00", "log": "logs/066_test_durable_account.mjs.log.gz", "logBytes": 2184, "logSha256": "9c76241bf2256e7392e041ac2deebece8ea1cd45a92a185ed34e5a44f8855d0b", "failureClassification": null}
{"kind": "gate_start", "index": 67, "total": 177, "test": "tests/test_durable_migration.mjs"}
{"kind": "gate_result", "index": 67, "test": "tests/test_durable_migration.mjs", "ok": true, "returnCode": 0, "timedOut": false, "exception": null, "seconds": 2.532, "startedAt": "2026-10-10T03:06:12.790518+00:00", "endedAt": "2026-10-10T03:06:15.322533+00:00", "log": "logs/067_test_durable_migration.mjs.log.gz", "logBytes": 241, "logSha256": "35eca67c8e608d6a4827581646e6256637a8bb527f2168554d4163f6ad2499b9", "failureClassification": null}
{"kind": "gate_start", "index": 68, "total": 177, "test": "tests/test_online_server.mjs"}
{"kind": "gate_result", "index": 65, "test": "tests/test_growth_balance_v01522.cjs", "ok": true, "returnCode": 0, "timedOut": false, "exception": null, "seconds": 13.948, "startedAt": "2026-10-10T03:06:03.295393+00:00", "endedAt": "2026-10-10T03:06:17.243072+00:00", "log": "logs/065_test_growth_balance_v01522.cjs.log.gz", "logBytes": 495, "logSha256": "f6f15c8af5e143ed11415b0d4203051d855d61c57a268fdcb85e0c13d2e5ce19", "failureClassification": null}
{"kind": "gate_start", "index": 69, "total": 177, "test": "tests/test_authoritative_flow.mjs"}
{"kind": "gate_result", "index": 69, "test": "tests/test_authoritative_flow.mjs", "ok": true, "returnCode": 0, "timedOut": false, "exception": null, "seconds": 4.946, "startedAt": "2026-10-10T03:06:17.245063+00:00", "endedAt": "2026-10-10T03:06:22.191057+00:00", "log": "logs/069_test_authoritative_flow.mjs.log.gz", "logBytes": 3535, "logSha256": "8aed0f63246603349f5f500066a767c3edc6af177f8f06cf24409c0bf86c90f4", "failureClassification": null}
{"kind": "gate_start", "index": 70, "total": 177, "test": "tests/test_reading_checkpoint.mjs"}
{"kind": "gate_result", "index": 68, "test": "tests/test_online_server.mjs", "ok": true, "returnCode": 0, "timedOut": false, "exception": null, "seconds": 10.07, "startedAt": "2026-10-10T03:06:15.324129+00:00", "endedAt": "2026-10-10T03:06:25.394487+00:00", "log": "logs/068_test_online_server.mjs.log.gz", "logBytes": 6570, "logSha256": "6b9c1b1da9bef0a9469b4b70b0f1a37412592428a3ed2ac3700190c1c630a867", "failureClassification": null}
{"kind": "gate_start", "index": 71, "total": 177, "test": "tests/test_action_recovery.mjs"}
{"kind": "gate_result", "index": 63, "test": "tests/test_growth_v01522.cjs", "ok": true, "returnCode": 0, "timedOut": false, "exception": null, "seconds": 44.148, "startedAt": "2026-10-10T03:05:53.366933+00:00", "endedAt": "2026-10-10T03:06:37.515200+00:00", "log": "logs/063_test_growth_v01522.cjs.log.gz", "logBytes": 1668, "logSha256": "0a928adab0b7a80a14b6b376d01c82b56382475ffc6589996313646bd76fa9ff", "failureClassification": null}
{"kind": "gate_start", "index": 72, "total": 177, "test": "tests/test_update_recovery.cjs"}
{"kind": "gate_result", "index": 72, "test": "tests/test_update_recovery.cjs", "ok": true, "returnCode": 0, "timedOut": false, "exception": null, "seconds": 0.115, "startedAt": "2026-10-10T03:06:37.517236+00:00", "endedAt": "2026-10-10T03:06:37.631915+00:00", "log": "logs/072_test_update_recovery.cjs.log.gz", "logBytes": 80, "logSha256": "2fb9484e03e96dd588021d945fbb3c732c2b8e5b234f7dc72ec0643225bafcac", "failureClassification": null}
{"kind": "gate_start", "index": 73, "total": 177, "test": "tests/test_engine_identity.py"}
{"kind": "gate_result", "index": 73, "test": "tests/test_engine_identity.py", "ok": true, "returnCode": 0, "timedOut": false, "exception": null, "seconds": 0.064, "startedAt": "2026-10-10T03:06:37.633896+00:00", "endedAt": "2026-10-10T03:06:37.698378+00:00", "log": "logs/073_test_engine_identity.py.log.gz", "logBytes": 91, "logSha256": "fc637f1cb55b50ff745c23ee3652f65060ed3d80190cb582c77bb52715a80afc", "failureClassification": null}
{"kind": "gate_start", "index": 74, "total": 177, "test": "tests/test_combat_catalog_online.mjs"}
{"kind": "gate_result", "index": 70, "test": "tests/test_reading_checkpoint.mjs", "ok": true, "returnCode": 0, "timedOut": false, "exception": null, "seconds": 19.015, "startedAt": "2026-10-10T03:06:22.193070+00:00", "endedAt": "2026-10-10T03:06:41.208527+00:00", "log": "logs/070_test_reading_checkpoint.mjs.log.gz", "logBytes": 3674, "logSha256": "7c3533c5a9f26e335b3282472d9cec78fe148614af5ac42ea1193b0cb92a5caf", "failureClassification": null}
{"kind": "gate_start", "index": 75, "total": 177, "test": "tests/test_action_feedback.cjs"}
{"kind": "gate_result", "index": 75, "test": "tests/test_action_feedback.cjs", "ok": true, "returnCode": 0, "timedOut": false, "exception": null, "seconds": 0.065, "startedAt": "2026-10-10T03:06:41.210434+00:00", "endedAt": "2026-10-10T03:06:41.274993+00:00", "log": "logs/075_test_action_feedback.cjs.log.gz", "logBytes": 165, "logSha256": "28c4a17d8e6202a008c4736c3439a11edfe813fb75b036c8b1c8743ec08fdc58", "failureClassification": null}
{"kind": "gate_start", "index": 76, "total": 177, "test": "tests/test_online_bootstrap_v01343.cjs"}
{"kind": "gate_result", "index": 76, "test": "tests/test_online_bootstrap_v01343.cjs", "ok": true, "returnCode": 0, "timedOut": false, "exception": null, "seconds": 0.071, "startedAt": "2026-10-10T03:06:41.276959+00:00", "endedAt": "2026-10-10T03:06:41.348159+00:00", "log": "logs/076_test_online_bootstrap_v01343.cjs.log.gz", "logBytes": 96, "logSha256": "3d0517f56c7950c27b11016b1fc28d3721288314ff0f02a5cb9ad52fc2c13ffe", "failureClassification": null}
{"kind": "gate_start", "index": 77, "total": 177, "test": "tests/test_online_title_v01344.cjs"}
{"kind": "gate_result", "index": 74, "test": "tests/test_combat_catalog_online.mjs", "ok": true, "returnCode": 0, "timedOut": false, "exception": null, "seconds": 4.191, "startedAt": "2026-10-10T03:06:37.700365+00:00", "endedAt": "2026-10-10T03:06:41.891716+00:00", "log": "logs/074_test_combat_catalog_online.mjs.log.gz", "logBytes": 88, "logSha256": "c145497f85070ad180932dc97e35c5fa4bb8b348ad7589bbcd4b60c3c6b41e0f", "failureClassification": null}
{"kind": "gate_start", "index": 78, "total": 177, "test": "tests/test_local_dev_config.cjs"}
