{"boss":"FB_ANEMO_HYPOSTASIS","inv":"FOUR_C0","seed":717,"policy":"REPEAT","state":"WIN","round":16,"hp":0.34427136870404046,"ko":0,"inputs":16,"revives":2,"reflections":0,"heads":0}
{"boss":"FB_ANEMO_HYPOSTASIS","inv":"FOUR_C0","seed":717,"policy":"MANUAL","state":"WIN","round":12,"hp":0.6430774096623705,"ko":0,"inputs":12,"revives":1,"reflections":0,"heads":0}
{"boss":"FB_ANEMO_HYPOSTASIS","inv":"FOUR_C0","seed":19,"policy":"REPEAT","state":"WIN","round":9,"hp":0.5612398197200917,"ko":1,"inputs":4,"revives":0,"reflections":0,"heads":0}
{"boss":"FB_ANEMO_HYPOSTASIS","inv":"FOUR_C0","seed":19,"policy":"MANUAL","state":"WIN","round":12,"hp":0.46018818692179964,"ko":0,"inputs":12,"revives":1,"reflections":0,"heads":0}
{"boss":"FB_ANEMO_HYPOSTASIS","inv":"FOUR_C0","seed":43,"policy":"REPEAT","state":"WIN","round":16,"hp":0.38507155847236496,"ko":1,"inputs":6,"revives":1,"reflections":0,"heads":0}
{"boss":"FB_ANEMO_HYPOSTASIS","inv":"FOUR_C0","seed":43,"policy":"MANUAL","state":"WIN","round":9,"hp":0.7098126037795525,"ko":0,"inputs":8,"revives":0,"reflections":0,"heads":0}
{"boss":"FB_ANEMO_HYPOSTASIS","inv":"FOUR_C6","seed":717,"policy":"REPEAT","state":"WIN","round":4,"hp":0.8831343401597217,"ko":0,"inputs":4,"revives":0,"reflections":0,"heads":0}
{"boss":"FB_ANEMO_HYPOSTASIS","inv":"FOUR_C6","seed":717,"policy":"MANUAL","state":"WIN","round":4,"hp":0.8181386890171582,"ko":0,"inputs":3,"revives":0,"reflections":0,"heads":0}
{"boss":"FB_ANEMO_HYPOSTASIS","inv":"FOUR_C6","seed":19,"policy":"REPEAT","state":"WIN","round":4,"hp":0.8670831027121056,"ko":0,"inputs":4,"revives":0,"reflections":0,"heads":0}
{"boss":"FB_ANEMO_HYPOSTASIS","inv":"FOUR_C6","seed":19,"policy":"MANUAL","state":"WIN","round":4,"hp":0.8847948129991302,"ko":0,"inputs":3,"revives":0,"reflections":0,"heads":0}
{"boss":"FB_ANEMO_HYPOSTASIS","inv":"FOUR_C6","seed":43,"policy":"REPEAT","state":"WIN","round":4,"hp":0.9270973353364435,"ko":0,"inputs":4,"revives":0,"reflections":0,"heads":0}
{"boss":"FB_ANEMO_HYPOSTASIS","inv":"FOUR_C6","seed":43,"policy":"MANUAL","state":"WIN","round":4,"hp":0.8850320234047601,"ko":0,"inputs":3,"revives":0,"reflections":0,"heads":0}
{"boss":"FB_ANEMO_HYPOSTASIS","inv":"FIVE_C0","seed":717,"policy":"REPEAT","state":"WIN","round":20,"hp":0.8315939800065912,"ko":0,"inputs":20,"revives":3,"reflections":0,"heads":0}
{"boss":"FB_ANEMO_HYPOSTASIS","inv":"FIVE_C0","seed":717,"policy":"MANUAL","state":"WIN","round":55,"hp":0.9410084587498627,"ko":0,"inputs":55,"revives":10,"reflections":0,"heads":0}
{"boss":"FB_ANEMO_HYPOSTASIS","inv":"FIVE_C0","seed":19,"policy":"REPEAT","state":"WIN","round":16,"hp":0.8585081841151269,"ko":0,"inputs":16,"revives":2,"reflections":0,"heads":0}
{"boss":"FB_ANEMO_HYPOSTASIS","inv":"FIVE_C0","seed":19,"policy":"MANUAL","state":"INPUT_LIMIT","round":81,"hp":0.9148632319015709,"ko":0,"inputs":80,"revives":15,"reflections":0,"heads":0}
{"boss":"FB_ANEMO_HYPOSTASIS","inv":"FIVE_C0","seed":43,"policy":"REPEAT","state":"WIN","round":24,"hp":0.9197517301988356,"ko":0,"inputs":24,"revives":4,"reflections":0,"heads":0}
{"boss":"FB_ANEMO_HYPOSTASIS","inv":"FIVE_C0","seed":43,"policy":"MANUAL","state":"WIN","round":55,"hp":0.872020213116555,"ko":0,"inputs":55,"revives":10,"reflections":0,"heads":0}
{"boss":"FB_CRYO_HYPOSTASIS","inv":"FOUR_C0","seed":717,"policy":"REPEAT","state":"WIN","round":15,"hp":0.5400240384615385,"ko":1,"inputs":14,"revives":0,"reflections":0,"heads":0}
{"boss":"FB_CRYO_HYPOSTASIS","inv":"FOUR_C0","seed":717,"policy":"MANUAL","state":"WIN","round":19,"hp":0.44318910256410254,"ko":1,"inputs":18,"revives":0,"reflections":0,"heads":0}
{"boss":"FB_CRYO_HYPOSTASIS","inv":"FOUR_C0","seed":19,"policy":"REPEAT","state":"WIN","round":13,"hp":0.5276041666666667,"ko":1,"inputs":12,"revives":0,"reflections":0,"heads":0}
{"boss":"FB_CRYO_HYPOSTASIS","inv":"FOUR_C0","seed":19,"policy":"MANUAL","state":"WIN","round":16,"hp":0.47299679487179486,"ko":1,"inputs":15,"revives":0,"reflections":0,"heads":0}
{"boss":"FB_CRYO_HYPOSTASIS","inv":"FOUR_C0","seed":43,"policy":"REPEAT","state":"WIN","round":15,"hp":0.512099358974359,"ko":1,"inputs":14,"revives":0,"reflections":0,"heads":0}
{"boss":"FB_CRYO_HYPOSTASIS","inv":"FOUR_C0","seed":43,"policy":"MANUAL","state":"WIN","round":15,"hp":0.6312099358974359,"ko":1,"inputs":15,"revives":0,"reflections":0,"heads":0}
{"boss":"FB_CRYO_HYPOSTASIS","inv":"FOUR_C6","seed":717,"policy":"REPEAT","state":"WIN","round":7,"hp":0.8584134615384615,"ko":0,"inputs":6,"revives":0,"reflections":0,"heads":0}
{"boss":"FB_CRYO_HYPOSTASIS","inv":"FOUR_C6","seed":717,"policy":"MANUAL","state":"WIN","round":6,"hp":0.9005208333333333,"ko":0,"inputs":6,"revives":0,"reflections":0,"heads":0}
{"boss":"FB_CRYO_HYPOSTASIS","inv":"FOUR_C6","seed":19,"policy":"REPEAT","state":"WIN","round":7,"hp":0.8524439102564103,"ko":0,"inputs":6,"revives":0,"reflections":0,"heads":0}
{"boss":"FB_CRYO_HYPOSTASIS","inv":"FOUR_C6","seed":19,"policy":"MANUAL","state":"WIN","round":6,"hp":0.8806490384615384,"ko":0,"inputs":6,"revives":0,"reflections":0,"heads":0}
{"boss":"FB_CRYO_HYPOSTASIS","inv":"FOUR_C6","seed":43,"policy":"REPEAT","state":"WIN","round":6,"hp":0.8840144230769231,"ko":0,"inputs":6,"revives":0,"reflections":0,"heads":0}
{"boss":"FB_CRYO_HYPOSTASIS","inv":"FOUR_C6","seed":43,"policy":"MANUAL","state":"WIN","round":6,"hp":0.8796073717948718,"ko":0,"inputs":6,"revives":0,"reflections":0,"heads":0}
{"boss":"FB_CRYO_HYPOSTASIS","inv":"FIVE_C0","seed":717,"policy":"REPEAT","state":"WIN","round":5,"hp":0.9283614158091146,"ko":0,"inputs":3,"revives":0,"reflections":0,"heads":0}
{"boss":"FB_CRYO_HYPOSTASIS","inv":"FIVE_C0","seed":717,"policy":"MANUAL","state":"WIN","round":5,"hp":0.9468788872554563,"ko":0,"inputs":5,"revives":0,"reflections":0,"heads":0}
{"boss":"FB_CRYO_HYPOSTASIS","inv":"FIVE_C0","seed":19,"policy":"REPEAT","state":"WIN","round":5,"hp":0.962597534773267,"ko":0,"inputs":4,"revives":0,"reflections":0,"heads":0}
{"boss":"FB_CRYO_HYPOSTASIS","inv":"FIVE_C0","seed":19,"policy":"MANUAL","state":"WIN","round":8,"hp":0.9772418862377021,"ko":0,"inputs":7,"revives":0,"reflections":0,"heads":0}
