{"name":"FIVE_DEF_C0","level":25,"map":"MAP_CHASM_DEEP","seed":717,"wins":3,"losses":0,"rounds":[13,14,13],"hp":1,"heal":[7875,9981,10403],"shield":[22615,30482,27901]}
{"name":"FIVE_DEF_C0","level":25,"map":"MAP_CHASM_DEEP","seed":925,"wins":3,"losses":0,"rounds":[15,14,26],"hp":0.027,"heal":[8240,6828,7365],"shield":[27000,19377,37207]}
{"name":"FIVE_DEF_C0","level":25,"map":"MAP_CHASM_DEEP","seed":4242,"wins":1,"losses":1,"rounds":[18,16],"hp":0,"heal":[8492,3677],"shield":[30894,21903]}
{"name":"FIVE_DEF_C2","level":25,"map":"MAP_CHASM_DEEP","seed":717,"wins":2,"losses":1,"rounds":[10,10,24],"hp":0,"heal":[5888,6683,6813],"shield":[19587,25739,27770]}
{"name":"FIVE_DEF_C2","level":25,"map":"MAP_CHASM_DEEP","seed":925,"wins":3,"losses":0,"rounds":[12,24,9],"hp":0.788,"heal":[6500,13400,6092],"shield":[19381,27997,12870]}
{"name":"FIVE_DEF_C2","level":25,"map":"MAP_CHASM_DEEP","seed":4242,"wins":1,"losses":1,"rounds":[11,31],"hp":0.32,"heal":[5879,13137],"shield":[20891,38411]}
{"name":"FOUR_HEAL_C0","level":25,"map":"MAP_CHASM_DEEP","seed":717,"wins":0,"losses":1,"rounds":[5],"hp":0,"heal":[4619],"shield":[0]}
{"name":"FOUR_HEAL_C0","level":25,"map":"MAP_CHASM_DEEP","seed":925,"wins":0,"losses":1,"rounds":[5],"hp":0,"heal":[4502],"shield":[0]}
{"name":"FOUR_HEAL_C0","level":25,"map":"MAP_CHASM_DEEP","seed":4242,"wins":0,"losses":1,"rounds":[5],"hp":0,"heal":[4472],"shield":[0]}
{"name":"FOUR_HEAL_C6","level":25,"map":"MAP_CHASM_DEEP","seed":717,"wins":0,"losses":1,"rounds":[8],"hp":0,"heal":[7346],"shield":[0]}
{"name":"FOUR_HEAL_C6","level":25,"map":"MAP_CHASM_DEEP","seed":925,"wins":0,"losses":1,"rounds":[6],"hp":0,"heal":[6487],"shield":[0]}
{"name":"FOUR_HEAL_C6","level":25,"map":"MAP_CHASM_DEEP","seed":4242,"wins":0,"losses":1,"rounds":[5],"hp":0,"heal":[5405],"shield":[0]}
{"name":"SCREEN_C0","level":25,"map":"MAP_CHASM_DEEP","seed":3,"wins":1,"losses":1,"rounds":[12,6],"hp":0,"heal":[10052,3070],"shield":[0,0]}
{"name":"SCREEN_C0","level":25,"map":"MAP_CHASM_DEEP","seed":318012461,"wins":0,"losses":1,"rounds":[14],"hp":0,"heal":[8029],"shield":[0]}
{"name":"SCREEN_C232","level":25,"map":"MAP_CHASM_DEEP","seed":3,"wins":1,"losses":1,"rounds":[8,4],"hp":0,"heal":[4633,1962],"shield":[0,0]}
{"name":"SCREEN_C232","level":25,"map":"MAP_CHASM_DEEP","seed":318012461,"wins":1,"losses":1,"rounds":[12,3],"hp":0,"heal":[8052,1297],"shield":[0,0]}
{"name":"FIVE_DEF_C0","level":25,"map":"MAP_CHASM_SURFACE","seed":717,"wins":3,"losses":0,"rounds":[4,2,4],"hp":1,"heal":[2053,1253,3565],"shield":[2643,1925,1851]}
{"name":"FIVE_DEF_C0","level":25,"map":"MAP_CHASM_SURFACE","seed":925,"wins":3,"losses":0,"rounds":[6,9,6],"hp":0.898,"heal":[1654,501,4117],"shield":[7323,4962,3850]}
{"name":"FOUR_HEAL_C6","level":25,"map":"MAP_CHASM_SURFACE","seed":717,"wins":1,"losses":1,"rounds":[9,24],"hp":0,"heal":[8224,21771],"shield":[0,0]}
{"name":"FOUR_HEAL_C6","level":25,"map":"MAP_CHASM_SURFACE","seed":925,"wins":2,"losses":1,"rounds":[6,11,7],"hp":0,"heal":[5564,10337,6630],"shield":[0,0,0]}
{"name":"FIVE_DEF_C0","level":25,"map":"MAP_LY_DETAIL_CHASM_GATE","seed":717,"wins":3,"losses":0,"rounds":[4,11,4],"hp":0.953,"heal":[1086,2674,2344],"shield":[3863,7123,3402]}
{"name":"FIVE_DEF_C0","level":25,"map":"MAP_LY_DETAIL_CHASM_GATE","seed":925,"wins":3,"losses":0,"rounds":[6,9,6],"hp":0.898,"heal":[1654,501,4117],"shield":[7323,4962,3850]}
{"name":"FOUR_HEAL_C6","level":25,"map":"MAP_LY_DETAIL_CHASM_GATE","seed":717,"wins":2,"losses":1,"rounds":[5,4,31],"hp":0.419,"heal":[9468,8061,26262],"shield":[0,0,0]}
{"name":"FOUR_HEAL_C6","level":25,"map":"MAP_LY_DETAIL_CHASM_GATE","seed":925,"wins":3,"losses":0,"rounds":[6,11,9],"hp":0.507,"heal":[5564,10337,10098],"shield":[0,0,0]}
{"name":"FIVE_DEF_C0","level":40,"domain":"TAISHAN_MANSION:40","seed":717,"wins":3,"losses":0,"rounds":[1,1,1],"hp":1,"heal":[1317,1180,1875],"shield":[0,0,0]}
{"name":"FIVE_DEF_C0","level":40,"domain":"TAISHAN_MANSION:40","seed":925,"wins":3,"losses":0,"rounds":[1,1,1],"hp":1,"heal":[1606,1864,1916],"shield":[0,0,0]}
{"name":"FIVE_DEF_C2","level":40,"domain":"TAISHAN_MANSION:40","seed":717,"wins":3,"losses":0,"rounds":[1,1,1],"hp":1,"heal":[1317,1326,688],"shield":[0,0,0]}
{"name":"FIVE_DEF_C2","level":40,"domain":"TAISHAN_MANSION:40","seed":925,"wins":3,"losses":0,"rounds":[1,1,1],"hp":1,"heal":[1606,1864,988],"shield":[0,0,0]}
{"name":"FOUR_HEAL_C0","level":40,"domain":"TAISHAN_MANSION:40","seed":717,"wins":3,"losses":0,"rounds":[3,3,3],"hp":0.915,"heal":[2731,4626,5977],"shield":[0,0,0]}
{"name":"FOUR_HEAL_C0","level":40,"domain":"TAISHAN_MANSION:40","seed":925,"wins":3,"losses":0,"rounds":[3,3,3],"hp":0.936,"heal":[3602,4028,6530],"shield":[0,0,0]}
{"name":"FOUR_HEAL_C6","level":40,"domain":"TAISHAN_MANSION:40","seed":717,"wins":3,"losses":0,"rounds":[2,3,3],"hp":0.946,"heal":[2786,5137,5169],"shield":[0,0,0]}
{"name":"FOUR_HEAL_C6","level":40,"domain":"TAISHAN_MANSION:40","seed":925,"wins":3,"losses":0,"rounds":[3,2,2],"hp":0.976,"heal":[3982,5016,5448],"shield":[0,0,0]}
{"name":"FIVE_HYBRID_C0","level":40,"domain":"TAISHAN_MANSION:40","seed":717,"wins":3,"losses":0,"rounds":[1,1,2],"hp":1,"heal":[2067,0,2185],"shield":[0,0,0]}
{"name":"FIVE_HYBRID_C0","level":40,"domain":"TAISHAN_MANSION:40","seed":925,"wins":3,"losses":0,"rounds":[1,1,1],"hp":1,"heal":[2774,2410,3009],"shield":[0,0,0]}
{"name":"FIVE_DEF_C0","level":50,"domain":"TAISHAN_MANSION:50","seed":717,"wins":3,"losses":0,"rounds":[2,2,2],"hp":1,"heal":[1451,1280,2058],"shield":[0,364,790]}
{"name":"FIVE_DEF_C0","level":50,"domain":"TAISHAN_MANSION:50","seed":925,"wins":3,"losses":0,"rounds":[2,2,2],"hp":1,"heal":[1605,1034,1767],"shield":[836,0,1671]}
{"name":"FIVE_DEF_C2","level":50,"domain":"TAISHAN_MANSION:50","seed":717,"wins":3,"losses":0,"rounds":[2,2,2],"hp":1,"heal":[1451,2267,1604],"shield":[0,1296,674]}
{"name":"FIVE_DEF_C2","level":50,"domain":"TAISHAN_MANSION:50","seed":925,"wins":3,"losses":0,"rounds":[2,2,2],"hp":1,"heal":[1605,1034,1605],"shield":[836,0,0]}
{"name":"FOUR_HEAL_C0","level":50,"domain":"TAISHAN_MANSION:50","seed":717,"wins":3,"losses":0,"rounds":[5,5,5],"hp":0.909,"heal":[4967,7565,7712],"shield":[0,0,0]}
{"name":"FOUR_HEAL_C0","level":50,"domain":"TAISHAN_MANSION:50","seed":925,"wins":3,"losses":0,"rounds":[5,5,5],"hp":0.947,"heal":[3328,9468,6312],"shield":[0,0,0]}
{"name":"FOUR_HEAL_C6","level":50,"domain":"TAISHAN_MANSION:50","seed":717,"wins":3,"losses":0,"rounds":[4,4,4],"hp":0.94,"heal":[5705,7007,8337],"shield":[0,0,0]}
{"name":"FOUR_HEAL_C6","level":50,"domain":"TAISHAN_MANSION:50","seed":925,"wins":3,"losses":0,"rounds":[3,4,3],"hp":0.917,"heal":[4220,6769,6893],"shield":[0,0,0]}
{"name":"FIVE_HYBRID_C0","level":50,"domain":"TAISHAN_MANSION:50","seed":717,"wins":3,"losses":0,"rounds":[2,2,2],"hp":1,"heal":[1941,3005,2146],"shield":[0,0,0]}
{"name":"FIVE_HYBRID_C0","level":50,"domain":"TAISHAN_MANSION:50","seed":925,"wins":3,"losses":0,"rounds":[2,2,2],"hp":0.994,"heal":[1560,2257,2429],"shield":[0,0,0]}
{"name":"FIVE_DEF_C0","level":60,"domain":"TAISHAN_MANSION:60","seed":717,"wins":3,"losses":0,"rounds":[2,2,2],"hp":1,"heal":[1640,1901,2683],"shield":[1394,1362,1412]}
{"name":"FIVE_DEF_C0","level":60,"domain":"TAISHAN_MANSION:60","seed":925,"wins":3,"losses":0,"rounds":[2,2,2],"hp":1,"heal":[2260,2256,1640],"shield":[382,2183,229]}
{"name":"FIVE_DEF_C2","level":60,"domain":"TAISHAN_MANSION:60","seed":717,"wins":3,"losses":0,"rounds":[2,2,2],"hp":1,"heal":[1640,2267,1973],"shield":[1394,1371,1422]}
{"name":"FIVE_DEF_C2","level":60,"domain":"TAISHAN_MANSION:60","seed":925,"wins":3,"losses":0,"rounds":[2,2,2],"hp":1,"heal":[2260,2218,1949],"shield":[1746,1949,624]}
{"name":"FOUR_HEAL_C0","level":60,"domain":"TAISHAN_MANSION:60","seed":717,"wins":3,"losses":0,"rounds":[5,6,6],"hp":0.957,"heal":[6204,8029,10190],"shield":[0,0,0]}
{"name":"FOUR_HEAL_C0","level":60,"domain":"TAISHAN_MANSION:60","seed":925,"wins":3,"losses":0,"rounds":[6,6,6],"hp":0.927,"heal":[5228,10348,10736],"shield":[0,0,0]}
{"name":"FOUR_HEAL_C6","level":60,"domain":"TAISHAN_MANSION:60","seed":717,"wins":3,"losses":0,"rounds":[4,4,3],"hp":0.981,"heal":[6879,7801,7153],"shield":[0,0,0]}
{"name":"FOUR_HEAL_C6","level":60,"domain":"TAISHAN_MANSION:60","seed":925,"wins":3,"losses":0,"rounds":[4,4,3],"hp":0.971,"heal":[4718,10092,5035],"shield":[0,0,0]}
{"name":"FIVE_HYBRID_C0","level":60,"domain":"TAISHAN_MANSION:60","seed":717,"wins":3,"losses":0,"rounds":[2,2,2],"hp":0.991,"heal":[2258,2406,3839],"shield":[0,0,0]}
{"name":"FIVE_HYBRID_C0","level":60,"domain":"TAISHAN_MANSION:60","seed":925,"wins":3,"losses":0,"rounds":[2,2,2],"hp":0.999,"heal":[2256,2666,3214],"shield":[0,0,0]}
